    6.858 === config b2: target 'giant bat' ===
   14.476 --- staging heal ---
   14.476     | buy healing
   14.476     | You hand over nothing and all your wounds are healed.
   14.476     | [HP=72]:
   18.098 --- inventory (pre-staging) ---
   18.099     | i
   18.099     | You are carrying 600 copper farthings, gilded robes (Torso), chain coif (Head),
   18.099     | displacer fur cloak (Back), beaded belt (Waist), violet orchid (Worn), tower
   18.099     | shield (Off-Hand), darkwood ring (Finger), wooden hammer (Weapon Hand)
   18.099     | You have no keys.
   18.099     | Wealth: 600 copper farthings
   18.099     | Encumbrance: 1171/2880 - Medium [40%]
   18.099     | [HP=72]:
   24.524 --- zero runic ---
   24.524     | /xcash 0 runic
   24.524     | [xcash] runic: 0 -> 0; type 'i' to confirm.
   27.333 --- zero platinum ---
   27.333     | /xcash 0 platinum
   27.333     | [xcash] platinum: 0 -> 0; type 'i' to confirm.
   30.138 --- zero gold ---
   30.138     | /xcash 0 gold
   30.138     | [xcash] gold: 0 -> 0; type 'i' to confirm.
   32.954 --- zero silver ---
   32.955     | /xcash 0 silver
   32.955     | [xcash] silver: 0 -> 0; type 'i' to confirm.
   35.765 --- purse ---
   35.765     | /xcash 600 copper
   35.765     | [xcash] copper: 600 -> 600; type 'i' to confirm.
   39.380 --- STATS (accuracy inputs) ---
   39.381     | st
   39.381     | Name: Oracle Delver                    Lives/CP:      7/120
   39.381     | Race: Dwarf       Exp: 9700            Perception:     35
   39.381     | Class: Warrior    Level: 3             Stealth:         0
   39.381     | Hits:    72/72    Armour Class:  19/1  Thievery:        0
   39.381     |                                        Traps:           0
   39.381     |                                        Picklocks:       0
   39.381     | Strength:  50     Agility: 30          Tracking:        0
   39.381     | Intellect: 30     Health:  50          Martial Arts:   15
   39.381     | Willpower: 50     Charm:   30          MagicRes:       55
   39.381     | [HP=72]:
   42.997 --- INVENTORY (encumbrance) ---
   42.997     | i
   42.997     | You are carrying 600 copper farthings, gilded robes (Torso), chain coif (Head),
   42.998     | displacer fur cloak (Back), beaded belt (Waist), violet orchid (Worn), tower
   42.998     | shield (Off-Hand), darkwood ring (Finger), wooden hammer (Weapon Hand)
   42.998     | You have no keys.
   42.998     | Wealth: 600 copper farthings
   42.998     | Encumbrance: 1171/2880 - Medium [40%]
   42.998     | [HP=72]:
   42.999 ENCUMBRANCE 1171/2880 = 40%
   42.999 level 3, ratings -9, skill -9, accuracy 21, floor(acc/8) = 2, predicted parry 0.95
   42.999 predicted to-hit vs giant bat (AC 10): port as written = 0.6666666666666666, if template ac needs /10 = 0.98989898989899
   43.000 max HP 72; fight floor 21, sweep floor 50
   62.288 === engaging giant bat in room 1453 ===
   66.714 PROGRESS 0
   71.452   miss  | You swing at giant bat!
   76.198   dodge | You swing at giant bat who dodges your attack!
   80.941   dodge | You swing at giant bat who dodges your attack!
   85.659   miss  | You swing at giant bat!
   91.609   dodge | You swing at giant bat who dodges your attack!
   96.354   dodge | You swing at giant bat who dodges your attack!
  113.970 target gone - relocating
  120.261 room 1454: dark cultist present - leaving
  120.262 === heal cycle ===
  127.918 --- buy healing ---
  127.918     | buy healing
  127.918     | You hand over 48 copper farthings and all your wounds are healed.
  127.918     | [HP=72]:
  127.919 HP after healing = 72
  130.729 --- refill purse ---
  130.729     | /xcash 600 copper
  130.729     | [xcash] copper: 552 -> 600; type 'i' to confirm.
  130.729 returning to the bat in room 1453
  137.169 target no longer there; resuming the sweep
  143.503 room 1455: dark cultist present - leaving
  149.928 room 1456: grey spider present - leaving
  156.182 room 1457: dark cultist present - leaving
  156.183 === heal cycle ===
  163.823 --- buy healing ---
  163.823     | buy healing
  163.823     | You hand over 48 copper farthings and all your wounds are healed.
  163.823     | [HP=72]:
  163.824 HP after healing = 72
  166.637 --- refill purse ---
  166.637     | /xcash 600 copper
  166.637     | [xcash] copper: 552 -> 600; type 'i' to confirm.
  211.636 room 1464: dark priest present - leaving
  243.661 room 1469: grey spider present - leaving
  250.107 === heal cycle ===
  257.739 --- buy healing ---
  257.740     | buy healing
  257.740     | You hand over 68 copper farthings and all your wounds are healed.
  257.740     | [HP=72]:
  257.741 HP after healing = 72
  260.554 --- refill purse ---
  260.554     | /xcash 600 copper
  260.554     | [xcash] copper: 532 -> 600; type 'i' to confirm.
  292.698 room 1475: dark cleric present - leaving
  343.975 room 1484: dark cultist present - leaving
  376.063 === engaging giant bat in room 1489 ===
  380.692 PROGRESS 6/100 {'hit': 0, 'glance': 0, 'dodge': 4, 'miss': 2, 'novel': 0} connect=0.667
  384.217   dodge | You swing at giant bat who dodges your attack!
  389.006   glance| Your swing at giant bat hits, but glances off its armour.
  393.743   miss  | You swing at giant bat!
  399.701   dodge | You swing at giant bat who dodges your attack!
  404.439   dodge | You swing at giant bat who dodges your attack!
  410.375   dodge | You swing at giant bat who dodges your attack!
  415.093   dodge | You swing at giant bat who dodges your attack!
  419.838   dodge | You swing at giant bat who dodges your attack!
  424.551   miss  | You swing at giant bat!
  430.505   miss  | You swing at giant bat!
  435.249   dodge | You swing at giant bat who dodges your attack!
  441.142 PROGRESS 17/100 {'hit': 0, 'glance': 1, 'dodge': 11, 'miss': 5, 'novel': 0} connect=0.706
  454.040 target gone - relocating
  479.767 room 1493: grey spider present - leaving
  486.199 === heal cycle ===
  493.839 --- buy healing ---
  493.840     | buy healing
  493.840     | You hand over 54 copper farthings and all your wounds are healed.
  493.840     | [HP=72]:
  493.841 HP after healing = 72
  496.654 --- refill purse ---
  496.654     | /xcash 600 copper
  496.654     | [xcash] copper: 546 -> 600; type 'i' to confirm.
  496.654 returning to the bat in room 1489
  503.091 target no longer there; resuming the sweep
  516.114 === engaging giant bat in room 1496 ===
  520.540 PROGRESS 17/100 {'hit': 0, 'glance': 1, 'dodge': 11, 'miss': 5, 'novel': 0} connect=0.706
  523.152   dodge | You swing at giant bat who dodges your attack!
  527.856   dodge | You swing at giant bat who dodges your attack!
  532.579   dodge | You swing at giant bat who dodges your attack!
  537.277   dodge | You swing at giant bat who dodges your attack!
  543.214   dodge | You swing at giant bat who dodges your attack!
  547.937   dodge | You swing at giant bat who dodges your attack!
  552.666   dodge | You swing at giant bat who dodges your attack!
  558.609   dodge | You swing at giant bat who dodges your attack!
  563.331   dodge | You swing at giant bat who dodges your attack!
  569.261   dodge | You swing at giant bat who dodges your attack!
  573.997   dodge | You swing at giant bat who dodges your attack!
  578.721   dodge | You swing at giant bat who dodges your attack!
  581.142 PROGRESS 29/100 {'hit': 0, 'glance': 1, 'dodge': 23, 'miss': 5, 'novel': 0} connect=0.828
  584.635   dodge | You swing at giant bat who dodges your attack!
  589.360   miss  | You swing at giant bat!
  594.088   miss  | You swing at giant bat!
  598.806   dodge | You swing at giant bat who dodges your attack!
  604.749   dodge | You swing at giant bat who dodges your attack!
  609.453   miss  | You swing at giant bat!
  614.179   dodge | You swing at giant bat who dodges your attack!
  620.147   miss  | You swing at giant bat!
  624.869   miss  | You swing at giant bat!
  630.803   dodge | You swing at giant bat who dodges your attack!
  635.523   dodge | You swing at giant bat who dodges your attack!
  640.260   dodge | You swing at giant bat who dodges your attack!
  641.471 PROGRESS 41/100 {'hit': 0, 'glance': 1, 'dodge': 30, 'miss': 10, 'novel': 0} connect=0.756
  646.187   dodge | You swing at giant bat who dodges your attack!
  650.944   dodge | You swing at giant bat who dodges your attack!
  655.672   miss  | You swing at giant bat!
  661.583   dodge | You swing at giant bat who dodges your attack!
  666.311   dodge | You swing at giant bat who dodges your attack!
  671.040   dodge | You swing at giant bat who dodges your attack!
  676.967   dodge | You swing at giant bat who dodges your attack!
  681.704   dodge | You swing at giant bat who dodges your attack!
  686.398   dodge | You swing at giant bat who dodges your attack!
  691.123   miss  | You swing at giant bat!
  697.028   miss  | You swing at giant bat!
  701.756   miss  | You swing at giant bat!
  701.756 PROGRESS 53/100 {'hit': 0, 'glance': 1, 'dodge': 38, 'miss': 14, 'novel': 0} connect=0.736
  707.687   dodge | You swing at giant bat who dodges your attack!
  712.399   dodge | You swing at giant bat who dodges your attack!
  717.103   dodge | You swing at giant bat who dodges your attack!
  721.822   dodge | You swing at giant bat who dodges your attack!
  727.974   dodge | You swing at giant bat who dodges your attack!
  732.706   dodge | You swing at giant bat who dodges your attack!
  738.613   dodge | You swing at giant bat who dodges your attack!
  743.342   dodge | You swing at giant bat who dodges your attack!
  761.011 target gone - relocating
  761.011 === heal cycle ===
  768.637 --- buy healing ---
  768.638     | buy healing
  768.638     | You hand over 100 copper farthings and all your wounds are healed.
  768.638     | [HP=72]:
  768.640 HP after healing = 72
  771.450 --- refill purse ---
  771.450     | /xcash 600 copper
  771.450     | [xcash] copper: 500 -> 600; type 'i' to confirm.
  771.450 returning to the bat in room 1496
  777.878 target no longer there; resuming the sweep
  790.750 room 1498: grey spider present - leaving
  822.922 room 1503: grey spider present - leaving
  848.636 === engaging giant bat in room 1507 ===
  853.059 PROGRESS 61/100 {'hit': 0, 'glance': 1, 'dodge': 46, 'miss': 14, 'novel': 0} connect=0.770
  855.663   dodge | You swing at giant bat who dodges your attack!
  860.358   dodge | You swing at giant bat who dodges your attack!
  866.274   dodge | You swing at giant bat who dodges your attack!
  870.998   miss  | You swing at giant bat!
  876.930   dodge | You swing at giant bat who dodges your attack!
  881.661   miss  | You swing at giant bat!
  886.385   dodge | You swing at giant bat who dodges your attack!
  892.332   miss  | You swing at giant bat!
  897.047   dodge | You swing at giant bat who dodges your attack!
  901.777   dodge | You swing at giant bat who dodges your attack!
  906.499   dodge | You swing at giant bat who dodges your attack!
  912.439   dodge | You swing at giant bat who dodges your attack!
  913.650 PROGRESS 73/100 {'hit': 0, 'glance': 1, 'dodge': 55, 'miss': 17, 'novel': 0} connect=0.767
  917.165   miss  | You swing at giant bat!
  923.132   dodge | You swing at giant bat who dodges your attack!
  927.830   dodge | You swing at giant bat who dodges your attack!
  932.558   dodge | You swing at giant bat who dodges your attack!
  937.294   miss  | You swing at giant bat!
  943.254   dodge | You swing at giant bat who dodges your attack!
  947.972   dodge | You swing at giant bat who dodges your attack!
  952.697   miss  | You swing at giant bat!
  958.635   glance| Your swing at giant bat hits, but glances off its armour.
  963.365   dodge | You swing at giant bat who dodges your attack!
  968.089   dodge | You swing at giant bat who dodges your attack!
  974.028   dodge | You swing at giant bat who dodges your attack!
  974.028 PROGRESS 85/100 {'hit': 0, 'glance': 2, 'dodge': 63, 'miss': 20, 'novel': 0} connect=0.765
  978.753   miss  | You swing at giant bat!
  983.476   dodge | You swing at giant bat who dodges your attack!
  989.415   dodge | You swing at giant bat who dodges your attack!
  994.145   dodge | You swing at giant bat who dodges your attack!
  998.865   dodge | You swing at giant bat who dodges your attack!
 1004.808   glance| Your swing at giant bat hits, but glances off its armour.
 1009.532   dodge | You swing at giant bat who dodges your attack!
 1014.256   dodge | You swing at giant bat who dodges your attack!
 1015.470 === heal cycle ===
 1023.102 --- buy healing ---
 1023.102     | *Combat Off*
 1023.102     | [HP=20]:buy healing
 1023.102     | You hand over 104 copper farthings and all your wounds are healed.
 1023.102     | [HP=72]:
 1023.104 HP after healing = 72
 1025.917 --- refill purse ---
 1025.917     | /xcash 600 copper
 1025.917     | [xcash] copper: 496 -> 600; type 'i' to confirm.
 1025.917 returning to the bat in room 1507
 1036.822 PROGRESS 93/100 {'hit': 0, 'glance': 3, 'dodge': 69, 'miss': 21, 'novel': 0} connect=0.774
 1040.341   miss  | You swing at giant bat!
 1046.279   dodge | You swing at giant bat who dodges your attack!
 1050.975   dodge | You swing at giant bat who dodges your attack!
 1055.679   dodge | You swing at giant bat who dodges your attack!
 1061.607   dodge | You swing at giant bat who dodges your attack!
 1066.348   miss  | You swing at giant bat!
 1071.072   miss  | You swing at giant bat!
 1071.072 === DONE: 100 swings {'hit': 0, 'glance': 3, 'dodge': 73, 'miss': 24, 'novel': 0} ===
 1071.072 connect (glance+hit) = 76/100 = 0.7600
 1077.004 --- logout ---
 1077.004     | x
 1077.004     | *Combat Off*
 1077.004     | [HP=63]:You will exit after a period of silent meditation.
 1077.004     | ..........Your meditation has been interrupted - you may not exit now!
 1077.004     | [HP=63]:The giant bat snaps at you with its teeth!
 1077.004     | [HP=63]:The giant bat snaps at you with its teeth!
 1077.004     | [HP=63]:[HP=64]:
 1077.004 done
