   10.482 --- stats ---
   10.482     | st
   10.482     | Name: Bard Minstrel                    Lives/CP:      2/220
   10.482     | Race: Human       Exp: 400000          Perception:     40
   10.482     | Class: Bard       Level: 12            Stealth:        65
   10.482     | Hits:    83/83    Armour Class:   0/0  Thievery:       68
   10.482     | Mana:    54/54    Spellcasting: 60     Traps:          70
   10.482     |                                        Picklocks:      57
   10.482     | Strength:  40     Agility: 40          Tracking:        0
   10.482     | Intellect: 40     Health:  40          Martial Arts:   15
   10.482     | Willpower: 40     Charm:   40          MagicRes:       40
   10.482     | [HP=83/MA=54]:
   10.483 entry level 12
   14.092 --- purse for training ---
   14.092     | /xcash 500000 copper
   14.092     | [xcash] copper: 0 -> 500000; type 'i' to confirm.
   17.702 --- grant exp (no-op if capped) ---
   17.702     | /xexp 25000
   17.702     | You gain 25000 experience.
   17.702     | [HP=83/MA=54]:
   17.702     | [xexp] granted 25000 experience via _ADD_EXPERIENCE.
   21.311 --- to healer ---
   21.311     | /xgoto 2190 1
   21.311     | [xgoto] 1/520 -> 1/2190; type 'look'.
   25.729 --- heal to full ---
   25.729     | buy healing
   25.729     | You hand over nothing and all your wounds are healed.
   25.729     | [HP=83/MA=54]:
   29.339 --- max-hp check ---
   29.339     | st
   29.339     | Name: Bard Minstrel                    Lives/CP:      2/220
   29.339     | Race: Human       Exp: 425000          Perception:     40
   29.339     | Class: Bard       Level: 12            Stealth:        65
   29.339     | Hits:    83/83    Armour Class:   0/0  Thievery:       68
   29.339     | Mana:    54/54    Spellcasting: 60     Traps:          70
   29.339     |                                        Picklocks:      57
   29.339     | Strength:  40     Agility: 40          Tracking:        0
   29.339     | Intellect: 40     Health:  40          Martial Arts:   15
   29.339     | Willpower: 40     Charm:   40          MagicRes:       40
   29.339     | [HP=83/MA=54]:
   36.952 --- train burst ---
   36.952     | /xgoto 289 1
   36.952     | [xgoto] 1/2190 -> 1/289; type 'look'.
   36.952     | train
   36.952     | You do not have the required experience to train yet!
   36.952     | [HP=83/MA=54]:/xgoto 2190 1
   36.952     | [xgoto] 1/289 -> 1/2190; type 'look'.
   40.562 --- stats ---
   40.562     | st
   40.562     | Name: Bard Minstrel                    Lives/CP:      2/220
   40.562     | Race: Human       Exp: 425000          Perception:     40
   40.562     | Class: Bard       Level: 12            Stealth:        65
   40.562     | Hits:    83/83    Armour Class:   0/0  Thievery:       68
   40.562     | Mana:    54/54    Spellcasting: 60     Traps:          70
   40.562     |                                        Picklocks:      57
   40.562     | Strength:  40     Agility: 40          Tracking:        0
   40.562     | Intellect: 40     Health:  40          Martial Arts:   15
   40.562     | Willpower: 40     Charm:   40          MagicRes:       40
   40.562     | [HP=83/MA=54]:
   40.562 level now 12
   44.172 --- top up exp (stall-proof) ---
   44.172     | /xexp 25000
   44.172     | You gain 25000 experience.
   44.172     | [HP=83/MA=54]:
   44.172     | [xexp] granted 25000 experience via _ADD_EXPERIENCE.
   47.786 --- refill purse (stall-proof) ---
   47.786     | /xcash 500000 copper
   47.786     | [xcash] copper: 500000 -> 500000; type 'i' to confirm.
   51.396 --- to healer ---
   51.396     | /xgoto 2190 1
   51.396     | [xgoto] 1/2190 -> 1/2190; type 'look'.
   55.808 --- heal to full ---
   55.808     | buy healing
   55.808     | You hand over nothing and all your wounds are healed.
   55.808     | [HP=83/MA=54]:
   59.419 --- max-hp check ---
   59.419     | st
   59.419     | Name: Bard Minstrel                    Lives/CP:      2/220
   59.419     | Race: Human       Exp: 450000          Perception:     40
   59.419     | Class: Bard       Level: 12            Stealth:        65
   59.419     | Hits:    83/83    Armour Class:   0/0  Thievery:       68
   59.419     | Mana:    54/54    Spellcasting: 60     Traps:          70
   59.419     |                                        Picklocks:      57
   59.419     | Strength:  40     Agility: 40          Tracking:        0
   59.419     | Intellect: 40     Health:  40          Martial Arts:   15
   59.419     | Willpower: 40     Charm:   40          MagicRes:       40
   59.419     | [HP=83/MA=54]:
   67.040 --- train burst ---
   67.040     | /xgoto 289 1
   67.040     | [xgoto] 1/2190 -> 1/289; type 'look'.
   67.040     | train
   67.040     | You do not have the required experience to train yet!
   67.040     | [HP=83/MA=54]:/xgoto 2190 1
   67.040     | [xgoto] 1/289 -> 1/2190; type 'look'.
   70.648 --- stats ---
   70.648     | st
   70.648     | Name: Bard Minstrel                    Lives/CP:      2/220
   70.648     | Race: Human       Exp: 450000          Perception:     40
   70.648     | Class: Bard       Level: 12            Stealth:        65
   70.648     | Hits:    83/83    Armour Class:   0/0  Thievery:       68
   70.648     | Mana:    54/54    Spellcasting: 60     Traps:          70
   70.648     |                                        Picklocks:      57
   70.648     | Strength:  40     Agility: 40          Tracking:        0
   70.648     | Intellect: 40     Health:  40          Martial Arts:   15
   70.648     | Willpower: 40     Charm:   40          MagicRes:       40
   70.648     | [HP=83/MA=54]:
   70.648 level now 12
   74.256 --- top up exp (stall-proof) ---
   74.256     | /xexp 25000
   74.256     | You gain 25000 experience.
   74.256     | [HP=83/MA=54]:
   74.256     | [xexp] granted 25000 experience via _ADD_EXPERIENCE.
   77.866 --- refill purse (stall-proof) ---
   77.866     | /xcash 500000 copper
   77.866     | [xcash] copper: 500000 -> 500000; type 'i' to confirm.
   81.476 --- to healer ---
   81.476     | /xgoto 2190 1
   81.476     | [xgoto] 1/2190 -> 1/2190; type 'look'.
   85.888 --- heal to full ---
   85.888     | buy healing
   85.888     | You hand over nothing and all your wounds are healed.
   85.888     | [HP=83/MA=54]:
   89.498 --- max-hp check ---
   89.499     | st
   89.499     | Name: Bard Minstrel                    Lives/CP:      2/220
   89.499     | Race: Human       Exp: 475000          Perception:     40
   89.499     | Class: Bard       Level: 12            Stealth:        65
   89.499     | Hits:    83/83    Armour Class:   0/0  Thievery:       68
   89.499     | Mana:    54/54    Spellcasting: 60     Traps:          70
   89.499     |                                        Picklocks:      57
   89.499     | Strength:  40     Agility: 40          Tracking:        0
   89.499     | Intellect: 40     Health:  40          Martial Arts:   15
   89.499     | Willpower: 40     Charm:   40          MagicRes:       40
   89.499     | [HP=83/MA=54]:
   97.114 --- train burst ---
   97.114     | /xgoto 289 1
   97.114     | [xgoto] 1/2190 -> 1/289; type 'look'.
   97.114     | train
   97.114     | You do not have the required experience to train yet!
   97.114     | [HP=83/MA=54]:/xgoto 2190 1
   97.114     | [xgoto] 1/289 -> 1/2190; type 'look'.
  100.724 --- stats ---
  100.724     | st
  100.724     | Name: Bard Minstrel                    Lives/CP:      2/220
  100.724     | Race: Human       Exp: 475000          Perception:     40
  100.724     | Class: Bard       Level: 12            Stealth:        65
  100.724     | Hits:    83/83    Armour Class:   0/0  Thievery:       68
  100.724     | Mana:    54/54    Spellcasting: 60     Traps:          70
  100.724     |                                        Picklocks:      57
  100.724     | Strength:  40     Agility: 40          Tracking:        0
  100.724     | Intellect: 40     Health:  40          Martial Arts:   15
  100.724     | Willpower: 40     Charm:   40          MagicRes:       40
  100.724     | [HP=83/MA=54]:
  100.725 level now 12
  104.334 --- top up exp (stall-proof) ---
  104.334     | /xexp 25000
  104.334     | You gain 25000 experience.
  104.334     | [HP=83/MA=54]:
  104.334     | [xexp] granted 25000 experience via _ADD_EXPERIENCE.
  107.944 --- refill purse (stall-proof) ---
  107.944     | /xcash 500000 copper
  107.944     | [xcash] copper: 500000 -> 500000; type 'i' to confirm.
  111.562 --- to healer ---
  111.562     | /xgoto 2190 1
  111.562     | [xgoto] 1/2190 -> 1/2190; type 'look'.
  115.976 --- heal to full ---
  115.976     | buy healing
  115.976     | You hand over nothing and all your wounds are healed.
  115.976     | [HP=83/MA=54]:
  119.586 --- max-hp check ---
  119.586     | st
  119.586     | Name: Bard Minstrel                    Lives/CP:      2/220
  119.586     | Race: Human       Exp: 500000          Perception:     40
  119.586     | Class: Bard       Level: 12            Stealth:        65
  119.586     | Hits:    83/83    Armour Class:   0/0  Thievery:       68
  119.586     | Mana:    54/54    Spellcasting: 60     Traps:          70
  119.586     |                                        Picklocks:      57
  119.586     | Strength:  40     Agility: 40          Tracking:        0
  119.587     | Intellect: 40     Health:  40          Martial Arts:   15
  119.587     | Willpower: 40     Charm:   40          MagicRes:       40
  119.587     | [HP=83/MA=54]:
  127.266 --- train burst ---
  127.266     | /xgoto 289 1
  127.266     | [xgoto] 1/2190 -> 1/289; type 'look'.
  127.266     | The river bashes you up against some rocks!
  127.266     | train
  127.266     | You do not have the required experience to train yet!
  127.266     | [HP=65/MA=54]:/xgoto 2190 1
  127.266     | [xgoto] 1/289 -> 1/2190; type 'look'.
  127.266     | [HP=66/MA=54]:
  130.877 --- stats ---
  130.877     | st
  130.877     | Name: Bard Minstrel                    Lives/CP:      2/220
  130.877     | Race: Human       Exp: 500000          Perception:     40
  130.877     | Class: Bard       Level: 12            Stealth:        65
  130.877     | Hits:    66/83    Armour Class:   0/0  Thievery:       68
  130.877     | Mana:    54/54    Spellcasting: 60     Traps:          70
  130.877     |                                        Picklocks:      57
  130.877     | Strength:  40     Agility: 40          Tracking:        0
  130.877     | Intellect: 40     Health:  40          Martial Arts:   15
  130.877     | Willpower: 40     Charm:   40          MagicRes:       40
  130.877     | [HP=66/MA=54]:
  130.877 level now 12
  134.488 --- top up exp (stall-proof) ---
  134.488     | /xexp 25000
  134.489     | You gain 25000 experience.
  134.489     | [HP=66/MA=54]:
  134.489     | [xexp] granted 25000 experience via _ADD_EXPERIENCE.
  138.099 --- refill purse (stall-proof) ---
  138.099     | /xcash 500000 copper
  138.099     | [xcash] copper: 500000 -> 500000; type 'i' to confirm.
  141.709 --- to healer ---
  141.709     | /xgoto 2190 1
  141.709     | [xgoto] 1/2190 -> 1/2190; type 'look'.
  146.122 --- heal to full ---
  146.122     | buy healing
  146.122     | You hand over 34 copper farthings and all your wounds are healed.
  146.122     | [HP=83/MA=54]:
  149.733 --- max-hp check ---
  149.733     | st
  149.733     | Name: Bard Minstrel                    Lives/CP:      2/220
  149.733     | Race: Human       Exp: 525000          Perception:     40
  149.733     | Class: Bard       Level: 12            Stealth:        65
  149.733     | Hits:    83/83    Armour Class:   0/0  Thievery:       68
  149.733     | Mana:    54/54    Spellcasting: 60     Traps:          70
  149.733     |                                        Picklocks:      57
  149.733     | Strength:  40     Agility: 40          Tracking:        0
  149.733     | Intellect: 40     Health:  40          Martial Arts:   15
  149.733     | Willpower: 40     Charm:   40          MagicRes:       40
  149.733     | [HP=83/MA=54]:
  157.166 --- train burst ---
  157.166     | /xgoto 289 1
  157.166     | [xgoto] 1/2190 -> 1/289; type 'look'.
  157.166     | The river bashes you up against some rocks!
  157.166     | train
  157.166     | You do not have the required experience to train yet!
  157.166     | [HP=70/MA=54]:/xgoto 2190 1
  157.166     | [xgoto] 1/289 -> 1/2190; type 'look'.
  157.166     | [HP=71/MA=54]:
  160.778 --- stats ---
  160.778     | st
  160.778     | Name: Bard Minstrel                    Lives/CP:      2/220
  160.778     | Race: Human       Exp: 525000          Perception:     40
  160.778     | Class: Bard       Level: 12            Stealth:        65
  160.778     | Hits:    71/83    Armour Class:   0/0  Thievery:       68
  160.778     | Mana:    54/54    Spellcasting: 60     Traps:          70
  160.778     |                                        Picklocks:      57
  160.778     | Strength:  40     Agility: 40          Tracking:        0
  160.778     | Intellect: 40     Health:  40          Martial Arts:   15
  160.778     | Willpower: 40     Charm:   40          MagicRes:       40
  160.778     | [HP=71/MA=54]:
  160.778 level now 12
  164.390 --- top up exp (stall-proof) ---
  164.390     | /xexp 25000
  164.390     | You gain 25000 experience.
  164.390     | [HP=71/MA=54]:
  164.390     | [xexp] granted 25000 experience via _ADD_EXPERIENCE.
  168.001 --- refill purse (stall-proof) ---
  168.001     | /xcash 500000 copper
  168.001     | [xcash] copper: 499966 -> 500000; type 'i' to confirm.
  171.611 --- to healer ---
  171.611     | /xgoto 2190 1
  171.611     | [xgoto] 1/2190 -> 1/2190; type 'look'.
  176.026 --- heal to full ---
  176.026     | buy healing
  176.026     | You hand over 24 copper farthings and all your wounds are healed.
  176.026     | [HP=83/MA=54]:
  179.633 --- max-hp check ---
  179.634     | st
  179.634     | Name: Bard Minstrel                    Lives/CP:      2/220
  179.634     | Race: Human       Exp: 550000          Perception:     40
  179.634     | Class: Bard       Level: 12            Stealth:        65
  179.634     | Hits:    83/83    Armour Class:   0/0  Thievery:       68
  179.636     | Mana:    54/54    Spellcasting: 60     Traps:          70
  179.636     |                                        Picklocks:      57
  179.636     | Strength:  40     Agility: 40          Tracking:        0
  179.636     | Intellect: 40     Health:  40          Martial Arts:   15
  179.636     | Willpower: 40     Charm:   40          MagicRes:       40
  179.636     | [HP=83/MA=54]:
  187.113 --- train burst ---
  187.113     | /xgoto 289 1
  187.113     | [xgoto] 1/2190 -> 1/289; type 'look'.
  187.113     | The river bashes you up against some rocks!
  187.113     | train
  187.113     | You do not have the required experience to train yet!
  187.113     | [HP=73/MA=54]:/xgoto 2190 1
  187.113     | [xgoto] 1/289 -> 1/2190; type 'look'.
  187.113     | [HP=74/MA=54]:
  190.723 --- stats ---
  190.723     | st
  190.723     | Name: Bard Minstrel                    Lives/CP:      2/220
  190.723     | Race: Human       Exp: 550000          Perception:     40
  190.723     | Class: Bard       Level: 12            Stealth:        65
  190.723     | Hits:    74/83    Armour Class:   0/0  Thievery:       68
  190.723     | Mana:    54/54    Spellcasting: 60     Traps:          70
  190.723     |                                        Picklocks:      57
  190.723     | Strength:  40     Agility: 40          Tracking:        0
  190.723     | Intellect: 40     Health:  40          Martial Arts:   15
  190.723     | Willpower: 40     Charm:   40          MagicRes:       40
  190.723     | [HP=74/MA=54]:
  190.723 level now 12
  194.334 --- top up exp (stall-proof) ---
  194.334     | /xexp 25000
  194.334     | You gain 25000 experience.
  194.334     | [HP=74/MA=54]:
  194.334     | [xexp] granted 25000 experience via _ADD_EXPERIENCE.
  197.941 --- refill purse (stall-proof) ---
  197.941     | /xcash 500000 copper
  197.941     | [xcash] copper: 499976 -> 500000; type 'i' to confirm.
  201.552 --- to healer ---
  201.552     | /xgoto 2190 1
  201.552     | [xgoto] 1/2190 -> 1/2190; type 'look'.
  205.964 --- heal to full ---
  205.964     | buy healing
  205.964     | You hand over 18 copper farthings and all your wounds are healed.
  205.964     | [HP=83/MA=54]:
  209.576 --- max-hp check ---
  209.577     | st
  209.577     | Name: Bard Minstrel                    Lives/CP:      2/220
  209.577     | Race: Human       Exp: 575000          Perception:     40
  209.577     | Class: Bard       Level: 12            Stealth:        65
  209.577     | Hits:    83/83    Armour Class:   0/0  Thievery:       68
  209.577     | Mana:    54/54    Spellcasting: 60     Traps:          70
  209.577     |                                        Picklocks:      57
  209.577     | Strength:  40     Agility: 40          Tracking:        0
  209.577     | Intellect: 40     Health:  40          Martial Arts:   15
  209.577     | Willpower: 40     Charm:   40          MagicRes:       40
  209.577     | [HP=83/MA=54]:
  217.089 --- train burst ---
  217.089     | /xgoto 289 1
  217.089     | [xgoto] 1/2190 -> 1/289; type 'look'.
  217.089     | train
  217.089     | You do not have the required experience to train yet!
  217.089     | [HP=83/MA=54]:The river bashes you up against some rocks!
  217.089     | /xgoto 2190 1
  217.089     | [xgoto] 1/289 -> 1/2190; type 'look'.
  217.089     | [HP=66/MA=54]:
  220.699 --- stats ---
  220.699     | st
  220.699     | Name: Bard Minstrel                    Lives/CP:      2/220
  220.699     | Race: Human       Exp: 575000          Perception:     40
  220.699     | Class: Bard       Level: 12            Stealth:        65
  220.699     | Hits:    66/83    Armour Class:   0/0  Thievery:       68
  220.699     | Mana:    54/54    Spellcasting: 60     Traps:          70
  220.699     |                                        Picklocks:      57
  220.699     | Strength:  40     Agility: 40          Tracking:        0
  220.699     | Intellect: 40     Health:  40          Martial Arts:   15
  220.699     | Willpower: 40     Charm:   40          MagicRes:       40
  220.699     | [HP=66/MA=54]:
  220.699 level now 12
  224.311 --- top up exp (stall-proof) ---
  224.311     | /xexp 25000
  224.311     | You gain 25000 experience.
  224.311     | [HP=66/MA=54]:
  224.311     | [xexp] granted 25000 experience via _ADD_EXPERIENCE.
  227.922 --- refill purse (stall-proof) ---
  227.922     | /xcash 500000 copper
  227.922     | [xcash] copper: 499982 -> 500000; type 'i' to confirm.
  231.534 --- to healer ---
  231.534     | /xgoto 2190 1
  231.534     | [xgoto] 1/2190 -> 1/2190; type 'look'.
  235.951 --- heal to full ---
  235.951     | buy healing
  235.951     | You hand over 34 copper farthings and all your wounds are healed.
  235.951     | [HP=83/MA=54]:
  239.558 --- max-hp check ---
  239.558     | st
  239.558     | Name: Bard Minstrel                    Lives/CP:      2/220
  239.558     | Race: Human       Exp: 600000          Perception:     40
  239.558     | Class: Bard       Level: 12            Stealth:        65
  239.558     | Hits:    83/83    Armour Class:   0/0  Thievery:       68
  239.558     | Mana:    54/54    Spellcasting: 60     Traps:          70
  239.558     |                                        Picklocks:      57
  239.558     | Strength:  40     Agility: 40          Tracking:        0
  239.558     | Intellect: 40     Health:  40          Martial Arts:   15
  239.558     | Willpower: 40     Charm:   40          MagicRes:       40
  239.558     | [HP=83/MA=54]:
  247.174 --- train burst ---
  247.174     | /xgoto 289 1
  247.174     | [xgoto] 1/2190 -> 1/289; type 'look'.
  247.174     | train
  247.174     | You hand over 600 copper farthings and you receive training to attain level 13.
  247.174     | You receive the following:
  247.174     | 15 additional character points
  247.174     | 5 additional lives
  247.174     | [HP=83/MA=54]:The river bashes you up against some rocks!
  247.174     | /xgoto 2190 1
  247.174     | [xgoto] 1/289 -> 1/2190; type 'look'.
  250.786 --- stats ---
  250.786     | [HP=70/MA=57]:st
  250.786     | Name: Bard Minstrel                    Lives/CP:      7/235
  250.786     | Race: Human       Exp: 600000          Perception:     40
  250.786     | Class: Bard       Level: 13            Stealth:        67
  250.786     | Hits:    70/88    Armour Class:   0/0  Thievery:       72
  250.786     | Mana:    57/58    Spellcasting: 62     Traps:          74
  250.786     |                                        Picklocks:      60
  250.786     | Strength:  40     Agility: 40          Tracking:        0
  250.786     | Intellect: 40     Health:  40          Martial Arts:   15
  250.786     | Willpower: 40     Charm:   40          MagicRes:       40
  250.786     | [HP=70/MA=57]:
  250.786 level now 13
  254.396 --- top up exp (stall-proof) ---
  254.397     | /xexp 25000
  254.397     | You gain 25000 experience.
  254.397     | [HP=70/MA=57]:
  254.397     | [xexp] granted 25000 experience via _ADD_EXPERIENCE.
  258.006 --- refill purse (stall-proof) ---
  258.007     | /xcash 500000 copper
  258.007     | [xcash] copper: 499366 -> 500000; type 'i' to confirm.
  261.615 --- to healer ---
  261.615     | /xgoto 2190 1
  261.615     | [xgoto] 1/2190 -> 1/2190; type 'look'.
  266.030 --- heal to full ---
  266.030     | buy healing
  266.030     | You hand over 36 copper farthings and all your wounds are healed.
  266.030     | [HP=88/MA=57]:
  269.639 --- max-hp check ---
  269.639     | st
  269.639     | Name: Bard Minstrel                    Lives/CP:      7/235
  269.639     | Race: Human       Exp: 625000          Perception:     40
  269.639     | Class: Bard       Level: 13            Stealth:        67
  269.639     | Hits:    88/88    Armour Class:   0/0  Thievery:       72
  269.639     | Mana:    57/58    Spellcasting: 62     Traps:          74
  269.639     |                                        Picklocks:      60
  269.639     | Strength:  40     Agility: 40          Tracking:        0
  269.639     | Intellect: 40     Health:  40          Martial Arts:   15
  269.639     | Willpower: 40     Charm:   40          MagicRes:       40
  269.639     | [HP=88/MA=57]:
  277.252 --- train burst ---
  277.252     | /xgoto 289 1
  277.252     | [xgoto] 1/2190 -> 1/289; type 'look'.
  277.252     | train
  277.252     | You do not have the required experience to train yet!
  277.252     | [HP=88/MA=57]:/xgoto 2190 1
  277.252     | [xgoto] 1/289 -> 1/2190; type 'look'.
  280.862 --- stats ---
  280.862     | [HP=88/MA=58]:st
  280.862     | Name: Bard Minstrel                    Lives/CP:      7/235
  280.862     | Race: Human       Exp: 625000          Perception:     40
  280.862     | Class: Bard       Level: 13            Stealth:        67
  280.862     | Hits:    88/88    Armour Class:   0/0  Thievery:       72
  280.862     | Mana:    58/58    Spellcasting: 62     Traps:          74
  280.863     |                                        Picklocks:      60
  280.863     | Strength:  40     Agility: 40          Tracking:        0
  280.863     | Intellect: 40     Health:  40          Martial Arts:   15
  280.863     | Willpower: 40     Charm:   40          MagicRes:       40
  280.863     | [HP=88/MA=58]:
  280.863 level now 13
  284.473 --- top up exp (stall-proof) ---
  284.474     | /xexp 25000
  284.474     | You gain 25000 experience.
  284.474     | [HP=88/MA=58]:
  284.474     | [xexp] granted 25000 experience via _ADD_EXPERIENCE.
  288.082 --- refill purse (stall-proof) ---
  288.082     | /xcash 500000 copper
  288.083     | [xcash] copper: 499964 -> 500000; type 'i' to confirm.
  291.692 --- to healer ---
  291.692     | /xgoto 2190 1
  291.692     | [xgoto] 1/2190 -> 1/2190; type 'look'.
  296.109 --- heal to full ---
  296.109     | buy healing
  296.109     | You hand over nothing and all your wounds are healed.
  296.109     | [HP=88/MA=58]:
  299.721 --- max-hp check ---
  299.721     | st
  299.721     | Name: Bard Minstrel                    Lives/CP:      7/235
  299.721     | Race: Human       Exp: 650000          Perception:     40
  299.721     | Class: Bard       Level: 13            Stealth:        67
  299.721     | Hits:    88/88    Armour Class:   0/0  Thievery:       72
  299.721     | Mana:    58/58    Spellcasting: 62     Traps:          74
  299.721     |                                        Picklocks:      60
  299.721     | Strength:  40     Agility: 40          Tracking:        0
  299.721     | Intellect: 40     Health:  40          Martial Arts:   15
  299.721     | Willpower: 40     Charm:   40          MagicRes:       40
  299.721     | [HP=88/MA=58]:
  307.335 --- train burst ---
  307.335     | /xgoto 289 1
  307.335     | [xgoto] 1/2190 -> 1/289; type 'look'.
  307.335     | train
  307.335     | You do not have the required experience to train yet!
  307.335     | [HP=88/MA=58]:/xgoto 2190 1
  307.335     | [xgoto] 1/289 -> 1/2190; type 'look'.
  310.945 --- stats ---
  310.945     | st
  310.945     | Name: Bard Minstrel                    Lives/CP:      7/235
  310.945     | Race: Human       Exp: 650000          Perception:     40
  310.945     | Class: Bard       Level: 13            Stealth:        67
  310.945     | Hits:    88/88    Armour Class:   0/0  Thievery:       72
  310.945     | Mana:    58/58    Spellcasting: 62     Traps:          74
  310.945     |                                        Picklocks:      60
  310.945     | Strength:  40     Agility: 40          Tracking:        0
  310.945     | Intellect: 40     Health:  40          Martial Arts:   15
  310.945     | Willpower: 40     Charm:   40          MagicRes:       40
  310.945     | [HP=88/MA=58]:
  310.945 level now 13
  314.556 --- top up exp (stall-proof) ---
  314.556     | /xexp 25000
  314.556     | You gain 25000 experience.
  314.556     | [HP=88/MA=58]:
  314.556     | [xexp] granted 25000 experience via _ADD_EXPERIENCE.
  318.166 --- refill purse (stall-proof) ---
  318.166     | /xcash 500000 copper
  318.166     | [xcash] copper: 500000 -> 500000; type 'i' to confirm.
  321.776 --- to healer ---
  321.776     | /xgoto 2190 1
  321.776     | [xgoto] 1/2190 -> 1/2190; type 'look'.
  326.188 --- heal to full ---
  326.188     | buy healing
  326.188     | You hand over nothing and all your wounds are healed.
  326.188     | [HP=88/MA=58]:
  329.799 --- max-hp check ---
  329.799     | st
  329.799     | Name: Bard Minstrel                    Lives/CP:      7/235
  329.799     | Race: Human       Exp: 675000          Perception:     40
  329.799     | Class: Bard       Level: 13            Stealth:        67
  329.799     | Hits:    88/88    Armour Class:   0/0  Thievery:       72
  329.799     | Mana:    58/58    Spellcasting: 62     Traps:          74
  329.799     |                                        Picklocks:      60
  329.799     | Strength:  40     Agility: 40          Tracking:        0
  329.799     | Intellect: 40     Health:  40          Martial Arts:   15
  329.799     | Willpower: 40     Charm:   40          MagicRes:       40
  329.799     | [HP=88/MA=58]:
  337.409 --- train burst ---
  337.409     | /xgoto 289 1
  337.409     | [xgoto] 1/2190 -> 1/289; type 'look'.
  337.409     | train
  337.409     | You do not have the required experience to train yet!
  337.409     | [HP=88/MA=58]:/xgoto 2190 1
  337.409     | [xgoto] 1/289 -> 1/2190; type 'look'.
  341.017 --- stats ---
  341.017     | st
  341.018     | Name: Bard Minstrel                    Lives/CP:      7/235
  341.018     | Race: Human       Exp: 675000          Perception:     40
  341.018     | Class: Bard       Level: 13            Stealth:        67
  341.018     | Hits:    88/88    Armour Class:   0/0  Thievery:       72
  341.018     | Mana:    58/58    Spellcasting: 62     Traps:          74
  341.018     |                                        Picklocks:      60
  341.018     | Strength:  40     Agility: 40          Tracking:        0
  341.018     | Intellect: 40     Health:  40          Martial Arts:   15
  341.018     | Willpower: 40     Charm:   40          MagicRes:       40
  341.018     | [HP=88/MA=58]:
  341.018 level now 13
  344.628 --- top up exp (stall-proof) ---
  344.628     | /xexp 25000
  344.628     | You gain 25000 experience.
  344.628     | [HP=88/MA=58]:
  344.628     | [xexp] granted 25000 experience via _ADD_EXPERIENCE.
  348.238 --- refill purse (stall-proof) ---
  348.238     | /xcash 500000 copper
  348.238     | [xcash] copper: 500000 -> 500000; type 'i' to confirm.
  351.850 --- to healer ---
  351.850     | /xgoto 2190 1
  351.850     | [xgoto] 1/2190 -> 1/2190; type 'look'.
  356.262 --- heal to full ---
  356.262     | buy healing
  356.262     | You hand over nothing and all your wounds are healed.
  356.262     | [HP=88/MA=58]:
  359.873 --- max-hp check ---
  359.873     | st
  359.873     | Name: Bard Minstrel                    Lives/CP:      7/235
  359.873     | Race: Human       Exp: 700000          Perception:     40
  359.873     | Class: Bard       Level: 13            Stealth:        67
  359.873     | Hits:    88/88    Armour Class:   0/0  Thievery:       72
  359.873     | Mana:    58/58    Spellcasting: 62     Traps:          74
  359.873     |                                        Picklocks:      60
  359.873     | Strength:  40     Agility: 40          Tracking:        0
  359.873     | Intellect: 40     Health:  40          Martial Arts:   15
  359.873     | Willpower: 40     Charm:   40          MagicRes:       40
  359.873     | [HP=88/MA=58]:
  367.489 --- train burst ---
  367.489     | /xgoto 289 1
  367.489     | [xgoto] 1/2190 -> 1/289; type 'look'.
  367.489     | train
  367.489     | You do not have the required experience to train yet!
  367.489     | [HP=88/MA=58]:/xgoto 2190 1
  367.489     | [xgoto] 1/289 -> 1/2190; type 'look'.
  371.099 --- stats ---
  371.099     | st
  371.099     | Name: Bard Minstrel                    Lives/CP:      7/235
  371.099     | Race: Human       Exp: 700000          Perception:     40
  371.099     | Class: Bard       Level: 13            Stealth:        67
  371.099     | Hits:    88/88    Armour Class:   0/0  Thievery:       72
  371.099     | Mana:    58/58    Spellcasting: 62     Traps:          74
  371.099     |                                        Picklocks:      60
  371.099     | Strength:  40     Agility: 40          Tracking:        0
  371.099     | Intellect: 40     Health:  40          Martial Arts:   15
  371.099     | Willpower: 40     Charm:   40          MagicRes:       40
  371.099     | [HP=88/MA=58]:
  371.099 level now 13
  374.710 --- top up exp (stall-proof) ---
  374.710     | /xexp 25000
  374.710     | You gain 25000 experience.
  374.710     | [HP=88/MA=58]:
  374.710     | [xexp] granted 25000 experience via _ADD_EXPERIENCE.
  378.322 --- refill purse (stall-proof) ---
  378.322     | /xcash 500000 copper
  378.322     | [xcash] copper: 500000 -> 500000; type 'i' to confirm.
  381.934 --- to healer ---
  381.934     | /xgoto 2190 1
  381.934     | [xgoto] 1/2190 -> 1/2190; type 'look'.
  386.350 --- heal to full ---
  386.350     | buy healing
  386.350     | You hand over nothing and all your wounds are healed.
  386.350     | [HP=88/MA=58]:
  389.962 --- max-hp check ---
  389.962     | st
  389.962     | Name: Bard Minstrel                    Lives/CP:      7/235
  389.962     | Race: Human       Exp: 725000          Perception:     40
  389.962     | Class: Bard       Level: 13            Stealth:        67
  389.962     | Hits:    88/88    Armour Class:   0/0  Thievery:       72
  389.962     | Mana:    58/58    Spellcasting: 62     Traps:          74
  389.962     |                                        Picklocks:      60
  389.962     | Strength:  40     Agility: 40          Tracking:        0
  389.962     | Intellect: 40     Health:  40          Martial Arts:   15
  389.962     | Willpower: 40     Charm:   40          MagicRes:       40
  389.962     | [HP=88/MA=58]:
  397.577 --- train burst ---
  397.577     | /xgoto 289 1
  397.577     | [xgoto] 1/2190 -> 1/289; type 'look'.
  397.577     | The river bashes you up against some rocks!
  397.577     | train
  397.577     | You do not have the required experience to train yet!
  397.577     | [HP=74/MA=58]:/xgoto 2190 1
  397.577     | [xgoto] 1/289 -> 1/2190; type 'look'.
  401.187 --- stats ---
  401.187     | st
  401.187     | Name: Bard Minstrel                    Lives/CP:      7/235
  401.187     | Race: Human       Exp: 725000          Perception:     40
  401.187     | Class: Bard       Level: 13            Stealth:        67
  401.187     | Hits:    74/88    Armour Class:   0/0  Thievery:       72
  401.187     | Mana:    58/58    Spellcasting: 62     Traps:          74
  401.187     |                                        Picklocks:      60
  401.187     | Strength:  40     Agility: 40          Tracking:        0
  401.187     | Intellect: 40     Health:  40          Martial Arts:   15
  401.187     | Willpower: 40     Charm:   40          MagicRes:       40
  401.187     | [HP=74/MA=58]:
  401.187 level now 13
  404.797 --- top up exp (stall-proof) ---
  404.797     | [HP=75/MA=58]:/xexp 25000
  404.797     | You gain 25000 experience.
  404.797     | [HP=75/MA=58]:
  404.797     | [xexp] granted 25000 experience via _ADD_EXPERIENCE.
  408.408 --- refill purse (stall-proof) ---
  408.408     | /xcash 500000 copper
  408.408     | [xcash] copper: 500000 -> 500000; type 'i' to confirm.
  412.017 --- to healer ---
  412.017     | /xgoto 2190 1
  412.017     | [xgoto] 1/2190 -> 1/2190; type 'look'.
  416.445 --- heal to full ---
  416.445     | buy healing
  416.445     | You hand over 26 copper farthings and all your wounds are healed.
  416.445     | [HP=88/MA=58]:
  420.058 --- max-hp check ---
  420.058     | st
  420.058     | Name: Bard Minstrel                    Lives/CP:      7/235
  420.058     | Race: Human       Exp: 750000          Perception:     40
  420.058     | Class: Bard       Level: 13            Stealth:        67
  420.058     | Hits:    88/88    Armour Class:   0/0  Thievery:       72
  420.058     | Mana:    58/58    Spellcasting: 62     Traps:          74
  420.058     |                                        Picklocks:      60
  420.058     | Strength:  40     Agility: 40          Tracking:        0
  420.058     | Intellect: 40     Health:  40          Martial Arts:   15
  420.058     | Willpower: 40     Charm:   40          MagicRes:       40
  420.058     | [HP=88/MA=58]:
  427.673 --- train burst ---
  427.673     | /xgoto 289 1
  427.673     | [xgoto] 1/2190 -> 1/289; type 'look'.
  427.673     | The river bashes you up against some rocks!
  427.673     | train
  427.673     | You do not have the required experience to train yet!
  427.673     | [HP=76/MA=58]:/xgoto 2190 1
  427.673     | [xgoto] 1/289 -> 1/2190; type 'look'.
  431.283 --- stats ---
  431.283     | st
  431.283     | Name: Bard Minstrel                    Lives/CP:      7/235
  431.283     | Race: Human       Exp: 750000          Perception:     40
  431.283     | Class: Bard       Level: 13            Stealth:        67
  431.283     | Hits:    76/88    Armour Class:   0/0  Thievery:       72
  431.283     | Mana:    58/58    Spellcasting: 62     Traps:          74
  431.283     |                                        Picklocks:      60
  431.283     | Strength:  40     Agility: 40          Tracking:        0
  431.283     | Intellect: 40     Health:  40          Martial Arts:   15
  431.283     | Willpower: 40     Charm:   40          MagicRes:       40
  431.283     | [HP=76/MA=58]:
  431.283 level now 13
  434.895 --- top up exp (stall-proof) ---
  434.895     | [HP=77/MA=58]:/xexp 25000
  434.895     | You gain 25000 experience.
  434.895     | [HP=77/MA=58]:
  434.895     | [xexp] granted 25000 experience via _ADD_EXPERIENCE.
  438.505 --- refill purse (stall-proof) ---
  438.505     | /xcash 500000 copper
  438.505     | [xcash] copper: 499974 -> 500000; type 'i' to confirm.
  442.117 --- to healer ---
  442.117     | /xgoto 2190 1
  442.117     | [xgoto] 1/2190 -> 1/2190; type 'look'.
  446.530 --- heal to full ---
  446.530     | buy healing
  446.530     | You hand over 22 copper farthings and all your wounds are healed.
  446.530     | [HP=88/MA=58]:
  450.141 --- max-hp check ---
  450.141     | st
  450.141     | Name: Bard Minstrel                    Lives/CP:      7/235
  450.141     | Race: Human       Exp: 775000          Perception:     40
  450.141     | Class: Bard       Level: 13            Stealth:        67
  450.141     | Hits:    88/88    Armour Class:   0/0  Thievery:       72
  450.141     | Mana:    58/58    Spellcasting: 62     Traps:          74
  450.141     |                                        Picklocks:      60
  450.141     | Strength:  40     Agility: 40          Tracking:        0
  450.142     | Intellect: 40     Health:  40          Martial Arts:   15
  450.142     | Willpower: 40     Charm:   40          MagicRes:       40
  450.142     | [HP=88/MA=58]:
  457.755 --- train burst ---
  457.755     | /xgoto 289 1
  457.755     | [xgoto] 1/2190 -> 1/289; type 'look'.
  457.756     | train
  457.756     | You do not have the required experience to train yet!
  457.756     | [HP=88/MA=58]:The river bashes you up against some rocks!
  457.756     | /xgoto 2190 1
  457.756     | [xgoto] 1/289 -> 1/2190; type 'look'.
  461.366 --- stats ---
  461.366     | st
  461.366     | Name: Bard Minstrel                    Lives/CP:      7/235
  461.366     | Race: Human       Exp: 775000          Perception:     40
  461.366     | Class: Bard       Level: 13            Stealth:        67
  461.366     | Hits:    74/88    Armour Class:   0/0  Thievery:       72
  461.366     | Mana:    58/58    Spellcasting: 62     Traps:          74
  461.366     |                                        Picklocks:      60
  461.366     | Strength:  40     Agility: 40          Tracking:        0
  461.366     | Intellect: 40     Health:  40          Martial Arts:   15
  461.366     | Willpower: 40     Charm:   40          MagicRes:       40
  461.366     | [HP=74/MA=58]:
  461.366 level now 13
  464.978 --- top up exp (stall-proof) ---
  464.978     | [HP=75/MA=58]:/xexp 25000
  464.978     | You gain 25000 experience.
  464.978     | [HP=75/MA=58]:
  464.978     | [xexp] granted 25000 experience via _ADD_EXPERIENCE.
  468.590 --- refill purse (stall-proof) ---
  468.590     | /xcash 500000 copper
  468.593     | [xcash] copper: 499978 -> 500000; type 'i' to confirm.
  472.205 --- to healer ---
  472.205     | /xgoto 2190 1
  472.205     | [xgoto] 1/2190 -> 1/2190; type 'look'.
  476.619 --- heal to full ---
  476.619     | buy healing
  476.619     | You hand over 26 copper farthings and all your wounds are healed.
  476.619     | [HP=88/MA=58]:
  480.230 --- max-hp check ---
  480.230     | st
  480.230     | Name: Bard Minstrel                    Lives/CP:      7/235
  480.230     | Race: Human       Exp: 800000          Perception:     40
  480.230     | Class: Bard       Level: 13            Stealth:        67
  480.230     | Hits:    88/88    Armour Class:   0/0  Thievery:       72
  480.230     | Mana:    58/58    Spellcasting: 62     Traps:          74
  480.230     |                                        Picklocks:      60
  480.230     | Strength:  40     Agility: 40          Tracking:        0
  480.230     | Intellect: 40     Health:  40          Martial Arts:   15
  480.230     | Willpower: 40     Charm:   40          MagicRes:       40
  480.231     | [HP=88/MA=58]:
  487.846 --- train burst ---
  487.846     | /xgoto 289 1
  487.846     | [xgoto] 1/2190 -> 1/289; type 'look'.
  487.846     | train
  487.846     | You do not have the required experience to train yet!
  487.846     | [HP=88/MA=58]:The river bashes you up against some rocks!
  487.846     | /xgoto 2190 1
  487.846     | [xgoto] 1/289 -> 1/2190; type 'look'.
  491.456 --- stats ---
  491.456     | st
  491.456     | Name: Bard Minstrel                    Lives/CP:      7/235
  491.456     | Race: Human       Exp: 800000          Perception:     40
  491.456     | Class: Bard       Level: 13            Stealth:        67
  491.456     | Hits:    74/88    Armour Class:   0/0  Thievery:       72
  491.456     | Mana:    58/58    Spellcasting: 62     Traps:          74
  491.456     |                                        Picklocks:      60
  491.456     | Strength:  40     Agility: 40          Tracking:        0
  491.456     | Intellect: 40     Health:  40          Martial Arts:   15
  491.456     | Willpower: 40     Charm:   40          MagicRes:       40
  491.456     | [HP=74/MA=58]:
  491.456 level now 13
  495.149 --- top up exp (stall-proof) ---
  495.149     | /xexp 25000
  495.149     | You gain 25000 experience.
  495.149     | [HP=74/MA=58]:
  495.149     | [xexp] granted 25000 experience via _ADD_EXPERIENCE.
  495.149     | [HP=75/MA=58]:
  498.759 --- refill purse (stall-proof) ---
  498.759     | /xcash 500000 copper
  498.759     | [xcash] copper: 499974 -> 500000; type 'i' to confirm.
  502.369 --- to healer ---
  502.369     | /xgoto 2190 1
  502.369     | [xgoto] 1/2190 -> 1/2190; type 'look'.
  506.785 --- heal to full ---
  506.785     | buy healing
  506.785     | You hand over 26 copper farthings and all your wounds are healed.
  506.785     | [HP=88/MA=58]:
  510.396 --- max-hp check ---
  510.396     | st
  510.396     | Name: Bard Minstrel                    Lives/CP:      7/235
  510.396     | Race: Human       Exp: 825000          Perception:     40
  510.396     | Class: Bard       Level: 13            Stealth:        67
  510.396     | Hits:    88/88    Armour Class:   0/0  Thievery:       72
  510.396     | Mana:    58/58    Spellcasting: 62     Traps:          74
  510.396     |                                        Picklocks:      60
  510.396     | Strength:  40     Agility: 40          Tracking:        0
  510.396     | Intellect: 40     Health:  40          Martial Arts:   15
  510.396     | Willpower: 40     Charm:   40          MagicRes:       40
  510.396     | [HP=88/MA=58]:
  518.013 --- train burst ---
  518.013     | /xgoto 289 1
  518.014     | [xgoto] 1/2190 -> 1/289; type 'look'.
  518.014     | train
  518.014     | You do not have the required experience to train yet!
  518.014     | [HP=88/MA=58]:The river bashes you up against some rocks!
  518.014     | /xgoto 2190 1
  518.014     | [xgoto] 1/289 -> 1/2190; type 'look'.
  521.625 --- stats ---
  521.625     | st
  521.625     | Name: Bard Minstrel                    Lives/CP:      7/235
  521.625     | Race: Human       Exp: 825000          Perception:     40
  521.625     | Class: Bard       Level: 13            Stealth:        67
  521.625     | Hits:    77/88    Armour Class:   0/0  Thievery:       72
  521.625     | Mana:    58/58    Spellcasting: 62     Traps:          74
  521.625     |                                        Picklocks:      60
  521.625     | Strength:  40     Agility: 40          Tracking:        0
  521.625     | Intellect: 40     Health:  40          Martial Arts:   15
  521.625     | Willpower: 40     Charm:   40          MagicRes:       40
  521.625     | [HP=77/MA=58]:
  521.625 level now 13
  525.449 --- top up exp (stall-proof) ---
  525.450     | /xexp 25000
  525.450     | You gain 25000 experience.
  525.450     | [HP=77/MA=58]:
  525.450     | [xexp] granted 25000 experience via _ADD_EXPERIENCE.
  525.450     | [HP=78/MA=58]:
  529.059 --- refill purse (stall-proof) ---
  529.059     | /xcash 500000 copper
  529.059     | [xcash] copper: 499974 -> 500000; type 'i' to confirm.
  532.672 --- to healer ---
  532.672     | /xgoto 2190 1
  532.675     | [xgoto] 1/2190 -> 1/2190; type 'look'.
  537.090 --- heal to full ---
  537.090     | buy healing
  537.090     | You hand over 20 copper farthings and all your wounds are healed.
  537.090     | [HP=88/MA=58]:
  540.703 --- max-hp check ---
  540.703     | st
  540.703     | Name: Bard Minstrel                    Lives/CP:      7/235
  540.703     | Race: Human       Exp: 850000          Perception:     40
  540.703     | Class: Bard       Level: 13            Stealth:        67
  540.703     | Hits:    88/88    Armour Class:   0/0  Thievery:       72
  540.703     | Mana:    58/58    Spellcasting: 62     Traps:          74
  540.703     |                                        Picklocks:      60
  540.703     | Strength:  40     Agility: 40          Tracking:        0
  540.703     | Intellect: 40     Health:  40          Martial Arts:   15
  540.703     | Willpower: 40     Charm:   40          MagicRes:       40
  540.703     | [HP=88/MA=58]:
  548.319 --- train burst ---
  548.319     | /xgoto 289 1
  548.319     | [xgoto] 1/2190 -> 1/289; type 'look'.
  548.319     | train
  548.319     | You do not have the required experience to train yet!
  548.319     | [HP=88/MA=58]:/xgoto 2190 1
  548.319     | [xgoto] 1/289 -> 1/2190; type 'look'.
  551.929 --- stats ---
  551.929     | st
  551.929     | Name: Bard Minstrel                    Lives/CP:      7/235
  551.929     | Race: Human       Exp: 850000          Perception:     40
  551.929     | Class: Bard       Level: 13            Stealth:        67
  551.929     | Hits:    88/88    Armour Class:   0/0  Thievery:       72
  551.929     | Mana:    58/58    Spellcasting: 62     Traps:          74
  551.929     |                                        Picklocks:      60
  551.929     | Strength:  40     Agility: 40          Tracking:        0
  551.929     | Intellect: 40     Health:  40          Martial Arts:   15
  551.929     | Willpower: 40     Charm:   40          MagicRes:       40
  551.929     | [HP=88/MA=58]:
  551.929 level now 13
  555.542 --- top up exp (stall-proof) ---
  555.542     | /xexp 25000
  555.542     | You gain 25000 experience.
  555.542     | [HP=88/MA=58]:
  555.542     | [xexp] granted 25000 experience via _ADD_EXPERIENCE.
  559.153 --- refill purse (stall-proof) ---
  559.153     | /xcash 500000 copper
  559.153     | [xcash] copper: 499980 -> 500000; type 'i' to confirm.
  562.762 --- to healer ---
  562.762     | /xgoto 2190 1
  562.762     | [xgoto] 1/2190 -> 1/2190; type 'look'.
  567.176 --- heal to full ---
  567.176     | buy healing
  567.176     | You hand over nothing and all your wounds are healed.
  567.176     | [HP=88/MA=58]:
  570.788 --- max-hp check ---
  570.788     | st
  570.788     | Name: Bard Minstrel                    Lives/CP:      7/235
  570.788     | Race: Human       Exp: 875000          Perception:     40
  570.788     | Class: Bard       Level: 13            Stealth:        67
  570.788     | Hits:    88/88    Armour Class:   0/0  Thievery:       72
  570.788     | Mana:    58/58    Spellcasting: 62     Traps:          74
  570.788     |                                        Picklocks:      60
  570.788     | Strength:  40     Agility: 40          Tracking:        0
  570.788     | Intellect: 40     Health:  40          Martial Arts:   15
  570.788     | Willpower: 40     Charm:   40          MagicRes:       40
  570.788     | [HP=88/MA=58]:
  578.403 --- train burst ---
  578.403     | /xgoto 289 1
  578.403     | [xgoto] 1/2190 -> 1/289; type 'look'.
  578.403     | train
  578.403     | You hand over 650 copper farthings and you receive training to attain level 14.
  578.403     | You receive the following:
  578.403     | 15 additional character points
  578.403     | 2 additional lives
  578.403     | [HP=88/MA=58]:/xgoto 2190 1
  578.403     | [xgoto] 1/289 -> 1/2190; type 'look'.
  582.015 --- stats ---
  582.015     | st
  582.015     | Name: Bard Minstrel                    Lives/CP:      9/250
  582.015     | Race: Human       Exp: 875000          Perception:     40
  582.015     | Class: Bard       Level: 14            Stealth:        69
  582.015     | Hits:    88/93    Armour Class:   0/0  Thievery:       76
  582.015     | Mana:    58/62    Spellcasting: 64     Traps:          78
  582.015     |                                        Picklocks:      62
  582.015     | Strength:  40     Agility: 40          Tracking:        0
  582.015     | Intellect: 40     Health:  40          Martial Arts:   15
  582.015     | Willpower: 40     Charm:   40          MagicRes:       40
  582.015     | [HP=88/MA=58]:
  582.015 level now 14
  582.015 === level 14 reached; CP left unspent by design ===
  586.691 --- logout ---
  586.691     | x
  586.691     | You will exit after a period of silent meditation.
  586.691     | ....[HP=89/MA=61]:......
  586.691 done
