   10.621 --- stats ---
   10.621     | st
   10.621     | Name: Bard Minstrel                    Lives/CP:      9/150
   10.621     | Race: Human       Exp: 25000           Perception:     40
   10.621     | Class: Bard       Level: 6             Stealth:        53
   10.621     | Hits:    50/50    Armour Class:   0/0  Thievery:       44
   10.621     | Mana:    22/30    Spellcasting: 48     Traps:          46
   10.621     |                                        Picklocks:      40
   10.621     | Strength:  40     Agility: 40          Tracking:        0
   10.621     | Intellect: 40     Health:  40          Martial Arts:   14
   10.621     | Willpower: 40     Charm:   40          MagicRes:       40
   10.621     | [HP=50/MA=22]:
   10.621 entry level 6
   14.231 --- purse for training ---
   14.231     | /xcash 500000 copper
   14.231     | [xcash] copper: 4120 -> 500000; type 'i' to confirm.
   17.839 --- grant exp (no-op if capped) ---
   17.839     | /xexp 25000
   17.839     | You gain 25000 experience.
   17.839     | [HP=50/MA=22]:
   17.839     | [xexp] granted 25000 experience via _ADD_EXPERIENCE.
   21.454 --- to healer ---
   21.454     | /xgoto 2190 1
   21.454     | [xgoto] 1/2190 -> 1/2190; type 'look'.
   25.868 --- heal to full ---
   25.868     | buy healing
   25.868     | You hand over nothing and all your wounds are healed.
   25.868     | [HP=50/MA=22]:
   29.478 --- max-hp check ---
   29.478     | st
   29.478     | Name: Bard Minstrel                    Lives/CP:      9/150
   29.478     | Race: Human       Exp: 50000           Perception:     40
   29.478     | Class: Bard       Level: 6             Stealth:        53
   29.478     | Hits:    50/50    Armour Class:   0/0  Thievery:       44
   29.478     | Mana:    22/30    Spellcasting: 48     Traps:          46
   29.478     |                                        Picklocks:      40
   29.478     | Strength:  40     Agility: 40          Tracking:        0
   29.478     | Intellect: 40     Health:  40          Martial Arts:   14
   29.478     | Willpower: 40     Charm:   40          MagicRes:       40
   29.478     | [HP=50/MA=22]:
   37.090 --- train burst ---
   37.090     | /xgoto 289 1
   37.090     | [xgoto] 1/2190 -> 1/289; type 'look'.
   37.090     | train
   37.090     | You hand over 300 copper farthings and you receive training to attain level 7.
   37.090     | You receive the following:
   37.090     | 10 additional character points
   37.090     | [HP=50/MA=22]:[HP=51/MA=24]:/xgoto 2190 1
   37.090     | [xgoto] 1/289 -> 1/2190; type 'look'.
   40.700 --- stats ---
   40.700     | st
   40.700     | Name: Bard Minstrel                    Lives/CP:      9/160
   40.700     | Race: Human       Exp: 50000           Perception:     40
   40.700     | Class: Bard       Level: 7             Stealth:        55
   40.700     | Hits:    51/54    Armour Class:   0/0  Thievery:       48
   40.700     | Mana:    24/34    Spellcasting: 50     Traps:          50
   40.700     |                                        Picklocks:      42
   40.700     | Strength:  40     Agility: 40          Tracking:        0
   40.700     | Intellect: 40     Health:  40          Martial Arts:   14
   40.700     | Willpower: 40     Charm:   40          MagicRes:       40
   40.700     | [HP=51/MA=24]:
   40.700 level now 7
   44.320 --- top up exp (stall-proof) ---
   44.320     | /xexp 25000
   44.320     | You gain 25000 experience.
   44.320     | [HP=51/MA=24]:
   44.320     | [xexp] granted 25000 experience via _ADD_EXPERIENCE.
   47.931 --- refill purse (stall-proof) ---
   47.931     | /xcash 500000 copper
   47.931     | [xcash] copper: 499700 -> 500000; type 'i' to confirm.
   51.541 --- to healer ---
   51.541     | /xgoto 2190 1
   51.541     | [xgoto] 1/2190 -> 1/2190; type 'look'.
   55.954 --- heal to full ---
   55.954     | buy healing
   55.954     | You hand over 6 copper farthings and all your wounds are healed.
   55.954     | [HP=54/MA=24]:
   59.566 --- max-hp check ---
   59.566     | st
   59.566     | Name: Bard Minstrel                    Lives/CP:      9/160
   59.566     | Race: Human       Exp: 75000           Perception:     40
   59.566     | Class: Bard       Level: 7             Stealth:        55
   59.566     | Hits:    54/54    Armour Class:   0/0  Thievery:       48
   59.566     | Mana:    24/34    Spellcasting: 50     Traps:          50
   59.566     |                                        Picklocks:      42
   59.566     | Strength:  40     Agility: 40          Tracking:        0
   59.566     | Intellect: 40     Health:  40          Martial Arts:   14
   59.566     | Willpower: 40     Charm:   40          MagicRes:       40
   59.566     | [HP=54/MA=24]:
   67.188 --- train burst ---
   67.188     | /xgoto 289 1
   67.188     | [xgoto] 1/2190 -> 1/289; type 'look'.
   67.188     | train
   67.188     | You hand over 350 copper farthings and you receive training to attain level 8.
   67.188     | You receive the following:
   67.188     | 10 additional character points
   67.188     | [HP=54/MA=24]:[HP=55/MA=26]:/xgoto 2190 1
   67.188     | [xgoto] 1/289 -> 1/2190; type 'look'.
   70.799 --- stats ---
   70.799     | st
   70.799     | Name: Bard Minstrel                    Lives/CP:      9/170
   70.799     | Race: Human       Exp: 75000           Perception:     40
   70.799     | Class: Bard       Level: 8             Stealth:        57
   70.799     | Hits:    55/57    Armour Class:   0/0  Thievery:       52
   70.799     | Mana:    26/38    Spellcasting: 52     Traps:          54
   70.799     |                                        Picklocks:      45
   70.799     | Strength:  40     Agility: 40          Tracking:        0
   70.799     | Intellect: 40     Health:  40          Martial Arts:   14
   70.799     | Willpower: 40     Charm:   40          MagicRes:       40
   70.799     | [HP=55/MA=26]:
   70.799 level now 8
   74.408 --- top up exp (stall-proof) ---
   74.408     | /xexp 25000
   74.408     | You gain 25000 experience.
   74.408     | [HP=55/MA=26]:
   74.408     | [xexp] granted 25000 experience via _ADD_EXPERIENCE.
   78.031 --- refill purse (stall-proof) ---
   78.031     | /xcash 500000 copper
   78.031     | [xcash] copper: 499644 -> 500000; type 'i' to confirm.
   81.639 --- to healer ---
   81.639     | /xgoto 2190 1
   81.639     | [xgoto] 1/2190 -> 1/2190; type 'look'.
   86.051 --- heal to full ---
   86.051     | buy healing
   86.051     | You hand over 4 copper farthings and all your wounds are healed.
   86.051     | [HP=57/MA=26]:
   89.662 --- max-hp check ---
   89.662     | st
   89.662     | Name: Bard Minstrel                    Lives/CP:      9/170
   89.662     | Race: Human       Exp: 100000          Perception:     40
   89.662     | Class: Bard       Level: 8             Stealth:        57
   89.662     | Hits:    57/57    Armour Class:   0/0  Thievery:       52
   89.662     | Mana:    26/38    Spellcasting: 52     Traps:          54
   89.662     |                                        Picklocks:      45
   89.662     | Strength:  40     Agility: 40          Tracking:        0
   89.662     | Intellect: 40     Health:  40          Martial Arts:   14
   89.662     | Willpower: 40     Charm:   40          MagicRes:       40
   89.662     | [HP=57/MA=26]:
   97.288 --- train burst ---
   97.288     | /xgoto 289 1
   97.288     | [xgoto] 1/2190 -> 1/289; type 'look'.
   97.288     | The river bashes you up against some rocks!
   97.288     | train
   97.288     | You do not have the required experience to train yet!
   97.288     | [HP=44/MA=26]:/[HP=45/MA=28]:xgoto 2190 1
   97.288     | [xgoto] 1/289 -> 1/2190; type 'look'.
  100.897 --- stats ---
  100.897     | st
  100.897     | Name: Bard Minstrel                    Lives/CP:      9/170
  100.897     | Race: Human       Exp: 100000          Perception:     40
  100.897     | Class: Bard       Level: 8             Stealth:        57
  100.897     | Hits:    45/57    Armour Class:   0/0  Thievery:       52
  100.897     | Mana:    28/38    Spellcasting: 52     Traps:          54
  100.897     |                                        Picklocks:      45
  100.897     | Strength:  40     Agility: 40          Tracking:        0
  100.897     | Intellect: 40     Health:  40          Martial Arts:   14
  100.897     | Willpower: 40     Charm:   40          MagicRes:       40
  100.897     | [HP=45/MA=28]:
  100.897 level now 8
  104.504 --- top up exp (stall-proof) ---
  104.504     | /xexp 25000
  104.504     | You gain 25000 experience.
  104.504     | [HP=45/MA=28]:
  104.504     | [xexp] granted 25000 experience via _ADD_EXPERIENCE.
  108.114 --- refill purse (stall-proof) ---
  108.115     | /xcash 500000 copper
  108.115     | [xcash] copper: 499996 -> 500000; type 'i' to confirm.
  111.722 --- to healer ---
  111.722     | /xgoto 2190 1
  111.722     | [xgoto] 1/2190 -> 1/2190; type 'look'.
  116.134 --- heal to full ---
  116.135     | buy healing
  116.135     | You hand over 24 copper farthings and all your wounds are healed.
  116.135     | [HP=57/MA=28]:
  119.746 --- max-hp check ---
  119.746     | st
  119.746     | Name: Bard Minstrel                    Lives/CP:      9/170
  119.746     | Race: Human       Exp: 125000          Perception:     40
  119.746     | Class: Bard       Level: 8             Stealth:        57
  119.746     | Hits:    57/57    Armour Class:   0/0  Thievery:       52
  119.746     | Mana:    28/38    Spellcasting: 52     Traps:          54
  119.746     |                                        Picklocks:      45
  119.746     | Strength:  40     Agility: 40          Tracking:        0
  119.746     | Intellect: 40     Health:  40          Martial Arts:   14
  119.746     | Willpower: 40     Charm:   40          MagicRes:       40
  119.746     | [HP=57/MA=28]:
  127.203 --- train burst ---
  127.203     | /xgoto 289 1
  127.203     | [xgoto] 1/2190 -> 1/289; type 'look'.
  127.203     | The river bashes you up against some rocks!
  127.203     | train
  127.203     | You hand over 400 copper farthings and you receive training to attain level 9.
  127.203     | You receive the following:
  127.203     | 10 additional character points
  127.203     | [HP=42/MA=28]:/xgoto 2190 1
  127.203     | [xgoto] 1/289 -> 1/2190; type 'look'.
  127.203     | [HP=43/MA=30]:
  130.811 --- stats ---
  130.811     | st
  130.811     | Name: Bard Minstrel                    Lives/CP:      9/180
  130.811     | Race: Human       Exp: 125000          Perception:     40
  130.811     | Class: Bard       Level: 9             Stealth:        59
  130.811     | Hits:    43/62    Armour Class:   0/0  Thievery:       56
  130.811     | Mana:    30/42    Spellcasting: 54     Traps:          58
  130.811     |                                        Picklocks:      48
  130.811     | Strength:  40     Agility: 40          Tracking:        0
  130.811     | Intellect: 40     Health:  40          Martial Arts:   14
  130.811     | Willpower: 40     Charm:   40          MagicRes:       40
  130.811     | [HP=43/MA=30]:
  130.811 level now 9
  134.425 --- top up exp (stall-proof) ---
  134.425     | /xexp 25000
  134.425     | You gain 25000 experience.
  134.425     | [HP=43/MA=30]:
  134.425     | [xexp] granted 25000 experience via _ADD_EXPERIENCE.
  138.037 --- refill purse (stall-proof) ---
  138.037     | /xcash 500000 copper
  138.037     | [xcash] copper: 499576 -> 500000; type 'i' to confirm.
  141.648 --- to healer ---
  141.648     | /xgoto 2190 1
  141.649     | [xgoto] 1/2190 -> 1/2190; type 'look'.
  146.060 --- heal to full ---
  146.060     | buy healing
  146.060     | You hand over 38 copper farthings and all your wounds are healed.
  146.060     | [HP=62/MA=30]:
  149.670 --- max-hp check ---
  149.670     | st
  149.670     | Name: Bard Minstrel                    Lives/CP:      9/180
  149.670     | Race: Human       Exp: 150000          Perception:     40
  149.670     | Class: Bard       Level: 9             Stealth:        59
  149.670     | Hits:    62/62    Armour Class:   0/0  Thievery:       56
  149.670     | Mana:    30/42    Spellcasting: 54     Traps:          58
  149.670     |                                        Picklocks:      48
  149.670     | Strength:  40     Agility: 40          Tracking:        0
  149.670     | Intellect: 40     Health:  40          Martial Arts:   14
  149.670     | Willpower: 40     Charm:   40          MagicRes:       40
  149.670     | [HP=62/MA=30]:
  157.072 --- train burst ---
  157.072     | /xgoto 289 1
  157.072     | [xgoto] 1/2190 -> 1/289; type 'look'.
  157.072     | The river bashes you up against some rocks!
  157.072     | train
  157.072     | You do not have the required experience to train yet!
  157.072     | [HP=50/MA=30]:/xgoto 2190 1
  157.072     | [xgoto] 1/289 -> 1/2190; type 'look'.
  157.072     | [HP=51/MA=32]:
  160.683 --- stats ---
  160.683     | st
  160.683     | Name: Bard Minstrel                    Lives/CP:      9/180
  160.683     | Race: Human       Exp: 150000          Perception:     40
  160.683     | Class: Bard       Level: 9             Stealth:        59
  160.683     | Hits:    51/62    Armour Class:   0/0  Thievery:       56
  160.683     | Mana:    32/42    Spellcasting: 54     Traps:          58
  160.683     |                                        Picklocks:      48
  160.683     | Strength:  40     Agility: 40          Tracking:        0
  160.683     | Intellect: 40     Health:  40          Martial Arts:   14
  160.683     | Willpower: 40     Charm:   40          MagicRes:       40
  160.683     | [HP=51/MA=32]:
  160.683 level now 9
  164.293 --- top up exp (stall-proof) ---
  164.293     | /xexp 25000
  164.293     | You gain 25000 experience.
  164.293     | [HP=51/MA=32]:
  164.293     | [xexp] granted 25000 experience via _ADD_EXPERIENCE.
  167.912 --- refill purse (stall-proof) ---
  167.912     | /xcash 500000 copper
  167.912     | [xcash] copper: 499962 -> 500000; type 'i' to confirm.
  171.521 --- to healer ---
  171.521     | /xgoto 2190 1
  171.521     | [xgoto] 1/2190 -> 1/2190; type 'look'.
  175.932 --- heal to full ---
  175.932     | buy healing
  175.932     | You hand over 22 copper farthings and all your wounds are healed.
  175.932     | [HP=62/MA=32]:
  179.541 --- max-hp check ---
  179.541     | st
  179.541     | Name: Bard Minstrel                    Lives/CP:      9/180
  179.541     | Race: Human       Exp: 175000          Perception:     40
  179.541     | Class: Bard       Level: 9             Stealth:        59
  179.541     | Hits:    62/62    Armour Class:   0/0  Thievery:       56
  179.541     | Mana:    32/42    Spellcasting: 54     Traps:          58
  179.541     |                                        Picklocks:      48
  179.541     | Strength:  40     Agility: 40          Tracking:        0
  179.541     | Intellect: 40     Health:  40          Martial Arts:   14
  179.541     | Willpower: 40     Charm:   40          MagicRes:       40
  179.541     | [HP=62/MA=32]:
  187.001 --- train burst ---
  187.001     | /xgoto 289 1
  187.001     | [xgoto] 1/2190 -> 1/289; type 'look'.
  187.001     | train
  187.001     | You hand over 450 copper farthings and you receive training to attain level 10.
  187.001     | You receive the following:
  187.001     | 10 additional character points
  187.001     | [HP=62/MA=32]:The river bashes you up against some rocks!
  187.001     | /xgoto 2190 1
  187.001     | [xgoto] 1/289 -> 1/2190; type 'look'.
  187.001     | [HP=52/MA=34]:
  190.609 --- stats ---
  190.609     | st
  190.609     | Name: Bard Minstrel                    Lives/CP:      9/190
  190.609     | Race: Human       Exp: 175000          Perception:     40
  190.609     | Class: Bard       Level: 10            Stealth:        61
  190.609     | Hits:    52/67    Armour Class:   0/0  Thievery:       60
  190.610     | Mana:    34/46    Spellcasting: 56     Traps:          62
  190.610     |                                        Picklocks:      51
  190.610     | Strength:  40     Agility: 40          Tracking:        0
  190.610     | Intellect: 40     Health:  40          Martial Arts:   15
  190.610     | Willpower: 40     Charm:   40          MagicRes:       40
  190.610     | [HP=52/MA=34]:
  190.610 level now 10
  194.221 --- top up exp (stall-proof) ---
  194.221     | /xexp 25000
  194.221     | You gain 25000 experience.
  194.221     | [HP=52/MA=34]:
  194.221     | [xexp] granted 25000 experience via _ADD_EXPERIENCE.
  197.860 --- refill purse (stall-proof) ---
  197.860     | /xcash 500000 copper
  197.860     | [xcash] copper: 499528 -> 500000; type 'i' to confirm.
  201.468 --- to healer ---
  201.468     | /xgoto 2190 1
  201.468     | [xgoto] 1/2190 -> 1/2190; type 'look'.
  205.888 --- heal to full ---
  205.888     | buy healing
  205.888     | You hand over 30 copper farthings and all your wounds are healed.
  205.888     | [HP=67/MA=34]:
  209.500 --- max-hp check ---
  209.500     | st
  209.500     | Name: Bard Minstrel                    Lives/CP:      9/190
  209.500     | Race: Human       Exp: 200000          Perception:     40
  209.500     | Class: Bard       Level: 10            Stealth:        61
  209.500     | Hits:    67/67    Armour Class:   0/0  Thievery:       60
  209.500     | Mana:    34/46    Spellcasting: 56     Traps:          62
  209.500     |                                        Picklocks:      51
  209.500     | Strength:  40     Agility: 40          Tracking:        0
  209.500     | Intellect: 40     Health:  40          Martial Arts:   15
  209.500     | Willpower: 40     Charm:   40          MagicRes:       40
  209.500     | [HP=67/MA=34]:
  217.114 --- train burst ---
  217.114     | /xgoto 289 1
  217.114     | [xgoto] 1/2190 -> 1/289; type 'look'.
  217.114     | train
  217.114     | You do not have the required experience to train yet!
  217.114     | [HP=67/MA=34]:The river bashes you up against some rocks!
  217.114     | /xgoto 2190 1
  217.114     | [xgoto] 1/289 -> 1/2190; type 'look'.
  220.725 --- stats ---
  220.725     | [HP=53/MA=36]:st
  220.725     | Name: Bard Minstrel                    Lives/CP:      9/190
  220.725     | Race: Human       Exp: 200000          Perception:     40
  220.725     | Class: Bard       Level: 10            Stealth:        61
  220.725     | Hits:    53/67    Armour Class:   0/0  Thievery:       60
  220.725     | Mana:    36/46    Spellcasting: 56     Traps:          62
  220.725     |                                        Picklocks:      51
  220.725     | Strength:  40     Agility: 40          Tracking:        0
  220.725     | Intellect: 40     Health:  40          Martial Arts:   15
  220.725     | Willpower: 40     Charm:   40          MagicRes:       40
  220.725     | [HP=53/MA=36]:
  220.725 level now 10
  224.335 --- top up exp (stall-proof) ---
  224.335     | /xexp 25000
  224.335     | You gain 25000 experience.
  224.335     | [HP=53/MA=36]:
  224.335     | [xexp] granted 25000 experience via _ADD_EXPERIENCE.
  227.945 --- refill purse (stall-proof) ---
  227.945     | /xcash 500000 copper
  227.945     | [xcash] copper: 499970 -> 500000; type 'i' to confirm.
  231.560 --- to healer ---
  231.560     | /xgoto 2190 1
  231.560     | [xgoto] 1/2190 -> 1/2190; type 'look'.
  235.981 --- heal to full ---
  235.981     | buy healing
  235.981     | You hand over 28 copper farthings and all your wounds are healed.
  235.981     | [HP=67/MA=36]:
  239.592 --- max-hp check ---
  239.592     | st
  239.592     | Name: Bard Minstrel                    Lives/CP:      9/190
  239.592     | Race: Human       Exp: 225000          Perception:     40
  239.592     | Class: Bard       Level: 10            Stealth:        61
  239.592     | Hits:    67/67    Armour Class:   0/0  Thievery:       60
  239.592     | Mana:    36/46    Spellcasting: 56     Traps:          62
  239.592     |                                        Picklocks:      51
  239.592     | Strength:  40     Agility: 40          Tracking:        0
  239.592     | Intellect: 40     Health:  40          Martial Arts:   15
  239.592     | Willpower: 40     Charm:   40          MagicRes:       40
  239.592     | [HP=67/MA=36]:
  247.204 --- train burst ---
  247.204     | /xgoto 289 1
  247.204     | [xgoto] 1/2190 -> 1/289; type 'look'.
  247.204     | train
  247.204     | You do not have the required experience to train yet!
  247.204     | [HP=67/MA=36]:/xgoto 2190 1
  247.204     | [xgoto] 1/289 -> 1/2190; type 'look'.
  250.813 --- stats ---
  250.813     | [HP=67/MA=38]:st
  250.813     | Name: Bard Minstrel                    Lives/CP:      9/190
  250.813     | Race: Human       Exp: 225000          Perception:     40
  250.813     | Class: Bard       Level: 10            Stealth:        61
  250.813     | Hits:    67/67    Armour Class:   0/0  Thievery:       60
  250.813     | Mana:    38/46    Spellcasting: 56     Traps:          62
  250.813     |                                        Picklocks:      51
  250.813     | Strength:  40     Agility: 40          Tracking:        0
  250.813     | Intellect: 40     Health:  40          Martial Arts:   15
  250.813     | Willpower: 40     Charm:   40          MagicRes:       40
  250.813     | [HP=67/MA=38]:
  250.813 level now 10
  254.422 --- top up exp (stall-proof) ---
  254.422     | /xexp 25000
  254.422     | You gain 25000 experience.
  254.422     | [HP=67/MA=38]:
  254.422     | [xexp] granted 25000 experience via _ADD_EXPERIENCE.
  258.033 --- refill purse (stall-proof) ---
  258.033     | /xcash 500000 copper
  258.033     | [xcash] copper: 499972 -> 500000; type 'i' to confirm.
  261.644 --- to healer ---
  261.644     | /xgoto 2190 1
  261.644     | [xgoto] 1/2190 -> 1/2190; type 'look'.
  266.061 --- heal to full ---
  266.061     | buy healing
  266.061     | You hand over nothing and all your wounds are healed.
  266.061     | [HP=67/MA=38]:
  269.671 --- max-hp check ---
  269.671     | st
  269.671     | Name: Bard Minstrel                    Lives/CP:      9/190
  269.671     | Race: Human       Exp: 250000          Perception:     40
  269.671     | Class: Bard       Level: 10            Stealth:        61
  269.671     | Hits:    67/67    Armour Class:   0/0  Thievery:       60
  269.671     | Mana:    38/46    Spellcasting: 56     Traps:          62
  269.671     |                                        Picklocks:      51
  269.671     | Strength:  40     Agility: 40          Tracking:        0
  269.671     | Intellect: 40     Health:  40          Martial Arts:   15
  269.671     | Willpower: 40     Charm:   40          MagicRes:       40
  269.671     | [HP=67/MA=38]:
  277.282 --- train burst ---
  277.282     | /xgoto 289 1
  277.282     | [xgoto] 1/2190 -> 1/289; type 'look'.
  277.282     | train
  277.282     | You do not have the required experience to train yet!
  277.282     | [HP=67/MA=38]:/xgoto 2190 1
  277.282     | [xgoto] 1/289 -> 1/2190; type 'look'.
  280.894 --- stats ---
  280.894     | s[HP=67/MA=40]:t
  280.894     | Name: Bard Minstrel                    Lives/CP:      9/190
  280.894     | Race: Human       Exp: 250000          Perception:     40
  280.894     | Class: Bard       Level: 10            Stealth:        61
  280.894     | Hits:    67/67    Armour Class:   0/0  Thievery:       60
  280.894     | Mana:    40/46    Spellcasting: 56     Traps:          62
  280.894     |                                        Picklocks:      51
  280.894     | Strength:  40     Agility: 40          Tracking:        0
  280.894     | Intellect: 40     Health:  40          Martial Arts:   15
  280.894     | Willpower: 40     Charm:   40          MagicRes:       40
  280.894     | [HP=67/MA=40]:
  280.894 level now 10
  284.505 --- top up exp (stall-proof) ---
  284.505     | /xexp 25000
  284.505     | You gain 25000 experience.
  284.505     | [HP=67/MA=40]:
  284.505     | [xexp] granted 25000 experience via _ADD_EXPERIENCE.
  288.115 --- refill purse (stall-proof) ---
  288.115     | /xcash 500000 copper
  288.115     | [xcash] copper: 500000 -> 500000; type 'i' to confirm.
  291.725 --- to healer ---
  291.725     | /xgoto 2190 1
  291.725     | [xgoto] 1/2190 -> 1/2190; type 'look'.
  296.138 --- heal to full ---
  296.138     | buy healing
  296.138     | You hand over nothing and all your wounds are healed.
  296.138     | [HP=67/MA=40]:
  299.750 --- max-hp check ---
  299.750     | st
  299.750     | Name: Bard Minstrel                    Lives/CP:      9/190
  299.750     | Race: Human       Exp: 275000          Perception:     40
  299.750     | Class: Bard       Level: 10            Stealth:        61
  299.750     | Hits:    67/67    Armour Class:   0/0  Thievery:       60
  299.750     | Mana:    40/46    Spellcasting: 56     Traps:          62
  299.750     |                                        Picklocks:      51
  299.750     | Strength:  40     Agility: 40          Tracking:        0
  299.750     | Intellect: 40     Health:  40          Martial Arts:   15
  299.750     | Willpower: 40     Charm:   40          MagicRes:       40
  299.750     | [HP=67/MA=40]:
  307.365 --- train burst ---
  307.365     | /xgoto 289 1
  307.365     | [xgoto] 1/2190 -> 1/289; type 'look'.
  307.365     | train
  307.365     | You hand over 500 copper farthings and you receive training to attain level 11.
  307.365     | You receive the following:
  307.365     | 15 additional character points
  307.365     | [HP=67/MA=40]:/xgoto 2190 1
  307.365     | [xgoto] 1/289 -> 1/2190; type 'look'.
  311.265 --- stats ---
  311.265     | st
  311.265     | Name: Bard Minstrel                    Lives/CP:      9/205
  311.265     | Race: Human       Exp: 275000          Perception:     40
  311.265     | Class: Bard       Level: 11            Stealth:        63
  311.265     | Hits:    67/72    Armour Class:   0/0  Thievery:       64
  311.265     | Mana:    40/50    Spellcasting: 58     Traps:          66
  311.265     |                                        Picklocks:      54
  311.265     | Strength:  40     Agility: 40          Tracking:        0
  311.265     | Intellect: 40     Health:  40          Martial Arts:   15
  311.265     | Willpower: 40     Charm:   40          MagicRes:       40
  311.265     | [HP=67/MA=40]:[HP=68/MA=43]:
  311.265 level now 11
  314.878 --- top up exp (stall-proof) ---
  314.878     | /xexp 25000
  314.878     | You gain 25000 experience.
  314.878     | [HP=68/MA=43]:
  314.878     | [xexp] granted 25000 experience via _ADD_EXPERIENCE.
  318.486 --- refill purse (stall-proof) ---
  318.486     | /xcash 500000 copper
  318.486     | [xcash] copper: 499500 -> 500000; type 'i' to confirm.
  322.096 --- to healer ---
  322.096     | /xgoto 2190 1
  322.096     | [xgoto] 1/2190 -> 1/2190; type 'look'.
  326.511 --- heal to full ---
  326.511     | buy healing
  326.511     | You hand over 8 copper farthings and all your wounds are healed.
  326.511     | [HP=72/MA=43]:
  330.123 --- max-hp check ---
  330.123     | st
  330.123     | Name: Bard Minstrel                    Lives/CP:      9/205
  330.123     | Race: Human       Exp: 300000          Perception:     40
  330.123     | Class: Bard       Level: 11            Stealth:        63
  330.123     | Hits:    72/72    Armour Class:   0/0  Thievery:       64
  330.123     | Mana:    43/50    Spellcasting: 58     Traps:          66
  330.123     |                                        Picklocks:      54
  330.123     | Strength:  40     Agility: 40          Tracking:        0
  330.123     | Intellect: 40     Health:  40          Martial Arts:   15
  330.123     | Willpower: 40     Charm:   40          MagicRes:       40
  330.123     | [HP=72/MA=43]:
  337.740 --- train burst ---
  337.740     | /xgoto 289 1
  337.740     | [xgoto] 1/2190 -> 1/289; type 'look'.
  337.740     | train
  337.740     | You do not have the required experience to train yet!
  337.740     | [HP=72/MA=43]:/xgoto 2190 1
  337.740     | [xgoto] 1/289 -> 1/2190; type 'look'.
  341.560 --- stats ---
  341.560     | st
  341.560     | Name: Bard Minstrel                    Lives/CP:      9/205
  341.560     | Race: Human       Exp: 300000          Perception:     40
  341.560     | Class: Bard       Level: 11            Stealth:        63
  341.560     | Hits:    72/72    Armour Class:   0/0  Thievery:       64
  341.560     | Mana:    43/50    Spellcasting: 58     Traps:          66
  341.560     |                                        Picklocks:      54
  341.560     | Strength:  40     Agility: 40          Tracking:        0
  341.560     | Intellect: 40     Health:  40          Martial Arts:   15
  341.560     | Willpower: 40     Charm:   40          MagicRes:       40
  341.560     | [HP=72/MA=43]:[HP=72/MA=46]:
  341.560 level now 11
  345.170 --- top up exp (stall-proof) ---
  345.170     | /xexp 25000
  345.170     | You gain 25000 experience.
  345.170     | [HP=72/MA=46]:
  345.170     | [xexp] granted 25000 experience via _ADD_EXPERIENCE.
  348.791 --- refill purse (stall-proof) ---
  348.791     | /xcash 500000 copper
  348.791     | [xcash] copper: 499992 -> 500000; type 'i' to confirm.
  352.401 --- to healer ---
  352.401     | /xgoto 2190 1
  352.401     | [xgoto] 1/2190 -> 1/2190; type 'look'.
  356.813 --- heal to full ---
  356.813     | buy healing
  356.813     | You hand over nothing and all your wounds are healed.
  356.813     | [HP=72/MA=46]:
  360.425 --- max-hp check ---
  360.425     | st
  360.425     | Name: Bard Minstrel                    Lives/CP:      9/205
  360.425     | Race: Human       Exp: 325000          Perception:     40
  360.425     | Class: Bard       Level: 11            Stealth:        63
  360.425     | Hits:    72/72    Armour Class:   0/0  Thievery:       64
  360.425     | Mana:    46/50    Spellcasting: 58     Traps:          66
  360.425     |                                        Picklocks:      54
  360.425     | Strength:  40     Agility: 40          Tracking:        0
  360.425     | Intellect: 40     Health:  40          Martial Arts:   15
  360.425     | Willpower: 40     Charm:   40          MagicRes:       40
  360.425     | [HP=72/MA=46]:
  368.037 --- train burst ---
  368.037     | /xgoto 289 1
  368.037     | [xgoto] 1/2190 -> 1/289; type 'look'.
  368.037     | train
  368.037     | You do not have the required experience to train yet!
  368.037     | [HP=72/MA=46]:/xgoto 2190 1
  368.037     | [xgoto] 1/289 -> 1/2190; type 'look'.
  371.941 --- stats ---
  371.941     | st
  371.941     | Name: Bard Minstrel                    Lives/CP:      9/205
  371.941     | Race: Human       Exp: 325000          Perception:     40
  371.941     | Class: Bard       Level: 11            Stealth:        63
  371.941     | Hits:    72/72    Armour Class:   0/0  Thievery:       64
  371.941     | Mana:    46/50    Spellcasting: 58     Traps:          66
  371.941     |                                        Picklocks:      54
  371.941     | Strength:  40     Agility: 40          Tracking:        0
  371.941     | Intellect: 40     Health:  40          Martial Arts:   15
  371.941     | Willpower: 40     Charm:   40          MagicRes:       40
  371.941     | [HP=72/MA=46]:[HP=72/MA=49]:
  371.942 level now 11
  375.552 --- top up exp (stall-proof) ---
  375.552     | /xexp 25000
  375.552     | You gain 25000 experience.
  375.552     | [HP=72/MA=49]:
  375.552     | [xexp] granted 25000 experience via _ADD_EXPERIENCE.
  379.163 --- refill purse (stall-proof) ---
  379.163     | /xcash 500000 copper
  379.163     | [xcash] copper: 500000 -> 500000; type 'i' to confirm.
  382.774 --- to healer ---
  382.774     | /xgoto 2190 1
  382.774     | [xgoto] 1/2190 -> 1/2190; type 'look'.
  387.187 --- heal to full ---
  387.187     | buy healing
  387.187     | You hand over nothing and all your wounds are healed.
  387.187     | [HP=72/MA=49]:
  390.798 --- max-hp check ---
  390.798     | st
  390.798     | Name: Bard Minstrel                    Lives/CP:      9/205
  390.798     | Race: Human       Exp: 350000          Perception:     40
  390.798     | Class: Bard       Level: 11            Stealth:        63
  390.798     | Hits:    72/72    Armour Class:   0/0  Thievery:       64
  390.798     | Mana:    49/50    Spellcasting: 58     Traps:          66
  390.798     |                                        Picklocks:      54
  390.798     | Strength:  40     Agility: 40          Tracking:        0
  390.798     | Intellect: 40     Health:  40          Martial Arts:   15
  390.798     | Willpower: 40     Charm:   40          MagicRes:       40
  390.798     | [HP=72/MA=49]:
  398.411 --- train burst ---
  398.411     | /xgoto 289 1
  398.411     | [xgoto] 1/2190 -> 1/289; type 'look'.
  398.411     | The river bashes you up against some rocks!
  398.411     | train
  398.414     | You do not have the required experience to train yet!
  398.414     | [HP=62/MA=49]:/xgoto 2190 1
  398.414     | [xgoto] 1/289 -> 1/2190; type 'look'.
  402.292 --- stats ---
  402.292     | st
  402.292     | Name: Bard Minstrel                    Lives/CP:      9/205
  402.292     | Race: Human       Exp: 350000          Perception:     40
  402.292     | Class: Bard       Level: 11            Stealth:        63
  402.292     | Hits:    62/72    Armour Class:   0/0  Thievery:       64
  402.292     | Mana:    49/50    Spellcasting: 58     Traps:          66
  402.292     |                                        Picklocks:      54
  402.292     | Strength:  40     Agility: 40          Tracking:        0
  402.292     | Intellect: 40     Health:  40          Martial Arts:   15
  402.292     | Willpower: 40     Charm:   40          MagicRes:       40
  402.292     | [HP=62/MA=49]:[HP=63/MA=50]:
  402.292 level now 11
  405.899 --- top up exp (stall-proof) ---
  405.899     | /xexp 25000
  405.899     | You gain 25000 experience.
  405.899     | [HP=63/MA=50]:
  405.899     | [xexp] granted 25000 experience via _ADD_EXPERIENCE.
  409.508 --- refill purse (stall-proof) ---
  409.508     | /xcash 500000 copper
  409.508     | [xcash] copper: 500000 -> 500000; type 'i' to confirm.
  413.119 --- to healer ---
  413.119     | /xgoto 2190 1
  413.119     | [xgoto] 1/2190 -> 1/2190; type 'look'.
  417.534 --- heal to full ---
  417.534     | buy healing
  417.534     | You hand over 18 copper farthings and all your wounds are healed.
  417.534     | [HP=72/MA=50]:
  421.145 --- max-hp check ---
  421.145     | st
  421.145     | Name: Bard Minstrel                    Lives/CP:      9/205
  421.145     | Race: Human       Exp: 375000          Perception:     40
  421.145     | Class: Bard       Level: 11            Stealth:        63
  421.145     | Hits:    72/72    Armour Class:   0/0  Thievery:       64
  421.145     | Mana:    50/50    Spellcasting: 58     Traps:          66
  421.145     |                                        Picklocks:      54
  421.145     | Strength:  40     Agility: 40          Tracking:        0
  421.145     | Intellect: 40     Health:  40          Martial Arts:   15
  421.145     | Willpower: 40     Charm:   40          MagicRes:       40
  421.145     | [HP=72/MA=50]:
  428.756 --- train burst ---
  428.756     | /xgoto 289 1
  428.757     | [xgoto] 1/2190 -> 1/289; type 'look'.
  428.757     | The river bashes you up against some rocks!
  428.757     | train
  428.757     | You do not have the required experience to train yet!
  428.757     | [HP=53/MA=50]:/xgoto 2190 1
  428.757     | [xgoto] 1/289 -> 1/2190; type 'look'.
  432.365 --- stats ---
  432.365     | st
  432.365     | Name: Bard Minstrel                    Lives/CP:      9/205
  432.365     | Race: Human       Exp: 375000          Perception:     40
  432.365     | Class: Bard       Level: 11            Stealth:        63
  432.365     | Hits:    53/72    Armour Class:   0/0  Thievery:       64
  432.365     | Mana:    50/50    Spellcasting: 58     Traps:          66
  432.365     |                                        Picklocks:      54
  432.365     | Strength:  40     Agility: 40          Tracking:        0
  432.365     | Intellect: 40     Health:  40          Martial Arts:   15
  432.365     | Willpower: 40     Charm:   40          MagicRes:       40
  432.365     | [HP=53/MA=50]:
  432.365 level now 11
  435.971 --- top up exp (stall-proof) ---
  435.972     | [HP=54/MA=50]:/xexp 25000
  435.972     | You gain 25000 experience.
  435.972     | [HP=54/MA=50]:
  435.972     | [xexp] granted 25000 experience via _ADD_EXPERIENCE.
  439.579 --- refill purse (stall-proof) ---
  439.579     | /xcash 500000 copper
  439.579     | [xcash] copper: 499982 -> 500000; type 'i' to confirm.
  443.190 --- to healer ---
  443.190     | /xgoto 2190 1
  443.190     | [xgoto] 1/2190 -> 1/2190; type 'look'.
  447.604 --- heal to full ---
  447.604     | buy healing
  447.604     | You hand over 36 copper farthings and all your wounds are healed.
  447.604     | [HP=72/MA=50]:
  451.216 --- max-hp check ---
  451.216     | st
  451.216     | Name: Bard Minstrel                    Lives/CP:      9/205
  451.216     | Race: Human       Exp: 400000          Perception:     40
  451.216     | Class: Bard       Level: 11            Stealth:        63
  451.216     | Hits:    72/72    Armour Class:   0/0  Thievery:       64
  451.216     | Mana:    50/50    Spellcasting: 58     Traps:          66
  451.216     |                                        Picklocks:      54
  451.216     | Strength:  40     Agility: 40          Tracking:        0
  451.216     | Intellect: 40     Health:  40          Martial Arts:   15
  451.216     | Willpower: 40     Charm:   40          MagicRes:       40
  451.216     | [HP=72/MA=50]:
  458.829 --- train burst ---
  458.829     | /xgoto 289 1
  458.829     | [xgoto] 1/2190 -> 1/289; type 'look'.
  458.829     | The river bashes you up against some rocks!
  458.829     | train
  458.829     | You hand over 550 copper farthings and you receive training to attain level 12.
  458.829     | You receive the following:
  458.829     | 15 additional character points
  458.829     | [HP=59/MA=50]:/xgoto 2190 1
  458.829     | [xgoto] 1/289 -> 1/2190; type 'look'.
  462.441 --- stats ---
  462.441     | st
  462.442     | Name: Bard Minstrel                    Lives/CP:      9/220
  462.442     | Race: Human       Exp: 400000          Perception:     40
  462.442     | Class: Bard       Level: 12            Stealth:        65
  462.442     | Hits:    59/78    Armour Class:   0/0  Thievery:       68
  462.442     | Mana:    50/54    Spellcasting: 60     Traps:          70
  462.442     |                                        Picklocks:      57
  462.442     | Strength:  40     Agility: 40          Tracking:        0
  462.442     | Intellect: 40     Health:  40          Martial Arts:   15
  462.442     | Willpower: 40     Charm:   40          MagicRes:       40
  462.442     | [HP=59/MA=50]:
  462.442 level now 12
  462.442 === level 12 reached; CP left unspent by design ===
  467.250 --- logout ---
  467.250     | [HP=60/MA=53]:x
  467.250     | You will exit after a period of silent meditation.
  467.250     | ..........
  467.250 done
