   10.462 --- STATS on entry ---
   10.462     | st
   10.462     | Name: Bard Minstrel                    Lives/CP:      9/250
   10.462     | Race: Human       Exp: 875000          Perception:     40
   10.462     | Class: Bard       Level: 14            Stealth:        69
   10.462     | Hits:    89/93    Armour Class:   0/0  Thievery:       76
   10.462     | Mana:    61/62    Spellcasting: 64     Traps:          78
   10.462     |                                        Picklocks:      62
   10.462     | Strength:  40     Agility: 40          Tracking:        0
   10.462     | Intellect: 40     Health:  40          Martial Arts:   15
   10.462     | Willpower: 40     Charm:   40          MagicRes:       40
   10.462     | [HP=89/MA=61]:
   14.072 --- purse ---
   14.072     | /xcash 3000 copper
   14.072     | [xcash] copper: 499350 -> 3000; type 'i' to confirm.
   22.104 HP 93 MA 61
   22.104 === TIGHT EXPIRY: charm, then poll every 10s for the release ===
   35.923 --- cast char 0 ---
   35.923     | c char kobold
   35.923     | You do not see kobold here!
   35.923     | [HP=85/MA=62]:
   54.385 --- cast char 1 ---
   54.385     | c char kobold
   54.385     | You do not see kobold here!
   54.385     | [HP=85/MA=62]:
   72.838 --- cast char 2 ---
   72.838     | c char kobold
   72.838     | You do not see kobold here!
   72.838     | [HP=86/MA=62]:
   91.118 --- cast char 3 ---
   91.118     | c char kobold
   91.118     | You do not see kobold here!
   91.118     | [HP=86/MA=62]:[HP=87/MA=62]:
  109.579 --- cast char 4 ---
  109.579     | c char kobold
  109.579     | You do not see kobold here!
  109.579     | [HP=87/MA=62]:
  128.037 --- cast char 5 ---
  128.037     | c char kobold
  128.037     | You do not see kobold here!
  128.037     | [HP=88/MA=62]:
  146.489 --- cast char 6 ---
  146.489     | c char kobold
  146.490     | You do not see kobold here!
  146.490     | [HP=88/MA=62]:
  164.865 --- cast char 7 ---
  164.865     | c char kobold
  164.865     | You do not see kobold here!
  164.865     | [HP=89/MA=62]:
  183.351 --- cast char 8 ---
  183.351     | c char kobold
  183.351     | You do not see kobold here!
  183.351     | [HP=89/MA=62]:[HP=90/MA=62]:
  201.553 --- cast char 9 ---
  201.553     | c char kobold
  201.553     | You do not see kobold here!
  201.553     | [HP=90/MA=62]:nasty kobold moves into the room from the nCorthwest.
  201.553     | [HP=90/MA=62]:
  215.797 no charm for the expiry block
  215.797 === E5: song of foolishness ===
  223.824 HP 93 MA 62
  227.434 --- st BEFORE passive cast ---
  227.434     | st
  227.434     | Name: Bard Minstrel                    Lives/CP:      9/250
  227.434     | Race: Human       Exp: 875000          Perception:     40
  227.434     | Class: Bard       Level: 14            Stealth:        69
  227.434     | Hits:    93/93    Armour Class:   0/0  Thievery:       76
  227.434     | Mana:    62/62    Spellcasting: 64     Traps:          78
  227.434     |                                        Picklocks:      62
  227.434     | Strength:  40     Agility: 40          Tracking:        0
  227.434     | Intellect: 40     Health:  40          Martial Arts:   15
  227.434     | Willpower: 40     Charm:   40          MagicRes:       40
  227.434     | [HP=93/MA=62]:
  270.161 --- fool at a PASSIVE kobold ---
  270.161     | c fool kobold
  270.161     | You sing the song of foolishness to kobold!
  270.161     | [HP=69/MA=56]:[HP=69/MA=56]:The kobold stabs you for 8 damage!
  270.161     | [HP=61/MA=56]:The kobold stabs you for 2 damage!
  270.161     | [HP=59/MA=56]:
  276.103 --- grudge check ---
  276.103     | look
  276.103     | Rocky Path
  276.103     |     This narrow, rock-strewn path twists its way up the gently climbing slope.
  276.103     | In many places the path has nearly vanished due to neglect and disuse, the
  276.103     | stones concealing its presence. Here and there, however, small bootprints can
  276.103     | be seen in the mud.
  276.103     | Also here: kobold.
  276.103     | Obvious exits: nTorth, sEouthwest
  276.103     | [HP=59/MA=56]:The kobold stabs you for 5 damage!
  276.103     | [HP=54/MA=56]:The kobold stabs you for 3 damage!
  276.103     | [HP=51/MA=56]:[HP=52/MA=59]:
  282.922 --- st AFTER passive cast ---
  282.922     | st
  282.922     | Name: Bard Minstrel                    Lives/CP:      9/250
  282.922     | Race: Human       Exp: 875000          Perception:     40
  282.922     | Class: Bard       Level: 14            Stealth:        69
  282.922     | Hits:    52/93    Armour Class:   0/0  Thievery:       76
  282.922     | Mana:    59/62    Spellcasting: 64     Traps:          78
  282.922     |                                        Picklocks:      62
  282.922     | Strength:  40     Agility: 40          Tracking:        0
  282.922     | Intellect: 40     Health:  40          Martial Arts:   15
  282.922     | Willpower: 40     Charm:   40          MagicRes:       40
  282.922     | [HP=52/MA=59]:
  290.946 HP 93 MA 59
  324.711 --- engage first ---
  324.711     | The kobold stabs you for 2 damage!
  324.711     | [HP=82/MA=62]:The kobold stabs you for 6 damage!
  324.711     | [HP=76/MA=62]:a kobold
  324.711     | *Combat Engaged*
  324.711     | [HP=76/MA=62]:
  328.321 --- st BEFORE engaged cast ---
  328.322     | You swing at kobold!
  328.322     | [HP=76/MA=62]:You swing at kobold!
  328.322     | [HP=76/MA=62]:Your swing at kobold hits, but glances off its armour.
  328.322     | [HP=76/MA=62]:The kobold stabs you for 4 damage!
  328.322     | [HP=72/MA=62]:The kobold stabs you for 7 damage!
  328.322     | [HP=65/MA=62]:st
  328.322     | Name: Bard Minstrel                    Lives/CP:      9/250
  328.322     | Race: Human       Exp: 875000          Perception:     40
  328.322     | Class: Bard       Level: 14            Stealth:        69
  328.322     | Hits:    65/93    Armour Class:   0/0  Thievery:       76
  328.322     | Mana:    62/62    Spellcasting: 64     Traps:          78
  328.322     |                                        Picklocks:      62
  328.322     | Strength:  40     Agility: 40          Tracking:        0
  328.322     | Intellect: 40     Health:  40          Martial Arts:   15
  328.322     | Willpower: 40     Charm:   40          MagicRes:       40
  328.322     | [HP=65/MA=62]:
  334.075 --- fool at the ENGAGED kobold ---
  334.075     | c fool kobold
  334.075     | *Combat Off*
  334.075     | [HP=65/MA=62]:You sing the song of foolishness to kobold!
  334.075     | [HP=65/MA=56]:[HP=65/MA=56]:The kobold stabs you for 4 damage!
  334.075     | [HP=61/MA=56]:The kobold stabs you for 2 damage!
  334.075     | [HP=59/MA=56]:
  340.893 --- st AFTER engaged cast ---
  340.893     | st
  340.893     | Name: Bard Minstrel                    Lives/CP:      9/250
  340.893     | Race: Human       Exp: 875000          Perception:     40
  340.893     | Class: Bard       Level: 14            Stealth:        69
  340.893     | Hits:    46/93    Armour Class:   0/0  Thievery:       76
  340.893     | Mana:    59/62    Spellcasting: 64     Traps:          78
  340.894     |                                        Picklocks:      62
  340.894     | Strength:  40     Agility: 40          Tracking:        0
  340.894     | Intellect: 40     Health:  40          Martial Arts:   15
  340.894     | Willpower: 40     Charm:   40          MagicRes:       40
  340.894     | [HP=46/MA=59]:
  340.894 === E6: strand test (teleport-only; no walking) ===
  348.917 HP 93 MA 59
  362.389 --- cast char 0 ---
  362.389     | c char kobold
  362.389     | You attempt to cast song of charming at nasty kobold, but the spell is resisted.
  362.389     | [HP=81/MA=59]:[HP=81/MA=57]:The nasty kobold stabs you for 5 damage!
  362.389     | [HP=76/MA=57]:The nasty kobold stabs you for 6 damage!
  362.389     | [HP=70/MA=57]:
  362.389   RESIST
  366.720 --- cast char 1 ---
  366.720     | c char kobold
  366.720     | You attempt to cast song of charming at nasty kobold, but the spell is resisted.
  366.720     | [HP=70/MA=57]:[HP=70/MA=55]:The nasty kobold stabs you for 6 damage!
  366.720     | [HP=64/MA=55]:The nasty kobold stabs you for 5 damage!
  366.720     | [HP=59/MA=55]:[HP=60/MA=58]:
  366.720   RESIST
  371.041 --- cast char 2 ---
  371.041     | c char kobold
  371.041     | You attempt to cast song of charming, but fail.
  371.041     | [HP=60/MA=56]:[HP=60/MA=56]:The nasty kobold stabs you for 9 damage!
  371.041     | [HP=51/MA=56]:
  375.458 --- cast char 3 ---
  375.458     | The nasty kobold stabs you for 5 damage!
  375.458     | [HP=46/MA=56]:c char kobold
  375.458     | You attempt to cast song of charming, but fail.
  375.458     | [HP=46/MA=54]:[HP=46/MA=54]:
  379.875 --- cast char 4 ---
  379.875     | The nasty kobold stabs you for 4 damage!
  379.875     | [HP=42/MA=54]:The nasty kobold stabs you for 4 damage!
  379.875     | [HP=38/MA=54]:c char kobold
  379.875     | You sing the song of charming to nasty kobold!
  379.875     | [HP=38/MA=50]:[HP=38/MA=50]:
  398.300 --- cast char 5 ---
  398.300     | c char kobold
  398.300     | You sing the song of charming to nasty kobold!
  398.300     | [HP=38/MA=46]:[HP=38/MA=46]:[HP=39/MA=49]:
  416.762 --- cast char 6 ---
  416.762     | c char kobold
  416.762     | You sing the song of charming to nasty kobold!
  416.762     | [HP=39/MA=45]:[HP=39/MA=45]:
  435.221 --- cast char 7 ---
  435.221     | c char kobold
  435.222     | You attempt to cast song of charming, but fail.
  435.222     | [HP=40/MA=46]:[HP=40/MA=46]:
  439.638 --- cast char 8 ---
  439.638     | c char kobold
  439.638     | You sing the song of charming to nasty kobold!
  439.638     | [HP=40/MA=42]:[HP=40/MA=42]:
  458.097 --- cast char 9 ---
  458.097     | c char kobold
  458.097     | You sing the song of charming to nasty kobold!
  458.097     | [HP=40/MA=38]:[HP=40/MA=38]:
  472.139 no charm for the strand test
  472.139 === finish capture complete ===
  481.171 --- logout ---
  481.171     | x
  481.171     | You will exit after a period of silent meditation.
  481.171     | .............
  481.171 done
