   10.485 --- STATS on entry ---
   10.485     | [HP=14/MA=62]:st
   10.485     | Name: Bard Minstrel                    Lives/CP:      8/250
   10.485     | Race: Human       Exp: 875000          Perception:     40
   10.485     | Class: Bard       Level: 14            Stealth:        69
   10.485     | Hits:    14/93    Armour Class:   0/0  Thievery:       76
   10.485     | Mana:    62/62    Spellcasting: 64     Traps:          78
   10.485     |                                        Picklocks:      62
   10.485     | Strength:  40     Agility: 40          Tracking:        0
   10.485     | Intellect: 40     Health:  40          Martial Arts:   15
   10.485     | Willpower: 40     Charm:   40          MagicRes:       40
   10.485     | [HP=14/MA=62]:
   14.095 --- purse ---
   14.095     | /xcash 3000 copper
   14.095     | [xcash] copper: 3000 -> 3000; type 'i' to confirm.
   22.120 HP 93 MA 62
  175.689 === single kobold in room 731; waiting for it to prove hostility ===
  178.727 === hostility established; singing until its attacks CEASE ===
  186.749 HP -8 MA 62
  194.092 --- sing 0 ---
  194.092     | c char kobold
  194.092     | You may not do that while you are mortally wounded!
  194.092     | [HP=-8/MA=62]:[HP=-9/MA=62]:kobold just left upwards.
  194.092     | [HP=-9/MA=62]:
  219.409 === CHARM CONFIRMED BY SUPPRESSION (sing 0) ===
  247.097 === strand test: 40s exiles, suppression check on each return ===
  296.059 --- strand 0 return ---
  296.059     | look
  296.059     | Rocky Path
  296.059     |     This narrow, rock-strewn path twists its way up the gently climbing slope.
  296.059     | In many places the path has nearly vanished due to neglect and disuse, the
  296.059     | stones concealing its presence. Here and there, however, small bootprints can
  296.059     | be seen in the mud.
  296.059     | Obvious exits: sTouth, uGp
  296.059     | [HP=-12/MA=62]:
  296.059 pet GONE after 1 strand cycles (+77s from charm)
  296.059 === definitive capture complete ===
  304.893 --- logout ---
  304.893     | x
  304.893     | You may not exit MajorMud while you are mortally wounded!
  304.893     | [HP=-12/MA=62]:
  304.893 done
