   10.368 --- STATS on entry ---
   10.368     | st
   10.368     | Name: Bard Minstrel                    Lives/CP:      4/220
   10.368     | Race: Human       Exp: 400000          Perception:     40
   10.368     | Class: Bard       Level: 12            Stealth:        65
   10.368     | Hits:    78/78    Armour Class:   0/0  Thievery:       68
   10.368     | Mana:    54/54    Spellcasting: 60     Traps:          70
   10.368     |                                        Picklocks:      57
   10.368     | Strength:  40     Agility: 40          Tracking:        0
   10.368     | Intellect: 40     Health:  40          Martial Arts:   15
   10.368     | Willpower: 40     Charm:   40          MagicRes:       40
   10.368     | [HP=78/MA=54]:
   13.988 --- spellbook ---
   13.988     | spells
   13.988     | You have the following spells:
   13.988     | Level Mana Short Spell Name
   13.988     |   4   4    char  song of charming
   13.988     |   5   6    fool  song of foolishness
   13.988     | [HP=78/MA=54]:
   17.597 --- purse ---
   17.597     | /xcash 3000 copper
   17.597     | [xcash] copper: 0 -> 3000; type 'i' to confirm.
   25.623 HP 78 MA 54
   25.623 === E4: charm lifecycle ===
