   10.639 --- heal purse ---
   10.640     | /xcash 2000 copper
   10.640     | [xcash] copper: 600 -> 2000; type 'i' to confirm.
   10.640     | The giant bat snaps at you with its teeth!
   10.640     | [HP=64]:The giant bat snaps at you with its teeth!
   10.640     | [HP=64]:[HP=65]:
   18.667 healed to 72
  146.976 P0: no rat found this sweep; continuing
  275.646 P0: no rat found this sweep; continuing
  404.552 P0: no rat found this sweep; continuing
  412.593 healed to 72
  541.198 P0: no rat found this sweep; continuing
  670.582 P0: no rat found this sweep; continuing
  798.704 P0: no rat found this sweep; continuing
  926.502 P0: no rat found this sweep; continuing
 1054.638 P0: no rat found this sweep; continuing
 1062.738 healed to 72
 1190.862 P0: no rat found this sweep; continuing
 1319.028 P0: no rat found this sweep; continuing
 1327.076 healed to 72
 1455.520 P2: no rat found this sweep; continuing
 1584.171 P2: no rat found this sweep; continuing
 1712.490 P2: no rat found this sweep; continuing
 1841.227 P2: no rat found this sweep; continuing
 1970.348 P2: no rat found this sweep; continuing
 2099.370 P2: no rat found this sweep; continuing
 2107.650 healed to 72
 2235.782 P2: no rat found this sweep; continuing
 2364.498 P2: no rat found this sweep; continuing
 2493.635 P2: no rat found this sweep; continuing
 2501.698 healed to 72
 2630.154 P2: no rat found this sweep; continuing
 2758.813 P1: no rat found this sweep; continuing
 2887.926 P1: no rat found this sweep; continuing
 3016.711 P1: no rat found this sweep; continuing
 3024.771 healed to 72
 3152.847 P1: no rat found this sweep; continuing
 3281.450 P1: no rat found this sweep; continuing
 3410.499 P1: no rat found this sweep; continuing
 3418.562 healed to 72
 3546.903 P1: no rat found this sweep; continuing
