    6.833 === config a2: target 'giant bat' ===
   10.438 --- inventory (pre-staging) ---
   10.438     | i
   10.438     | You are carrying 1100 copper farthings, gilded robes (Torso), chain coif (Head),
   10.438     | displacer fur cloak (Back), beaded belt (Waist), violet orchid (Worn), wooden
   10.438     | hammer (Weapon Hand)
   10.438     | You have no keys.
   10.438     | Wealth: 1100 copper farthings
   10.438     | Encumbrance: 827/2880 - Light [28%]
   10.438     | [HP=72]:
   17.268 --- summon black shield ---
   17.269     | sysop summon black shield
   17.269     | black shield conjured.
   17.269     | [HP=72]:
   20.533 --- summon darkwood ring ---
   20.534     | sysop summon darkwood ring
   20.534     | darkwood ring conjured.
   20.534     | [HP=72]:
   23.741 --- wear black shield ---
   23.741     | wear black shield
   23.741     | You are now wearing black shield.
   23.741     | [HP=72]:
   26.949 --- wear darkwood ring ---
   26.949     | wear darkwood ring
   26.949     | You are now wearing darkwood ring.
   26.949     | [HP=72]:
   29.752 --- zero runic ---
   29.752     | /xcash 0 runic
   29.752     | [xcash] runic: 0 -> 0; type 'i' to confirm.
   32.563 --- zero platinum ---
   32.563     | /xcash 0 platinum
   32.563     | [xcash] platinum: 0 -> 0; type 'i' to confirm.
   35.365 --- zero gold ---
   35.365     | /xcash 0 gold
   35.365     | [xcash] gold: 0 -> 0; type 'i' to confirm.
   38.167 --- zero silver ---
   38.167     | /xcash 0 silver
   38.167     | [xcash] silver: 0 -> 0; type 'i' to confirm.
   40.970 --- purse ---
   40.970     | /xcash 350 copper
   40.970     | [xcash] copper: 1100 -> 350; type 'i' to confirm.
   44.574 --- STATS (accuracy inputs) ---
   44.574     | st
   44.574     | Name: Oracle Delver                    Lives/CP:      9/120
   44.574     | Race: Dwarf       Exp: 9700            Perception:     35
   44.574     | Class: Warrior    Level: 3             Stealth:         0
   44.574     | Hits:    72/72    Armour Class:  17/0  Thievery:        0
   44.574     |                                        Traps:           0
   44.574     |                                        Picklocks:       0
   44.574     | Strength:  50     Agility: 30          Tracking:        0
   44.574     | Intellect: 30     Health:  50          Martial Arts:   15
   44.574     | Willpower: 50     Charm:   30          MagicRes:       55
   44.574     | [HP=72]:
   48.179 --- INVENTORY (encumbrance) ---
   48.179     | i
   48.179     | You are carrying 350 copper farthings, gilded robes (Torso), chain coif (Head),
   48.179     | displacer fur cloak (Back), beaded belt (Waist), violet orchid (Worn), black
   48.179     | shield (Off-Hand), darkwood ring (Finger), wooden hammer (Weapon Hand)
   48.179     | You have no keys.
   48.180     | Wealth: 350 copper farthings
   48.180     | Encumbrance: 937/2880 - Light [32%]
   48.180     | [HP=72]:
   48.180 ENCUMBRANCE 937/2880 = 32%
   48.180 level 3, ratings -8, skill 4, accuracy 33, floor(acc/8) = 4, predicted parry 0.5
   48.180 predicted to-hit vs giant bat (AC 10): port as written = 0.8585858585858586, if template ac needs /10 = 0.98989898989899
   48.180 max HP 72; fight floor 21, sweep floor 50
   67.287 === engaging giant bat in room 1453 ===
   71.695 PROGRESS 0
   73.948   glance| Your swing at giant bat hits, but glances off its armour.
   78.676   dodge | You swing at giant bat who dodges your attack!
   84.606   dodge | You swing at giant bat who dodges your attack!
  112.838 target gone - relocating
  119.396 room 1454: dark cultist present - leaving
  119.396 === heal cycle ===
  127.016 --- buy healing ---
  127.016     | buy healing
  127.016     | You hand over 118 copper farthings and all your wounds are healed.
  127.016     | [HP=72]:
  127.017 HP after healing = 72
  129.819 --- refill purse ---
  129.819     | /xcash 350 copper
  129.819     | [xcash] copper: 232 -> 350; type 'i' to confirm.
  129.819 returning to the bat in room 1453
  136.226 target no longer there; resuming the sweep
  142.634 room 1455: grey spider present - leaving
  148.971 room 1456: dark cultist present - leaving
  155.379 room 1457: dark cultist present - leaving
  155.380 === heal cycle ===
  162.987 --- buy healing ---
  162.987     | buy healing
  162.987     | You hand over 90 copper farthings and all your wounds are healed.
  162.987     | [HP=72]:
  162.988 HP after healing = 72
  165.790 --- refill purse ---
  165.790     | /xcash 350 copper
  165.790     | [xcash] copper: 260 -> 350; type 'i' to confirm.
  178.614 room 1459: grey spider present - leaving
  184.886 room 1460: grey spider present - leaving
  184.887 === heal cycle ===
  192.360 --- buy healing ---
  192.361     | buy healing
  192.361     | You hand over 82 copper farthings and all your wounds are healed.
  192.361     | [HP=72]:You feel ill.
  192.361     | [HP=64]:
  192.361 HP after healing = 64
  195.166 --- refill purse ---
  195.166     | /xcash 350 copper
  195.166     | [xcash] copper: 268 -> 350; type 'i' to confirm.
  208.130 room 1462: dark cultist present - leaving
  227.363 === heal cycle ===
  234.978 --- buy healing ---
  234.978     | buy healing
  234.978     | You hand over 50 copper farthings and all your wounds are healed.
  234.978     | [HP=72]:
  234.979 HP after healing = 72
  237.782 --- refill purse ---
  237.782     | /xcash 350 copper
  237.782     | [xcash] copper: 300 -> 350; type 'i' to confirm.
  276.408 room 1471: dark cultist present - leaving
  289.224 === heal cycle ===
  296.832 --- buy healing ---
  296.832     | buy healing
  296.832     | You hand over 52 copper farthings and all your wounds are healed.
  296.832     | [HP=72]:
  296.832 HP after healing = 72
  299.636 --- refill purse ---
  299.636     | /xcash 350 copper
  299.636     | [xcash] copper: 298 -> 350; type 'i' to confirm.
  312.644 room 1475: dark cleric present - leaving
  325.614 room 1477: dark cultist present - leaving
  325.615 === heal cycle ===
  333.240 --- buy healing ---
  333.240     | buy healing
  333.240     | You hand over 60 copper farthings and all your wounds are healed.
  333.240     | [HP=72]:
  333.240 HP after healing = 72
  336.043 --- refill purse ---
  336.043     | /xcash 350 copper
  336.043     | [xcash] copper: 290 -> 350; type 'i' to confirm.
  413.019 === heal cycle ===
  420.627 --- buy healing ---
  420.627     | buy healing
  420.627     | You hand over 48 copper farthings and all your wounds are healed.
  420.628     | [HP=72]:
  420.628 HP after healing = 72
  423.444 --- refill purse ---
  423.444     | /xcash 350 copper
  423.444     | [xcash] copper: 302 -> 350; type 'i' to confirm.
  455.492 room 1495: dark priest present - leaving
  455.493 === heal cycle ===
  463.101 --- buy healing ---
  463.101     | buy healing
  463.101     | You hand over 64 copper farthings and all your wounds are healed.
  463.101     | [HP=72]:
  463.101 HP after healing = 72
  465.904 --- refill purse ---
  465.904     | /xcash 350 copper
  465.904     | [xcash] copper: 286 -> 350; type 'i' to confirm.
  472.432 === engaging giant bat in room 1496 ===
  477.085 PROGRESS 3/150 {'hit': 0, 'glance': 1, 'dodge': 2, 'miss': 0, 'novel': 0} connect=1.000
  531.472 target gone - relocating
  544.136 === engaging giant bat in room 1498 ===
  548.545 PROGRESS 3/150 {'hit': 0, 'glance': 1, 'dodge': 2, 'miss': 0, 'novel': 0} connect=1.000
  550.796   dodge | You swing at giant bat who dodges your attack!
  609.005 PROGRESS 4/150 {'hit': 0, 'glance': 1, 'dodge': 3, 'miss': 0, 'novel': 0} connect=1.000
  614.616 target gone - relocating
  614.616 === heal cycle ===
  622.225 --- buy healing ---
  622.225     | buy healing
  622.225     | You hand over 50 copper farthings and all your wounds are healed.
  622.225     | [HP=72]:
  622.225 HP after healing = 72
  625.029 --- refill purse ---
  625.029     | /xcash 350 copper
  625.029     | [xcash] copper: 300 -> 350; type 'i' to confirm.
  625.029 returning to the bat in room 1498
  631.437 target no longer there; resuming the sweep
  637.684 room 1499: grey spider present - leaving
  663.518 room 1503: dark cultist present - leaving
  670.068 room 1504: dark cultist present - leaving
  689.390 room 1507: dark priest present - leaving
  689.390 === heal cycle ===
  696.998 --- buy healing ---
  696.998     | buy healing
  696.998     | You hand over 78 copper farthings and all your wounds are healed.
  696.998     | [HP=72]:
  696.999 HP after healing = 72
  699.803 --- refill purse ---
  699.803     | /xcash 350 copper
  699.803     | [xcash] copper: 272 -> 350; type 'i' to confirm.
  712.620 room 1509: dark priest present - leaving
  757.679 room 1517: dark cultist present - leaving
  757.679 === heal cycle ===
  765.288 --- buy healing ---
  765.288     | buy healing
  765.288     | You hand over 74 copper farthings and all your wounds are healed.
  765.288     | [HP=72]:
  765.288 HP after healing = 72
  768.092 --- refill purse ---
  768.092     | /xcash 350 copper
  768.092     | [xcash] copper: 276 -> 350; type 'i' to confirm.
  774.501 room 1518: dark cultist present - leaving
  787.251 room 1520: dark priest present - leaving
  787.251 === heal cycle ===
  794.860 --- buy healing ---
  794.860     | buy healing
  794.860     | You hand over 52 copper farthings and all your wounds are healed.
  794.860     | [HP=72]:
  794.861 HP after healing = 72
  797.665 --- refill purse ---
  797.665     | /xcash 350 copper
  797.665     | [xcash] copper: 298 -> 350; type 'i' to confirm.
  816.891 room 1523: dark priest present - leaving
  849.109 room 1528: dark cleric present - leaving
  849.109 === heal cycle ===
  856.726 --- buy healing ---
  856.726     | buy healing
  856.726     | You hand over 52 copper farthings and all your wounds are healed.
  856.726     | [HP=72]:
  856.726 HP after healing = 72
  859.530 --- refill purse ---
  859.530     | /xcash 350 copper
  859.530     | [xcash] copper: 298 -> 350; type 'i' to confirm.
  898.087 room 1561: grey spider present - leaving
  904.337 room 1562: grey spider present - leaving
  904.338 === heal cycle ===
  911.946 --- buy healing ---
  911.946     | The effects of curse wear off!
  911.946     | [HP=40]:buy healing
  911.946     | You hand over 64 copper farthings and all your wounds are healed.
  911.946     | [HP=72]:
  911.947 HP after healing = 72
  914.751 --- refill purse ---
  914.751     | /xcash 350 copper
  914.751     | [xcash] copper: 286 -> 350; type 'i' to confirm.
  933.948 room 1565: grey spider present - leaving
  965.841 room 1570: grey spider present - leaving
  972.172 room 1571: grey spider present - leaving
 1004.201 room 1598: dark cleric present - leaving
 1010.787 room 1600: dark paladin present - leaving
 1010.788 === heal cycle ===
 1018.397 --- buy healing ---
 1018.397     | buy healing
 1018.397     | You hand over 84 copper farthings and all your wounds are healed.
 1018.397     | [HP=72]:
 1018.398 HP after healing = 72
 1021.202 --- refill purse ---
 1021.202     | /xcash 350 copper
 1021.202     | [xcash] copper: 266 -> 350; type 'i' to confirm.
 1123.940 room 1618: dark paladin present - leaving
 1175.244 room 1626: dark paladin present - leaving
 1175.245 === heal cycle ===
 1182.854 --- buy healing ---
 1182.854     | buy healing
 1182.854     | You hand over 66 copper farthings and all your wounds are healed.
 1182.854     | [HP=72]:
 1182.855 HP after healing = 72
 1185.660 --- refill purse ---
 1185.660     | /xcash 350 copper
 1185.660     | [xcash] copper: 284 -> 350; type 'i' to confirm.
 1192.069 room 1627: dark paladin present - leaving
 1243.396 room 1451: grey spider present - leaving
 1249.806 === engaging giant bat in room 1452 ===
 1254.458 PROGRESS 4/150 {'hit': 0, 'glance': 1, 'dodge': 3, 'miss': 0, 'novel': 0} connect=1.000
 1259.187   dodge | You swing at giant bat who dodges your attack!
 1263.916   dodge | You swing at giant bat who dodges your attack!
 1268.647   dodge | You swing at giant bat who dodges your attack!
 1274.578   glance| Your swing at giant bat hits, but glances off its armour.
 1279.307   miss  | You swing at giant bat!
 1284.038   glance| Your swing at giant bat hits, but glances off its armour.
 1284.039 === heal cycle ===
 1291.648 --- buy healing ---
 1291.648     | *Combat Off*
 1291.648     | [HP=11]:buy healing
 1291.648     | You hand over 122 copper farthings and all your wounds are healed.
 1291.648     | [HP=72]:
 1291.650 HP after healing = 72
 1294.455 --- refill purse ---
 1294.455     | /xcash 350 copper
 1294.455     | [xcash] copper: 228 -> 350; type 'i' to confirm.
 1294.455 returning to the bat in room 1452
 1301.029 target no longer there; resuming the sweep
 1307.438 room 1453: dark cultist present - leaving
 1326.685 room 1456: dark cultist present - leaving
 1332.985 room 1457: dark cultist present - leaving
 1332.987 === heal cycle ===
 1340.596 --- buy healing ---
 1340.596     | buy healing
 1340.596     | You hand over 102 copper farthings and all your wounds are healed.
 1340.596     | [HP=72]:
 1340.597 HP after healing = 72
 1343.406 --- refill purse ---
 1343.406     | /xcash 350 copper
 1343.406     | [xcash] copper: 248 -> 350; type 'i' to confirm.
 1349.647 room 1458: grey spider present - leaving
 1355.888 room 1459: dark cultist present - leaving
 1355.889 === heal cycle ===
 1363.499 --- buy healing ---
 1363.499     | You feel ill.
 1363.499     | [HP=24]:buy healing
 1363.499     | You hand over 96 copper farthings and all your wounds are healed.
 1363.499     | [HP=72]:
 1363.500 HP after healing = 72
 1366.305 --- refill purse ---
 1366.305     | /xcash 350 copper
 1366.305     | [xcash] copper: 254 -> 350; type 'i' to confirm.
 1372.872 room 1460: dark cultist present - leaving
 1398.600 room 1464: dark cultist present - leaving
 1398.601 === heal cycle ===
 1406.211 --- buy healing ---
 1406.211     | buy healing
 1406.211     | You hand over 64 copper farthings and all your wounds are healed.
 1406.211     | [HP=72]:
 1406.212 HP after healing = 72
 1409.016 --- refill purse ---
 1409.016     | /xcash 350 copper
 1409.016     | [xcash] copper: 286 -> 350; type 'i' to confirm.
 1421.836 room 1466: dark priest present - leaving
 1447.484 room 1470: dark cultist present - leaving
 1453.696 === heal cycle ===
 1461.306 --- buy healing ---
 1461.306     | buy healing
 1461.306     | You hand over 88 copper farthings and all your wounds are healed.
 1461.306     | [HP=72]:
 1461.307 HP after healing = 72
 1464.112 --- refill purse ---
 1464.112     | /xcash 350 copper
 1464.112     | [xcash] copper: 262 -> 350; type 'i' to confirm.
 1476.934 room 1473: dark cleric present - leaving
 1515.230 === heal cycle ===
 1522.839 --- buy healing ---
 1522.839     | buy healing
 1522.839     | You hand over 48 copper farthings and all your wounds are healed.
 1522.839     | [HP=72]:
 1522.840 HP after healing = 72
 1525.653 --- refill purse ---
 1525.653     | /xcash 350 copper
 1525.653     | [xcash] copper: 302 -> 350; type 'i' to confirm.
 1538.475 room 1482: dark priest present - leaving
 1551.315 === heal cycle ===
 1558.925 --- buy healing ---
 1558.925     | buy healing
 1558.925     | You hand over 56 copper farthings and all your wounds are healed.
 1558.925     | [HP=72]:
 1558.926 HP after healing = 72
 1561.731 --- refill purse ---
 1561.731     | /xcash 350 copper
 1561.731     | [xcash] copper: 294 -> 350; type 'i' to confirm.
 1593.789 === engaging giant bat in room 1489 ===
 1598.115 PROGRESS 10/150 {'hit': 0, 'glance': 3, 'dodge': 6, 'miss': 1, 'novel': 0} connect=0.900
 1658.415 PROGRESS 10/150 {'hit': 0, 'glance': 3, 'dodge': 6, 'miss': 1, 'novel': 0} connect=0.900
 1682.293 target gone - relocating
 1682.294 === heal cycle ===
 1689.905 --- buy healing ---
 1689.905     | buy healing
 1689.905     | You hand over 96 copper farthings and all your wounds are healed.
 1689.905     | [HP=72]:
 1689.906 HP after healing = 72
 1692.711 --- refill purse ---
 1692.711     | /xcash 350 copper
 1692.711     | [xcash] copper: 254 -> 350; type 'i' to confirm.
 1692.711 returning to the bat in room 1489
 1699.121 target no longer there; resuming the sweep
 1756.923 room 1498: grey spider present - leaving
 1763.341 === engaging giant bat in room 1499 ===
 1767.988 PROGRESS 10/150 {'hit': 0, 'glance': 3, 'dodge': 6, 'miss': 1, 'novel': 0} connect=0.900
 1771.515   glance| Your swing at giant bat hits, but glances off its armour.
 1776.254   glance| Your swing at giant bat hits, but glances off its armour.
 1828.667 PROGRESS 12/150 {'hit': 0, 'glance': 5, 'dodge': 6, 'miss': 1, 'novel': 0} connect=0.917
 1875.763 target gone - relocating
 1875.764 === heal cycle ===
 1883.376 --- buy healing ---
 1883.376     | buy healing
 1883.376     | You hand over 76 copper farthings and all your wounds are healed.
 1883.376     | [HP=72]:
 1883.377 HP after healing = 72
 1886.183 --- refill purse ---
 1886.183     | /xcash 350 copper
 1886.183     | [xcash] copper: 274 -> 350; type 'i' to confirm.
 1886.183 returning to the bat in room 1499
 1972.741 room 1511: dark priest present - leaving
 2004.898 room 1517: dark priest present - leaving
 2011.311 room 1518: dark cultist present - leaving
 2056.198 room 1525: dark cultist present - leaving
 2062.609 room 1526: dark priest present - leaving
 2062.611 === heal cycle ===
 2070.223 --- buy healing ---
 2070.223     | buy healing
 2070.223     | You hand over 86 copper farthings and all your wounds are healed.
 2070.223     | [HP=72]:
 2070.224 HP after healing = 72
 2073.030 --- refill purse ---
 2073.030     | /xcash 350 copper
 2073.030     | [xcash] copper: 264 -> 350; type 'i' to confirm.
 2073.030 returning to the bat in room 1499
 2095.207 room 1528: dark cleric present - leaving
 2139.749 room 1562: grey spider present - leaving
 2146.055 room 1563: grey spider present - leaving
 2171.650 room 1567: grey spider present - leaving
 2190.898 room 1570: grey spider present - leaving
 2197.216 room 1571: grey spider present - leaving
 2197.218 === heal cycle ===
 2204.828 --- buy healing ---
 2204.828     | buy healing
 2204.828     | You hand over 58 copper farthings and all your wounds are healed.
 2204.828     | [HP=72]:
 2204.830 HP after healing = 72
 2207.649 --- refill purse ---
 2207.649     | /xcash 350 copper
 2207.649     | [xcash] copper: 292 -> 350; type 'i' to confirm.
 2207.649 returning to the bat in room 1499
 2214.060 target no longer there; resuming the sweep
 2233.501 room 1596: dark cleric present - leaving
 2252.820 room 1600: dark cleric present - leaving
 2265.644 room 1602: dark cleric present - leaving
 2265.645 === heal cycle ===
 2273.257 --- buy healing ---
 2273.257     | buy healing
 2273.257     | You hand over 48 copper farthings and all your wounds are healed.
 2273.257     | [HP=72]:
 2273.259 HP after healing = 72
 2276.065 --- refill purse ---
 2276.065     | /xcash 350 copper
 2276.065     | [xcash] copper: 302 -> 350; type 'i' to confirm.
 2308.031 room 1608: dark paladin present - leaving
 2365.571 room 1618: dark paladin present - leaving
 2365.573 === heal cycle ===
 2373.184 --- buy healing ---
 2373.184     | buy healing
 2373.184     | You hand over 62 copper farthings and all your wounds are healed.
 2373.184     | [HP=72]:
 2373.186 HP after healing = 72
 2375.993 --- refill purse ---
 2375.993     | /xcash 350 copper
 2375.993     | [xcash] copper: 288 -> 350; type 'i' to confirm.
 2382.564 room 1619: dark paladin present - leaving
 2433.911 room 1627: dark paladin present - leaving
 2485.362 room 1451: dark cultist present - leaving
 2485.364 === heal cycle ===
 2492.975 --- buy healing ---
 2492.975     | buy healing
 2492.975     | You hand over 58 copper farthings and all your wounds are healed.
 2492.975     | [HP=72]:
 2492.977 HP after healing = 72
 2495.783 --- refill purse ---
 2495.783     | /xcash 350 copper
 2495.783     | [xcash] copper: 292 -> 350; type 'i' to confirm.
 2508.643 room 1453: dark cultist present - leaving
 2515.041 room 1454: grey spider present - leaving
 2527.678 room 1456: dark cultist present - leaving
 2527.680 === heal cycle ===
 2535.293 --- buy healing ---
 2535.293     | buy healing
 2535.293     | You hand over 74 copper farthings and all your wounds are healed.
 2535.293     | [HP=72]:
 2535.295 HP after healing = 72
 2538.102 --- refill purse ---
 2538.102     | /xcash 350 copper
 2538.102     | [xcash] copper: 276 -> 350; type 'i' to confirm.
 2544.514 room 1457: dark cultist present - leaving
 2550.893 room 1458: dark cultist present - leaving
 2550.895 === heal cycle ===
 2558.506 --- buy healing ---
 2558.506     | buy healing
 2558.506     | You hand over 80 copper farthings and all your wounds are healed.
 2558.506     | [HP=72]:
 2558.508 HP after healing = 72
 2561.316 --- refill purse ---
 2561.316     | /xcash 350 copper
 2561.316     | [xcash] copper: 270 -> 350; type 'i' to confirm.
 2567.918 room 1459: dark priest present - leaving
 2580.870 room 1461: grey spider present - leaving
 2625.953 room 1468: dark cultist present - leaving
 2625.955 === heal cycle ===
 2633.575 --- buy healing ---
 2633.575     | buy healing
 2633.575     | You hand over 96 copper farthings and all your wounds are healed.
 2633.575     | [HP=72]:
 2633.577 HP after healing = 72
 2636.384 --- refill purse ---
 2636.384     | /xcash 350 copper
 2636.384     | [xcash] copper: 254 -> 350; type 'i' to confirm.
 2642.832 room 1469: dark cultist present - leaving
 2662.237 room 1472: dark cleric present - leaving
 2662.239 === heal cycle ===
 2669.678 --- buy healing ---
 2669.678     | buy healing
 2669.678     | You hand over 64 copper farthings and all your wounds are healed.
 2669.678     | [HP=72]:The effects of curse wear off!
 2669.678     | [HP=72]:
 2669.680 HP after healing = 72
 2672.487 --- refill purse ---
 2672.487     | /xcash 350 copper
 2672.487     | [xcash] copper: 286 -> 350; type 'i' to confirm.
 2685.314 room 1474: dark cleric present - leaving
 2698.141 room 1476: dark cultist present - leaving
 2704.557 === heal cycle ===
 2712.169 --- buy healing ---
 2712.169     | buy healing
 2712.169     | You hand over 62 copper farthings and all your wounds are healed.
 2712.169     | [HP=72]:
 2712.171 HP after healing = 72
 2714.988 --- refill purse ---
 2714.988     | /xcash 350 copper
 2714.988     | [xcash] copper: 288 -> 350; type 'i' to confirm.
 2772.717 === engaging giant bat in room 1487 ===
 2777.312 PROGRESS 12/150 {'hit': 0, 'glance': 5, 'dodge': 6, 'miss': 1, 'novel': 0} connect=0.917
 2837.961 PROGRESS 12/150 {'hit': 0, 'glance': 5, 'dodge': 6, 'miss': 1, 'novel': 0} connect=0.917
 2891.243 target gone - relocating
 2891.245 === heal cycle ===
 2898.865 --- buy healing ---
 2898.865     | buy healing
 2898.865     | You hand over 62 copper farthings and all your wounds are healed.
 2898.865     | [HP=72]:
 2898.867 HP after healing = 72
 2901.674 --- refill purse ---
 2901.674     | /xcash 350 copper
 2901.674     | [xcash] copper: 288 -> 350; type 'i' to confirm.
 2901.674 returning to the bat in room 1487
 2908.085 target no longer there; resuming the sweep
 2920.819 === engaging giant bat in room 1489 ===
 2925.140   dodge | You swing at giant bat who dodges your attack!
 2925.140 PROGRESS 13/150 {'hit': 0, 'glance': 5, 'dodge': 7, 'miss': 1, 'novel': 0} connect=0.923
 2929.870   dodge | You swing at giant bat who dodges your attack!
 2934.601   dodge | You swing at giant bat who dodges your attack!
 2939.325   dodge | You swing at giant bat who dodges your attack!
 2945.261   dodge | You swing at giant bat who dodges your attack!
 2949.989   dodge | You swing at giant bat who dodges your attack!
 2954.715   dodge | You swing at giant bat who dodges your attack!
 2960.649   dodge | You swing at giant bat who dodges your attack!
 2965.379   dodge | You swing at giant bat who dodges your attack!
 2971.313   glance| Your swing at giant bat hits, but glances off its armour.
 2976.042   miss  | You swing at giant bat!
 2980.779   dodge | You swing at giant bat who dodges your attack!
 2985.495 PROGRESS 24/150 {'hit': 0, 'glance': 6, 'dodge': 16, 'miss': 2, 'novel': 0} connect=0.917
 3026.914 === heal cycle ===
 3034.537 --- buy healing ---
 3034.537     | buy healing
 3034.537     | You hand over 108 copper farthings and all your wounds are healed.
 3034.537     | [HP=72]:
 3034.539 HP after healing = 72
 3037.346 --- refill purse ---
 3037.346     | /xcash 350 copper
 3037.346     | [xcash] copper: 242 -> 350; type 'i' to confirm.
 3037.346 returning to the bat in room 1489
 3047.890   dodge | You swing at giant bat who dodges your attack!
 3047.890 PROGRESS 25/150 {'hit': 0, 'glance': 6, 'dodge': 17, 'miss': 2, 'novel': 0} connect=0.920
 3052.614   glance| Your swing at giant bat hits, but glances off its armour.
 3057.344   glance| Your swing at giant bat hits, but glances off its armour.
 3063.274   dodge | You swing at giant bat who dodges your attack!
 3068.010   glance| Your swing at giant bat hits, but glances off its armour.
 3072.732   glance| Your swing at giant bat hits, but glances off its armour.
 3078.668   dodge | You swing at giant bat who dodges your attack!
 3083.397   dodge | You swing at giant bat who dodges your attack!
 3088.121   dodge | You swing at giant bat who dodges your attack!
 3094.029   glance| Your swing at giant bat hits, but glances off its armour.
 3098.759   glance| Your swing at giant bat hits, but glances off its armour.
 3103.485   dodge | You swing at giant bat who dodges your attack!
 3108.318 PROGRESS 36/150 {'hit': 0, 'glance': 12, 'dodge': 22, 'miss': 2, 'novel': 0} connect=0.944
 3109.421   dodge | You swing at giant bat who dodges your attack!
 3114.150   dodge | You swing at giant bat who dodges your attack!
 3120.086   dodge | You swing at giant bat who dodges your attack!
 3124.808   glance| Your swing at giant bat hits, but glances off its armour.
 3129.542   glance| Your swing at giant bat hits, but glances off its armour.
 3135.474   miss  | You swing at giant bat!
 3140.198   glance| Your swing at giant bat hits, but glances off its armour.
 3144.929   miss  | You swing at giant bat!
 3150.866   dodge | You swing at giant bat who dodges your attack!
 3155.562   miss  | You swing at giant bat!
 3160.294   glance| Your swing at giant bat hits, but glances off its armour.
 3166.228   dodge | You swing at giant bat who dodges your attack!
 3168.645 PROGRESS 48/150 {'hit': 0, 'glance': 16, 'dodge': 27, 'miss': 5, 'novel': 0} connect=0.896
 3170.953   dodge | You swing at giant bat who dodges your attack!
 3175.683   glance| Your swing at giant bat hits, but glances off its armour.
 3181.594   miss  | You swing at giant bat!
 3181.596 === heal cycle ===
 3189.208 --- buy healing ---
 3189.208     | *Combat Off*
 3189.208     | [HP=18]:buy healing
 3189.208     | You hand over 108 copper farthings and all your wounds are healed.
 3189.208     | [HP=72]:
 3189.210 HP after healing = 72
 3192.025 --- refill purse ---
 3192.025     | /xcash 350 copper
 3192.025     | [xcash] copper: 242 -> 350; type 'i' to confirm.
 3192.025 returning to the bat in room 1489
 3206.356   glance| Your swing at giant bat hits, but glances off its armour.
 3225.157 target gone - relocating
 3231.572 === engaging giant bat in room 1490 ===
 3235.983 PROGRESS 52/150 {'hit': 0, 'glance': 18, 'dodge': 28, 'miss': 6, 'novel': 0} connect=0.885
 3237.138   glance| Your swing at giant bat hits, but glances off its armour.
 3243.071   glance| Your swing at giant bat hits, but glances off its armour.
 3247.771   glance| Your swing at giant bat hits, but glances off its armour.
 3252.499   dodge | You swing at giant bat who dodges your attack!
 3257.225   dodge | You swing at giant bat who dodges your attack!
 3263.142   dodge | You swing at giant bat who dodges your attack!
 3267.865   glance| Your swing at giant bat hits, but glances off its armour.
 3272.588   glance| Your swing at giant bat hits, but glances off its armour.
 3278.525   dodge | You swing at giant bat who dodges your attack!
 3283.222   glance| Your swing at giant bat hits, but glances off its armour.
 3289.135   dodge | You swing at giant bat who dodges your attack!
 3293.858   dodge | You swing at giant bat who dodges your attack!
 3296.278 PROGRESS 64/150 {'hit': 0, 'glance': 24, 'dodge': 34, 'miss': 6, 'novel': 0} connect=0.906
 3298.590   miss  | You swing at giant bat!
 3327.257 target gone - relocating
 3327.259 === heal cycle ===
 3334.978 --- buy healing ---
 3334.978     | buy healing
 3334.978     | You hand over 56 copper farthings and all your wounds are healed.
 3334.978     | [HP=72]:
 3334.981 HP after healing = 72
 3337.788 --- refill purse ---
 3337.788     | /xcash 350 copper
 3337.788     | [xcash] copper: 294 -> 350; type 'i' to confirm.
 3337.788 returning to the bat in room 1490
 3398.817 room 1498: grey spider present - leaving
 3430.691 === engaging giant bat in room 1503 ===
 3435.103 PROGRESS 65/150 {'hit': 0, 'glance': 24, 'dodge': 34, 'miss': 7, 'novel': 0} connect=0.892
 3437.342   dodge | You swing at giant bat who dodges your attack!
 3495.665 PROGRESS 66/150 {'hit': 0, 'glance': 24, 'dodge': 35, 'miss': 7, 'novel': 0} connect=0.894
 3539.516 target gone - relocating
 3539.519 === heal cycle ===
 3547.133 --- buy healing ---
 3547.133     | [HP=48]:buy healing
 3547.133     | You hand over 48 copper farthings and all your wounds are healed.
 3547.133     | [HP=72]:
 3547.135 HP after healing = 72
 3549.944 --- refill purse ---
 3549.944     | /xcash 350 copper
 3549.944     | [xcash] copper: 302 -> 350; type 'i' to confirm.
 3549.944 returning to the bat in room 1503
 3556.357 target no longer there; resuming the sweep
 3594.930 room 1509: dark cultist present - leaving
 3601.173 room 1510: dark priest present - leaving
 3601.176 === heal cycle ===
 3608.802 --- buy healing ---
 3608.802     | [HP=34]:buy healing
 3608.802     | You hand over 76 copper farthings and all your wounds are healed.
 3608.802     | [HP=72]:
 3608.805 HP after healing = 72
 3611.613 --- refill purse ---
 3611.613     | /xcash 350 copper
 3611.613     | [xcash] copper: 274 -> 350; type 'i' to confirm.
 3662.782 room 1519: dark priest present - leaving
 3701.283 room 1525: dark priest present - leaving
 3720.528 room 1528: dark cleric present - leaving
 3746.274 room 1540: grey spider present - leaving
 3765.330 === engaging giant bat in room 1562 ===
 3769.659 PROGRESS 66/150 {'hit': 0, 'glance': 24, 'dodge': 35, 'miss': 7, 'novel': 0} connect=0.894
 3770.869   glance| Your swing at giant bat hits, but glances off its armour.
 3775.563   dodge | You swing at giant bat who dodges your attack!
 3780.294   glance| Your swing at giant bat hits, but glances off its armour.
 3784.993   dodge | You swing at giant bat who dodges your attack!
 3790.930   miss  | You swing at giant bat!
 3808.936 target gone - relocating
 3808.939 === heal cycle ===
 3816.559 --- buy healing ---
 3816.559     | buy healing
 3816.559     | You hand over 74 copper farthings and all your wounds are healed.
 3816.559     | [HP=72]:
 3816.562 HP after healing = 72
 3819.371 --- refill purse ---
 3819.371     | /xcash 350 copper
 3819.371     | [xcash] copper: 276 -> 350; type 'i' to confirm.
 3819.371 returning to the bat in room 1562
 3825.785 target no longer there; resuming the sweep
 3832.341 room 1563: grey spider present - leaving
 3838.756 room 1564: grey spider present - leaving
 3883.558 room 1571: grey spider present - leaving
 3889.973 room 1572: grey spider present - leaving
 3902.824 room 1596: dark cleric present - leaving
 3928.472 room 1601: dark cleric present - leaving
 3928.475 === heal cycle ===
 3936.088 --- buy healing ---
 3936.088     | buy healing
 3936.088     | You hand over 76 copper farthings and all your wounds are healed.
 3936.088     | [HP=72]:
 3936.091 HP after healing = 72
 3938.899 --- refill purse ---
 3938.899     | /xcash 350 copper
 3938.899     | [xcash] copper: 274 -> 350; type 'i' to confirm.
 3945.438 room 1602: dark cleric present - leaving
 3977.539 room 1608: dark paladin present - leaving
 4042.026 room 1619: dark paladin present - leaving
 4144.608 room 1451: dark cultist present - leaving
 4144.611 === heal cycle ===
 4152.224 --- buy healing ---
 4152.224     | buy healing
 4152.224     | You hand over 84 copper farthings and all your wounds are healed.
 4152.224     | [HP=72]:
 4152.227 HP after healing = 72
 4155.043 --- refill purse ---
 4155.043     | Sorry to interrupt here, but the server will be shutting down in 4 minutes for the nightly "auto-cleanup" process. Please finish up and log off... thank you!
 4155.043     | /xcash 350 copper
 4155.043     | [xcash] copper: 266 -> 350; type 'i' to confirm.
 4167.883 room 1453: dark cultist present - leaving
 4174.299 room 1454: dark cultist present - leaving
 4180.512 room 1455: dark cultist present - leaving
 4180.515 === heal cycle ===
 4188.129 --- buy healing ---
 4188.129     | buy healing
 4188.129     | You hand over 70 copper farthings and all your wounds are healed.
 4188.129     | [HP=72]:
 4188.131 HP after healing = 72
 4190.940 --- refill purse ---
 4190.940     | /xcash 350 copper
 4190.940     | [xcash] copper: 280 -> 350; type 'i' to confirm.
 4197.539 room 1456: dark cultist present - leaving
 4210.542 room 1458: dark priest present - leaving
 4229.903 room 1461: grey spider present - leaving
 4236.135 room 1462: grey spider present - leaving
 4236.138 === heal cycle ===
 4243.752 --- buy healing ---
 4243.752     | buy healing
 4243.752     | You hand over 80 copper farthings and all your wounds are healed.
 4243.752     | [HP=72]:
 4243.755 HP after healing = 72
 4246.565 --- refill purse ---
 4246.565     | /xcash 350 copper
 4246.565     | [xcash] copper: 270 -> 350; type 'i' to confirm.
 4265.782 room 1465: dark cultist present - leaving
 4272.019 room 1466: dark cleric present - leaving
 4272.023 === heal cycle ===
 4279.717 --- buy healing ---
 4279.717     | buy healing
 4279.717     | You hand over 82 copper farthings and all your wounds are healed.
 4279.717     | [HP=72]:
 4279.720 HP after healing = 72
 4282.529 --- refill purse ---
 4282.529     | /xcash 350 copper
 4282.529     | [xcash] copper: 268 -> 350; type 'i' to confirm.
 4301.691 room 1469: dark cultist present - leaving
 4307.930 room 1470: dark cultist present - leaving
 4307.933 === heal cycle ===
 4315.547 --- buy healing ---
 4315.547     | buy healing
 4315.547     | You hand over 94 copper farthings and all your wounds are healed.
 4315.547     | [HP=72]:
 4315.550 HP after healing = 72
 4318.359 --- refill purse ---
 4318.359     | /xcash 350 copper
 4318.359     | [xcash] copper: 256 -> 350; type 'i' to confirm.
 4324.898 room 1471: dark cultist present - leaving
 4344.192 room 1474: dark cultist present - leaving
 4363.586 room 1477: grey spider present - leaving
 4363.589 === heal cycle ===
 4371.202 --- buy healing ---
 4371.202     | buy healing
 4371.202     | You hand over 66 copper farthings and all your wounds are healed.
 4371.202     | [HP=72]:
 4371.205 HP after healing = 72
 4374.014 --- refill purse ---
 4374.014     | /xcash 350 copper
 4374.014     | [xcash] copper: 284 -> 350; type 'i' to confirm.
