    6.866 === config acc-high: target 'giant bat' ===
   10.478 --- inventory (pre-staging) ---
   10.478     | i
   10.478     | You are carrying 430 copper farthings, gilded robes (Torso), chain coif (Head),
   10.478     | displacer fur cloak (Back), beaded belt (Waist), violet orchid (Worn), wooden
   10.478     | hammer (Weapon Hand), smoky black talisman
   10.478     | You have no keys.
   10.478     | Wealth: 430 copper farthings
   10.478     | Encumbrance: 654/2880 - Light [22%]
   10.478     | [HP=64]:
   13.285 --- zero runic ---
   13.285     | /xcash 0 runic
   13.285     | [xcash] runic: 0 -> 0; type 'i' to confirm.
   16.091 --- zero platinum ---
   16.091     | /xcash 0 platinum
   16.091     | [xcash] platinum: 0 -> 0; type 'i' to confirm.
   18.898 --- zero gold ---
   18.898     | /xcash 0 gold
   18.898     | [xcash] gold: 0 -> 0; type 'i' to confirm.
   21.705 --- zero silver ---
   21.705     | /xcash 0 silver
   21.705     | [xcash] silver: 0 -> 0; type 'i' to confirm.
   24.514 --- purse ---
   24.515     | /xcash 600 copper
   24.515     | [xcash] copper: 430 -> 600; type 'i' to confirm.
   28.128 --- STATS (accuracy inputs) ---
   28.128     | st
   28.128     | Name: Oracle Delver                    Lives/CP:      7/110
   28.128     | Race: Dwarf       Exp: 2200            Perception:     35
   28.128     | Class: Warrior    Level: 2             Stealth:         0
   28.128     | Hits:    64/64    Armour Class:  12/0  Thievery:        0
   28.128     |                                        Traps:           0
   28.128     |                                        Picklocks:       0
   28.128     | Strength:  50     Agility: 30          Tracking:        0
   28.128     | Intellect: 30     Health:  50          Martial Arts:   15
   28.128     | Willpower: 50     Charm:   30          MagicRes:       55
   28.129     | [HP=64]:
   31.740 --- INVENTORY (encumbrance) ---
   31.740     | i
   31.740     | You are carrying 600 copper farthings, gilded robes (Torso), chain coif (Head),
   31.740     | displacer fur cloak (Back), beaded belt (Waist), violet orchid (Worn), wooden
   31.740     | hammer (Weapon Hand), smoky black talisman
   31.740     | You have no keys.
   31.740     | Wealth: 600 copper farthings
   31.740     | Encumbrance: 711/2880 - Light [24%]
   31.740     | [HP=64]:
   31.740 ENCUMBRANCE 711/2880 = 24%
   31.740 level 2, ratings 0, skill 14, accuracy 43, floor(acc/8) = 5, predicted parry 0.4
   31.741 max HP 64; fight floor 28, sweep floor 44
   38.273 room 1451: dark cultist present - leaving
   44.878 room 1452: dark cultist present - leaving
   44.878 === heal cycle ===
   52.500 --- buy healing ---
   52.500     | buy healing
   52.500     | You hand over 78 copper farthings and all your wounds are healed.
   52.500     | [HP=64]:
   52.500 HP after healing = 64
   65.365 room 1454: dark cultist present - leaving
   78.295 === engaging giant bat in room 1456 ===
   82.735 PROGRESS 0
   85.022   glance| Your swing at giant bat hits, but glances off its armour.
   90.958   dodge | You swing at giant bat who dodges your attack!
   95.688   glance| Your swing at giant bat hits, but glances off its armour.
  114.472 target gone - relocating
  114.472 === heal cycle ===
  122.102 --- buy healing ---
  122.102     | buy healing
  122.102     | You hand over 70 copper farthings and all your wounds are healed.
  122.102     | [HP=64]:
  122.102 HP after healing = 64
  122.102 returning to the bat in room 1456
  128.518 target no longer there; resuming the sweep
  147.751 room 1459: dark cultist present - leaving
  167.009 === engaging giant bat in room 1462 ===
  171.445 PROGRESS 3/400 {'hit': 0, 'glance': 2, 'dodge': 1, 'miss': 0, 'novel': 0} connect=1.000
  172.547   dodge | You swing at giant bat who dodges your attack!
  177.280   dodge | You swing at giant bat who dodges your attack!
  183.210   dodge | You swing at giant bat who dodges your attack!
  187.957   glance| Your swing at giant bat hits, but glances off its armour.
  193.915   dodge | You swing at giant bat who dodges your attack!
  198.658   dodge | You swing at giant bat who dodges your attack!
  203.388   dodge | You swing at giant bat who dodges your attack!
  209.605   dodge | You swing at giant bat who dodges your attack!
  214.339   dodge | You swing at giant bat who dodges your attack!
  219.171   dodge | You swing at giant bat who dodges your attack!
  223.899 === heal cycle ===
  231.435 --- buy healing ---
  231.435     | buy healing
  231.435     | You hand over 90 copper farthings and all your wounds are healed.
  231.435     | [HP=64]:*Combat Off*
  231.435     | [HP=64]:
  231.435 HP after healing = 64
  231.435 returning to the bat in room 1462
  242.245 PROGRESS 13/400 {'hit': 0, 'glance': 3, 'dodge': 10, 'miss': 0, 'novel': 0} connect=1.000
  244.824   glance| Your swing at giant bat hits, but glances off its armour.
  250.771   dodge | You swing at giant bat who dodges your attack!
  255.511   glance| Your swing at giant bat hits, but glances off its armour.
  260.322   dodge | You swing at giant bat who dodges your attack!
  265.046   glance| Your swing at giant bat hits, but glances off its armour.
  270.987   dodge | You swing at giant bat who dodges your attack!
  275.711   glance| Your swing at giant bat hits, but glances off its armour.
  280.418 === heal cycle ===
  287.943 --- buy healing ---
  287.943     | buy healing
  287.943     | You hand over 76 copper farthings and all your wounds are healed.
  287.943     | [HP=64]:*Combat Off*
  287.943     | [HP=64]:
  287.944 HP after healing = 64
  287.944 returning to the bat in room 1462
  302.140   glance| Your swing at giant bat hits, but glances off its armour.
  303.344 PROGRESS 21/400 {'hit': 0, 'glance': 8, 'dodge': 13, 'miss': 0, 'novel': 0} connect=1.000
  306.867   glance| Your swing at giant bat hits, but glances off its armour.
  311.601   glance| Your swing at giant bat hits, but glances off its armour.
  316.316   glance| Your swing at giant bat hits, but glances off its armour.
  322.253   dodge | You swing at giant bat who dodges your attack!
  326.995   miss  | You swing at giant bat!
  332.115   glance| Your swing at giant bat hits, but glances off its armour.
  338.024   glance| Your swing at giant bat hits, but glances off its armour.
  342.775   glance| Your swing at giant bat hits, but glances off its armour.
  347.476   glance| Your swing at giant bat hits, but glances off its armour.
  352.201   dodge | You swing at giant bat who dodges your attack!
  358.241   glance| Your swing at giant bat hits, but glances off its armour.
  358.242 === heal cycle ===
  365.743 --- buy healing ---
  365.743     | *Combat Off*
  365.743     | [HP=25]:buy healing
  365.743     | You hand over 78 copper farthings and all your wounds are healed.
  365.743     | [HP=64]:
  365.744 HP after healing = 64
  365.744 returning to the bat in room 1462
  376.453 PROGRESS 32/400 {'hit': 0, 'glance': 16, 'dodge': 15, 'miss': 1, 'novel': 0} connect=0.969
  378.685   glance| Your swing at giant bat hits, but glances off its armour.
  383.391   dodge | You swing at giant bat who dodges your attack!
  388.124   glance| Your swing at giant bat hits, but glances off its armour.
  394.057   glance| Your swing at giant bat hits, but glances off its armour.
  398.811   dodge | You swing at giant bat who dodges your attack!
  403.598   dodge | You swing at giant bat who dodges your attack!
  409.491   dodge | You swing at giant bat who dodges your attack!
  414.220   glance| Your swing at giant bat hits, but glances off its armour.
  414.221 === heal cycle ===
  421.845 --- buy healing ---
  421.845     | *Combat Off*
  421.845     | [HP=25]:buy healing
  421.845     | You hand over 78 copper farthings and all your wounds are healed.
  421.845     | [HP=64]:
  421.845 HP after healing = 64
  421.845 returning to the bat in room 1462
  435.134   miss  | You swing at giant bat!
  437.544 PROGRESS 41/400 {'hit': 0, 'glance': 20, 'dodge': 19, 'miss': 2, 'novel': 0} connect=0.951
  441.051   glance| Your swing at giant bat hits, but glances off its armour.
  445.785   glance| Your swing at giant bat hits, but glances off its armour.
  450.485   dodge | You swing at giant bat who dodges your attack!
  455.226   dodge | You swing at giant bat who dodges your attack!
  461.148   dodge | You swing at giant bat who dodges your attack!
  461.149 === heal cycle ===
  468.788 --- buy healing ---
  468.788     | *Combat Off*
  468.788     | [HP=22]:[HP=23]:buy healing
  468.788     | You hand over 82 copper farthings and all your wounds are healed.
  468.788     | [HP=64]:
  468.789 HP after healing = 64
  468.789 returning to the bat in room 1462
  482.011   dodge | You swing at giant bat who dodges your attack!
  486.746   glance| Your swing at giant bat hits, but glances off its armour.
  491.468   glance| Your swing at giant bat hits, but glances off its armour.
  497.379   glance| Your swing at giant bat hits, but glances off its armour.
  498.585 PROGRESS 50/400 {'hit': 0, 'glance': 25, 'dodge': 23, 'miss': 2, 'novel': 0} connect=0.960
  502.101   glance| Your swing at giant bat hits, but glances off its armour.
  506.834   glance| Your swing at giant bat hits, but glances off its armour.
  511.532   glance| Your swing at giant bat hits, but glances off its armour.
  517.469   dodge | You swing at giant bat who dodges your attack!
  517.470 === heal cycle ===
  525.094 --- buy healing ---
  525.094     | *Combat Off*
  525.094     | [HP=24]:buy healing
  525.094     | You do not have sufficient funds to buy full healing!
  525.094     | [HP=24]:
  525.094 HP after healing = 24
  525.094 returning to the bat in room 1462
  534.550 === heal cycle ===
  542.398 --- buy healing ---
  542.398     | buy healing
  542.398     | You do not have sufficient funds to buy full healing!
  542.398     | [HP=17]:
  542.399 HP after healing = 17
  542.399 returning to the bat in room 1462
  551.858 === heal cycle ===
  559.282 --- buy healing ---
  559.282     | buy healing
  559.282     | You do not have sufficient funds to buy full healing!
  559.282     | [HP=13]:*Combat Off*
  559.282     | [HP=13]:[HP=14]:
  559.282 HP after healing = 14
  559.282 returning to the bat in room 1462
  569.140 === heal cycle ===
  576.764 --- buy healing ---
  576.764     | *Combat Off*
  576.764     | [HP=9]:buy healing
  576.764     | You do not have sufficient funds to buy full healing!
  576.764     | [HP=9]:
  576.764 HP after healing = 9
  576.764 returning to the bat in room 1462
  586.399 === heal cycle ===
  594.046 --- buy healing ---
  594.046     | buy healing
  594.046     | You do not have sufficient funds to buy full healing!
  594.046     | [HP=5]:
  594.047 HP after healing = 5
  594.047 returning to the bat in room 1462
  603.505 === heal cycle ===
  610.959 --- buy healing ---
  610.959     | buy healing
  610.959     | You may not do that while you are mortally wounded!
  610.959     | [HP=-1]:*Combat Off*
  610.959     | [HP=-1]:
  610.959 HP after healing = -1
  610.959 MORTALLY WOUNDED - healing impossible; aborting the run
  610.959 === DONE: 54 swings {'hit': 0, 'glance': 28, 'dodge': 24, 'miss': 2, 'novel': 0} ===
  610.960 connect (glance+hit) = 52/54 = 0.9630
  616.578 --- logout ---
  616.578     | x
  616.578     | You may not exit MajorMud while you are mortally wounded!
  616.578     | [HP=-1]:
  616.578 done
