    6.836 === config a1: target 'giant bat' ===
   10.441 --- inventory (pre-staging) ---
   10.441     | i
   10.441     | You are carrying 1100 copper farthings, gilded robes (Torso), chain coif (Head),
   10.441     | displacer fur cloak (Back), beaded belt (Waist), violet orchid (Worn), wooden
   10.441     | hammer (Weapon Hand), smoky black talisman
   10.441     | You have no keys.
   10.441     | Wealth: 1100 copper farthings
   10.441     | Encumbrance: 877/2880 - Light [30%]
   10.441     | [HP=25]:
   17.261 --- drop smoky black talisman ---
   17.261     | drop smoky black talisman
   17.261     | You dropped smoky black talisman.
   17.261     | [HP=25]:
   20.063 --- zero runic ---
   20.064     | /xcash 0 runic
   20.064     | [xcash] runic: 0 -> 0; type 'i' to confirm.
   22.868 --- zero platinum ---
   22.868     | /xcash 0 platinum
   22.868     | [xcash] platinum: 0 -> 0; type 'i' to confirm.
   25.671 --- zero gold ---
   25.671     | /xcash 0 gold
   25.671     | [xcash] gold: 0 -> 0; type 'i' to confirm.
   28.484 --- zero silver ---
   28.484     | [HP=26]:/xcash 0 silver
   28.484     | [xcash] silver: 0 -> 0; type 'i' to confirm.
   31.294 --- purse ---
   31.294     | /xcash 1100 copper
   31.294     | [xcash] copper: 1100 -> 1100; type 'i' to confirm.
   34.899 --- STATS (accuracy inputs) ---
   34.899     | st
   34.899     | Name: Oracle Delver                    Lives/CP:      9/120
   34.899     | Race: Dwarf       Exp: 9700            Perception:     35
   34.899     | Class: Warrior    Level: 3             Stealth:         0
   34.899     | Hits:    26/72    Armour Class:  12/0  Thievery:        0
   34.899     |                                        Traps:           0
   34.899     |                                        Picklocks:       0
   34.899     | Strength:  50     Agility: 30          Tracking:        0
   34.899     | Intellect: 30     Health:  50          Martial Arts:   15
   34.899     | Willpower: 50     Charm:   30          MagicRes:       55
   34.899     | You feel unlucky!
   34.899     | [HP=26]:
   38.504 --- INVENTORY (encumbrance) ---
   38.504     | i
   38.504     | You are carrying 1100 copper farthings, gilded robes (Torso), chain coif (Head),
   38.504     | displacer fur cloak (Back), beaded belt (Waist), violet orchid (Worn), wooden
   38.504     | hammer (Weapon Hand)
   38.504     | You have no keys.
   38.504     | Wealth: 1100 copper farthings
   38.504     | Encumbrance: 827/2880 - Light [28%]
   38.504     | [HP=26]:
   38.504 ENCUMBRANCE 827/2880 = 28%
   38.504 level 3, ratings 0, skill 14, accuracy 43, floor(acc/8) = 5, predicted parry 0.4
   38.504 predicted to-hit vs giant bat (AC 10): port as written = 0.9292929292929293, if template ac needs /10 = 0.98989898989899
   38.504 max HP 72; fight floor 32, sweep floor 50
   38.505 === heal cycle ===
   46.120 --- buy healing ---
   46.120     | buy healing
   46.120     | You hand over 92 copper farthings and all your wounds are healed.
   46.120     | [HP=72]:
   46.120 HP after healing = 72
   65.148 room 1453: dark cultist present - leaving
   97.198 room 1458: dark cultist present - leaving
   97.199 === heal cycle ===
  104.815 --- buy healing ---
  104.815     | buy healing
  104.815     | You hand over 74 copper farthings and all your wounds are healed.
  104.815     | [HP=72]:
  104.816 HP after healing = 72
  111.223 room 1459: dark cultist present - leaving
  130.281 room 1462: grey spider present - leaving
  143.097 room 1464: dark priest present - leaving
  162.326 room 1467: dark cultist present - leaving
  162.326 === heal cycle ===
  169.934 --- buy healing ---
  169.934     | buy healing
  169.934     | You hand over 46 copper farthings and all your wounds are healed.
  169.934     | [HP=72]:
  169.934 HP after healing = 72
  182.773 room 1469: dark priest present - leaving
  202.076 room 1472: dark cultist present - leaving
  208.484 room 1473: dark cultist present - leaving
  208.484 === heal cycle ===
  216.021 --- buy healing ---
  216.021     | buy healing
  216.021     | You hand over 62 copper farthings and all your wounds are healed.
  216.021     | [HP=72]:
  216.022 HP after healing = 72
  292.954 room 1486: grey spider present - leaving
  312.334 === engaging giant bat in room 1489 ===
  316.969 PROGRESS 0
  319.262   dodge | You swing at giant bat who dodges your attack!
  325.199   glance| Your swing at giant bat hits, but glances off its armour.
  329.925   dodge | You swing at giant bat who dodges your attack!
  334.653   miss  | You swing at giant bat!
  335.861 === heal cycle ===
  343.468 --- buy healing ---
  343.468     | *Combat Off*
  343.468     | [HP=27]:buy healing
  343.468     | You hand over 90 copper farthings and all your wounds are healed.
  343.469     | [HP=72]:
  343.469 HP after healing = 72
  343.469 returning to the bat in room 1489
  349.876 target no longer there; resuming the sweep
  356.291 === engaging giant bat in room 1490 ===
  377.667 PROGRESS 4/400 {'hit': 0, 'glance': 1, 'dodge': 2, 'miss': 1, 'novel': 0} connect=0.750
  440.639 target gone - relocating
  440.639 PROGRESS 4/400 {'hit': 0, 'glance': 1, 'dodge': 2, 'miss': 1, 'novel': 0} connect=0.750
  440.640 === heal cycle ===
  448.256 --- buy healing ---
  448.256     | buy healing
  448.256     | You hand over 58 copper farthings and all your wounds are healed.
  448.256     | [HP=72]:
  448.256 HP after healing = 72
  448.256 returning to the bat in room 1490
  454.663 target no longer there; resuming the sweep
  467.655 room 1492: grey spider present - leaving
  486.881 === engaging giant bat in room 1495 ===
  494.802   glance| Your swing at giant bat hits, but glances off its armour.
  499.538   glance| Your swing at giant bat hits, but glances off its armour.
  500.740 PROGRESS 6/400 {'hit': 0, 'glance': 3, 'dodge': 2, 'miss': 1, 'novel': 0} connect=0.833
  504.221   dodge | You swing at giant bat who dodges your attack!
  510.143   glance| Your swing at giant bat hits, but glances off its armour.
  514.870   dodge | You swing at giant bat who dodges your attack!
  514.871 === heal cycle ===
  522.509 --- buy healing ---
  522.509     | *Combat Off*
  522.509     | [HP=29]:You feel ill.
  522.509     | [HP=19]:buy healing
  522.509     | You hand over 106 copper farthings and all your wounds are healed.
  522.509     | [HP=72]:
  522.509 HP after healing = 72
  522.509 returning to the bat in room 1495
  535.739   glance| Your swing at giant bat hits, but glances off its armour.
  540.467   glance| Your swing at giant bat hits, but glances off its armour.
  545.198   glance| Your swing at giant bat hits, but glances off its armour.
  549.923   miss  | You swing at giant bat!
  555.860   glance| Your swing at giant bat hits, but glances off its armour.
  555.860 === heal cycle ===
  563.470 --- buy healing ---
  563.471     | *Combat Off*
  563.471     | [HP=29]:buy healing
  563.471     | You hand over 86 copper farthings and all your wounds are healed.
  563.471     | [HP=72]:
  563.471 HP after healing = 72
  563.471 returning to the bat in room 1495
  574.127 PROGRESS 14/400 {'hit': 0, 'glance': 8, 'dodge': 4, 'miss': 2, 'novel': 0} connect=0.857
  576.378   glance| Your swing at giant bat hits, but glances off its armour.
  581.109   glance| Your swing at giant bat hits, but glances off its armour.
  587.036   dodge | You swing at giant bat who dodges your attack!
  591.768   glance| Your swing at giant bat hits, but glances off its armour.
  596.497   dodge | You swing at giant bat who dodges your attack!
  601.223   miss  | You swing at giant bat!
  607.128   glance| Your swing at giant bat hits, but glances off its armour.
  611.863   dodge | You swing at giant bat who dodges your attack!
  616.586   dodge | You swing at giant bat who dodges your attack!
  622.520   glance| Your swing at giant bat hits, but glances off its armour.
  627.250   dodge | You swing at giant bat who dodges your attack!
  627.250 === heal cycle ===
  634.858 --- buy healing ---
  634.858     | *Combat Off*
  634.858     | [HP=28]:buy healing
  634.858     | You hand over 88 copper farthings and all your wounds are healed.
  634.858     | [HP=72]:
  634.859 HP after healing = 72
  634.859 returning to the bat in room 1495
  645.494 PROGRESS 25/400 {'hit': 0, 'glance': 13, 'dodge': 9, 'miss': 3, 'novel': 0} connect=0.880
  647.741   dodge | You swing at giant bat who dodges your attack!
  653.675   miss  | You swing at giant bat!
  658.377   glance| Your swing at giant bat hits, but glances off its armour.
  663.108   dodge | You swing at giant bat who dodges your attack!
  667.832   dodge | You swing at giant bat who dodges your attack!
  673.770   dodge | You swing at giant bat who dodges your attack!
  673.770 === heal cycle ===
  681.379 --- buy healing ---
  681.379     | *Combat Off*
  681.379     | [HP=26]:buy healing
  681.379     | You hand over 92 copper farthings and all your wounds are healed.
  681.379     | [HP=72]:
  681.379 HP after healing = 72
  681.379 returning to the bat in room 1495
  694.287   glance| Your swing at giant bat hits, but glances off its armour.
  699.018   glance| Your swing at giant bat hits, but glances off its armour.
  703.743   glance| Your swing at giant bat hits, but glances off its armour.
  706.151 PROGRESS 34/400 {'hit': 0, 'glance': 17, 'dodge': 13, 'miss': 4, 'novel': 0} connect=0.882
  709.677   glance| Your swing at giant bat hits, but glances off its armour.
  714.406   glance| Your swing at giant bat hits, but glances off its armour.
  719.133   glance| Your swing at giant bat hits, but glances off its armour.
  720.340 === heal cycle ===
  727.948 --- buy healing ---
  727.948     | *Combat Off*
  727.948     | [HP=24]:buy healing
  727.948     | You hand over 96 copper farthings and all your wounds are healed.
  727.948     | [HP=72]:
  727.948 HP after healing = 72
  727.948 returning to the bat in room 1495
  734.356 target no longer there; resuming the sweep
  740.824 === engaging giant bat in room 1496 ===
  745.132   glance| Your swing at giant bat hits, but glances off its armour.
  751.061   glance| Your swing at giant bat hits, but glances off its armour.
  755.793   miss  | You swing at giant bat!
  760.467   glance| Your swing at giant bat hits, but glances off its armour.
  766.401   glance| Your swing at giant bat hits, but glances off its armour.
  766.401 PROGRESS 42/400 {'hit': 0, 'glance': 24, 'dodge': 13, 'miss': 5, 'novel': 0} connect=0.881
  766.402 === heal cycle ===
  774.010 --- buy healing ---
  774.010     | *Combat Off*
  774.010     | [HP=22]:buy healing
  774.010     | You hand over 100 copper farthings and all your wounds are healed.
  774.010     | [HP=72]:
  774.011 HP after healing = 72
  774.011 returning to the bat in room 1496
  786.117   glance| Your swing at giant bat hits, but glances off its armour.
  790.843   glance| Your swing at giant bat hits, but glances off its armour.
  796.780   dodge | You swing at giant bat who dodges your attack!
  801.507   miss  | You swing at giant bat!
  806.233   dodge | You swing at giant bat who dodges your attack!
  812.329   dodge | You swing at giant bat who dodges your attack!
  817.060   dodge | You swing at giant bat who dodges your attack!
  822.990   glance| Your swing at giant bat hits, but glances off its armour.
  826.600 PROGRESS 50/400 {'hit': 0, 'glance': 27, 'dodge': 17, 'miss': 6, 'novel': 0} connect=0.880
  827.729   dodge | You swing at giant bat who dodges your attack!
  832.450   glance| Your swing at giant bat hits, but glances off its armour.
  837.177   dodge | You swing at giant bat who dodges your attack!
  843.110   dodge | You swing at giant bat who dodges your attack!
  843.111 === heal cycle ===
  850.719 --- buy healing ---
  850.719     | *Combat Off*
  850.719     | [HP=30]:buy healing
  850.719     | You hand over 84 copper farthings and all your wounds are healed.
  850.719     | [HP=72]:
  850.720 HP after healing = 72
  850.720 returning to the bat in room 1496
  863.630   dodge | You swing at giant bat who dodges your attack!
  868.361   dodge | You swing at giant bat who dodges your attack!
  873.086   glance| Your swing at giant bat hits, but glances off its armour.
  879.022   miss  | You swing at giant bat!
  887.355 PROGRESS 58/400 {'hit': 0, 'glance': 29, 'dodge': 22, 'miss': 7, 'novel': 0} connect=0.879
  901.310 target gone - relocating
  907.862 room 1497: dark priest present - leaving
  914.271 === heal cycle ===
  921.639 --- buy healing ---
  921.639     | buy healing
  921.639     | You do not have sufficient funds to buy full healing!
  921.639     | [HP=48]:[HP=49]:
  921.640 HP after healing = 49
  921.640 PURSE EMPTY - the run cannot heal; aborting rather than spin
  921.640 === DONE: 58 swings {'hit': 0, 'glance': 29, 'dodge': 22, 'miss': 7, 'novel': 0} ===
  921.640 connect (glance+hit) = 51/58 = 0.8793
  927.408 --- logout ---
  927.408     | x
  927.408     | You will exit after a period of silent meditation.
  927.408     | ................
  927.408 done
