    6.751 === config b1: target 'giant bat' ===
   14.361 --- staging heal ---
   14.361     | buy healing
   14.361     | You hand over 80 copper farthings and all your wounds are healed.
   14.361     | [HP=72]:
   17.968 --- inventory (pre-staging) ---
   17.968     | i
   17.968     | You are carrying 1020 copper farthings, gilded robes (Torso), chain coif (Head),
   17.968     | displacer fur cloak (Back), beaded belt (Waist), violet orchid (Worn), wooden
   17.968     | hammer (Weapon Hand)
   17.968     | You have no keys.
   17.968     | Wealth: 1020 copper farthings
   17.968     | Encumbrance: 801/2880 - Light [27%]
   17.968     | [HP=72]:
   24.831 --- summon malachite ring ---
   24.831     | sysop summon malachite ring
   24.831     | malachite ring conjured.
   24.831     | [HP=72]:
   28.045 --- summon kite shield ---
   28.045     | sysop summon kite shield
   28.045     | kite shield conjured.
   28.045     | [HP=72]:
   31.307 --- summon darkwood ring ---
   31.307     | sysop summon darkwood ring
   31.307     | darkwood ring conjured.
   31.307     | [HP=72]:
   34.515 --- wear malachite ring ---
   34.515     | wear malachite ring
   34.515     | You are now wearing malachite ring.
   34.515     | [HP=72]:
   37.723 --- wear kite shield ---
   37.723     | wear kite shield
   37.723     | You are now wearing kite shield.
   37.723     | [HP=72]:
   40.928 --- wear darkwood ring ---
   40.928     | wear darkwood ring
   40.928     | [HP=72]:
   43.730 --- zero runic ---
   43.730     | /xcash 0 runic
   43.730     | [xcash] runic: 0 -> 0; type 'i' to confirm.
   46.533 --- zero platinum ---
   46.533     | /xcash 0 platinum
   46.533     | [xcash] platinum: 0 -> 0; type 'i' to confirm.
   49.335 --- zero gold ---
   49.335     | /xcash 0 gold
   49.335     | [xcash] gold: 0 -> 0; type 'i' to confirm.
   52.138 --- zero silver ---
   52.138     | /xcash 0 silver
   52.138     | [xcash] silver: 0 -> 0; type 'i' to confirm.
   54.940 --- purse ---
   54.940     | /xcash 120 copper
   54.940     | [xcash] copper: 1020 -> 120; type 'i' to confirm.
   58.544 --- STATS (accuracy inputs) ---
   58.544     | st
   58.544     | Name: Oracle Delver                    Lives/CP:      8/120
   58.544     | Race: Dwarf       Exp: 9700            Perception:     35
   58.544     | Class: Warrior    Level: 3             Stealth:         0
   58.544     | Hits:    72/72    Armour Class:  17/1  Thievery:        0
   58.544     |                                        Traps:           0
   58.544     |                                        Picklocks:       0
   58.544     | Strength:  50     Agility: 30          Tracking:        0
   58.544     | Intellect: 30     Health:  50          Martial Arts:   15
   58.544     | Willpower: 50     Charm:   30          MagicRes:       55
   58.544     | [HP=72]:
   62.150 --- INVENTORY (encumbrance) ---
   62.150     | i
   62.150     | You are carrying 120 copper farthings, gilded robes (Torso), chain coif (Head),
   62.150     | displacer fur cloak (Back), beaded belt (Waist), violet orchid (Worn),
   62.150     | malachite ring (Finger), kite shield (Off-Hand), wooden hammer (Weapon Hand),
   62.150     | darkwood ring
   62.150     | You have no keys.
   62.150     | Wealth: 120 copper farthings
   62.150     | Encumbrance: 926/2880 - Light [32%]
   62.150     | [HP=72]:
