    6.629 === config b1: target 'giant bat' ===
   14.242 --- staging heal ---
   14.242     | buy healing
   14.242     | You hand over nothing and all your wounds are healed.
   14.242     | [HP=52]:
   17.846 --- inventory (pre-staging) ---
   17.846     | i
   17.846     | You are carrying Nothing!
   17.846     | You have no keys.
   17.846     | Wealth: 0 copper farthings
   17.846     | Encumbrance: 0/2880 - None [0%]
   17.846     | [HP=52]:
   24.705 --- summon gilded robes ---
   24.705     | sysop summon gilded robes
   24.705     | gilded robes conjured.
   24.705     | [HP=52]:
   27.914 --- summon chain coif ---
   27.914     | sysop summon chain coif
   27.914     | chain coif conjured.
   27.914     | [HP=52]:
   31.307 --- summon displacer fur cloak ---
   31.307     | sysop summon displacer fur cloak
   31.307     | displacer fur cloak conjured.
   31.307     | [HP=52]:
   34.665 --- summon beaded belt ---
   34.665     | sysop summon beaded belt
   34.665     | beaded belt conjured.
   34.665     | [HP=52]:
   37.726 --- summon violet orchid ---
   37.726     | sysop summon violet orchid
   37.726     | violet orchid conjured.
   37.726     | [HP=52]:
   40.978 --- summon tower shield ---
   40.978     | sysop summon tower shield
   40.978     | tower shield conjured.
   40.978     | [HP=52]:
   44.008 --- summon wooden hammer ---
   44.008     | sysop summon wooden hammer
   44.008     | wooden hammer conjured.
   44.008     | [HP=52]:
   47.215 --- wear gilded robes ---
   47.216     | wear gilded robes
   47.216     | You are now wearing gilded robes.
   47.216     | [HP=52]:
   50.425 --- wear chain coif ---
   50.425     | wear chain coif
   50.425     | You are now wearing chain coif.
   50.425     | [HP=52]:
   53.632 --- wear displacer fur cloak ---
   53.632     | wear displacer fur cloak
   53.632     | You are now wearing displacer fur cloak.
   53.632     | [HP=52]:
   56.839 --- wear beaded belt ---
   56.839     | wear beaded belt
   56.839     | You are now wearing beaded belt.
   56.839     | [HP=62]:
   60.048 --- wear violet orchid ---
   60.048     | wear violet orchid
   60.048     | You are now wearing violet orchid.
   60.048     | [HP=72]:
   63.256 --- wear tower shield ---
   63.256     | wear tower shield
   63.256     | You are now wearing tower shield.
   63.256     | [HP=72]:
   66.465 --- wield wooden hammer ---
   66.465     | wield wooden hammer
   66.465     | You are now holding wooden hammer.
   66.465     | This weapon feels heavy in your hands.
   66.465     | [HP=72]:
   69.268 --- zero runic ---
   69.268     | /xcash 0 runic
   69.268     | [xcash] runic: 0 -> 0; type 'i' to confirm.
   72.071 --- zero platinum ---
   72.071     | /xcash 0 platinum
   72.071     | [xcash] platinum: 0 -> 0; type 'i' to confirm.
   74.873 --- zero gold ---
   74.873     | /xcash 0 gold
   74.873     | [xcash] gold: 0 -> 0; type 'i' to confirm.
   77.678 --- zero silver ---
   77.678     | /xcash 0 silver
   77.678     | [xcash] silver: 0 -> 0; type 'i' to confirm.
   80.481 --- purse ---
   80.482     | /xcash 600 copper
   80.482     | [xcash] copper: 0 -> 600; type 'i' to confirm.
   84.086 --- STATS (accuracy inputs) ---
   84.086     | st
   84.086     | Name: Oracle Delver                    Lives/CP:      7/120
   84.086     | Race: Dwarf       Exp: 9700            Perception:     35
   84.086     | Class: Warrior    Level: 3             Stealth:         0
   84.086     | Hits:    72/72    Armour Class:  18/1  Thievery:        0
   84.086     |                                        Traps:           0
   84.086     |                                        Picklocks:       0
   84.086     | Strength:  50     Agility: 30          Tracking:        0
   84.086     | Intellect: 30     Health:  50          Martial Arts:   15
   84.086     | Willpower: 50     Charm:   30          MagicRes:       55
   84.086     | [HP=72]:
   87.692 --- INVENTORY (encumbrance) ---
   87.692     | i
   87.692     | You are carrying 600 copper farthings, gilded robes (Torso), chain coif (Head),
   87.692     | displacer fur cloak (Back), beaded belt (Waist), violet orchid (Worn), tower
   87.692     | shield (Off-Hand), wooden hammer (Weapon Hand)
   87.692     | You have no keys.
   87.692     | Wealth: 600 copper farthings
   87.692     | Encumbrance: 1161/2880 - Medium [40%]
   87.692     | [HP=72]:
   87.692 ENCUMBRANCE 1161/2880 = 40%
   87.692 level 3, ratings -6, skill -6, accuracy 23, floor(acc/8) = 2, predicted parry 0.95
   87.692 predicted to-hit vs giant bat (AC 10): port as written = 0.6666666666666666, if template ac needs /10 = 0.98989898989899
   87.692 max HP 72; fight floor 21, sweep floor 50
  119.740 === engaging giant bat in room 1455 ===
  124.148 PROGRESS 0
  125.526   dodge | You swing at giant bat who dodges your attack!
  130.643   dodge | You swing at giant bat who dodges your attack!
  136.548   dodge | You swing at giant bat who dodges your attack!
  158.806 target gone - relocating
  165.441 room 1456: grey spider present - leaving
  172.003 room 1457: dark cultist present - leaving
  172.003 === heal cycle ===
  179.611 --- buy healing ---
  179.611     | buy healing
  179.611     | You hand over 54 copper farthings and all your wounds are healed.
  179.611     | [HP=72]:
  179.611 HP after healing = 72
  182.414 --- refill purse ---
  182.414     | /xcash 600 copper
  182.414     | [xcash] copper: 546 -> 600; type 'i' to confirm.
  182.414 returning to the bat in room 1455
  188.826 target no longer there; resuming the sweep
  233.858 room 1464: dark priest present - leaving
  240.265 === engaging giant bat in room 1465 ===
  244.890 PROGRESS 3/150 {'hit': 0, 'glance': 0, 'dodge': 3, 'miss': 0, 'novel': 0} connect=1.000
  248.415   dodge | You swing at giant bat who dodges your attack!
  253.116   miss  | You swing at giant bat!
  259.049   dodge | You swing at giant bat who dodges your attack!
  263.783   dodge | You swing at giant bat who dodges your attack!
  268.479   dodge | You swing at giant bat who dodges your attack!
  274.415   dodge | You swing at giant bat who dodges your attack!
  279.150   miss  | You swing at giant bat!
  283.843   glance| Your swing at giant bat hits, but glances off its armour.
  289.775   dodge | You swing at giant bat who dodges your attack!
  294.480   miss  | You swing at giant bat!
  300.406   miss  | You swing at giant bat!
  305.505 PROGRESS 14/150 {'hit': 0, 'glance': 1, 'dodge': 9, 'miss': 4, 'novel': 0} connect=0.714
  325.522 target gone - relocating
  351.280 room 1469: dark cleric present - leaving
  351.281 === heal cycle ===
  358.896 --- buy healing ---
  358.896     | [HP=42]:buy healing
  358.896     | You hand over 60 copper farthings and all your wounds are healed.
  358.896     | [HP=72]:
  358.896 HP after healing = 72
  361.540 --- refill purse ---
  361.541     | /xcash 600 copper
  361.541     | [xcash] copper: 540 -> 600; type 'i' to confirm.
  361.541     | Salad walks into the room from the eUast.
  361.541     | [HP=72]:
  361.541 returning to the bat in room 1465
  367.949 target no longer there; resuming the sweep
  374.357 room 1470: grey spider present - leaving
  419.266 room 1477: dark priest present - leaving
  457.551 room 1484: dark cultist present - leaving
  463.960 === heal cycle ===
  471.568 --- buy healing ---
  471.568     | buy healing
  471.568     | You hand over 50 copper farthings and all your wounds are healed.
  471.568     | [HP=72]:
  471.569 HP after healing = 72
  474.373 --- refill purse ---
  474.373     | /xcash 600 copper
  474.373     | [xcash] copper: 550 -> 600; type 'i' to confirm.
  506.421 === engaging giant bat in room 1490 ===
  510.745 PROGRESS 14/150 {'hit': 0, 'glance': 1, 'dodge': 9, 'miss': 4, 'novel': 0} connect=0.714
  515.456   dodge | You swing at giant bat who dodges your attack!
  520.159   miss  | You swing at giant bat!
  524.885   dodge | You swing at giant bat who dodges your attack!
  530.833   miss  | You swing at giant bat!
  535.572   dodge | You swing at giant bat who dodges your attack!
  540.271   dodge | You swing at giant bat who dodges your attack!
  546.257   miss  | You swing at giant bat!
  550.988   dodge | You swing at giant bat who dodges your attack!
  555.689   dodge | You swing at giant bat who dodges your attack!
  561.621   miss  | You swing at giant bat!
  566.339   dodge | You swing at giant bat who dodges your attack!
  571.070 PROGRESS 25/150 {'hit': 0, 'glance': 1, 'dodge': 16, 'miss': 8, 'novel': 0} connect=0.680
  572.277   dodge | You swing at giant bat who dodges your attack!
  577.008   miss  | You swing at giant bat!
  581.726   dodge | You swing at giant bat who dodges your attack!
  587.660   dodge | You swing at giant bat who dodges your attack!
  592.401   miss  | You swing at giant bat!
  597.130   dodge | You swing at giant bat who dodges your attack!
  603.055   dodge | You swing at giant bat who dodges your attack!
  607.760   dodge | You swing at giant bat who dodges your attack!
  612.521   dodge | You swing at giant bat who dodges your attack!
  618.420   dodge | You swing at giant bat who dodges your attack!
  623.147   dodge | You swing at giant bat who dodges your attack!
  627.880   dodge | You swing at giant bat who dodges your attack!
  631.488 PROGRESS 37/150 {'hit': 0, 'glance': 1, 'dodge': 26, 'miss': 10, 'novel': 0} connect=0.730
  632.604   miss  | You swing at giant bat!
  638.523   dodge | You swing at giant bat who dodges your attack!
  643.349   dodge | You swing at giant bat who dodges your attack!
  648.081   miss  | You swing at giant bat!
  654.036   miss  | You swing at giant bat!
  658.763   dodge | You swing at giant bat who dodges your attack!
  664.706   dodge | You swing at giant bat who dodges your attack!
  669.458   dodge | You swing at giant bat who dodges your attack!
  674.194   dodge | You swing at giant bat who dodges your attack!
  680.113   dodge | You swing at giant bat who dodges your attack!
  684.853   dodge | You swing at giant bat who dodges your attack!
  689.610   dodge | You swing at giant bat who dodges your attack!
  689.610 === heal cycle ===
  697.231 --- buy healing ---
  697.231     | *Combat Off*
  697.231     | [HP=19]:[HP=20]:buy healing
  697.231     | You hand over 104 copper farthings and all your wounds are healed.
  697.231     | [HP=72]:
  697.232 HP after healing = 72
  700.035 --- refill purse ---
  700.035     | /xcash 600 copper
  700.035     | [xcash] copper: 496 -> 600; type 'i' to confirm.
  700.035 returning to the bat in room 1490
  710.900   dodge | You swing at giant bat who dodges your attack!
  710.900 PROGRESS 50/150 {'hit': 0, 'glance': 1, 'dodge': 36, 'miss': 13, 'novel': 0} connect=0.740
  715.639   dodge | You swing at giant bat who dodges your attack!
  720.401   glance| Your swing at giant bat hits, but glances off its armour.
  725.112   miss  | You swing at giant bat!
  731.048   dodge | You swing at giant bat who dodges your attack!
  735.773   glance| Your swing at giant bat hits, but glances off its armour.
  741.705   dodge | You swing at giant bat who dodges your attack!
  746.433   dodge | You swing at giant bat who dodges your attack!
  751.188   dodge | You swing at giant bat who dodges your attack!
  757.126   dodge | You swing at giant bat who dodges your attack!
  761.848   miss  | You swing at giant bat!
  766.578   dodge | You swing at giant bat who dodges your attack!
  771.301   miss  | You swing at giant bat!
  771.301 PROGRESS 62/150 {'hit': 0, 'glance': 3, 'dodge': 43, 'miss': 16, 'novel': 0} connect=0.742
  777.243   dodge | You swing at giant bat who dodges your attack!
  781.982   dodge | You swing at giant bat who dodges your attack!
  787.915   miss  | You swing at giant bat!
  792.662   dodge | You swing at giant bat who dodges your attack!
  797.414   dodge | You swing at giant bat who dodges your attack!
  802.133   dodge | You swing at giant bat who dodges your attack!
  808.103   dodge | You swing at giant bat who dodges your attack!
  812.838   dodge | You swing at giant bat who dodges your attack!
  818.766   dodge | You swing at giant bat who dodges your attack!
  823.486   dodge | You swing at giant bat who dodges your attack!
  828.226   dodge | You swing at giant bat who dodges your attack!
  831.835 PROGRESS 73/150 {'hit': 0, 'glance': 3, 'dodge': 53, 'miss': 17, 'novel': 0} connect=0.767
  832.943   dodge | You swing at giant bat who dodges your attack!
  834.169 === heal cycle ===
  841.777 --- buy healing ---
  841.777     | *Combat Off*
  841.777     | [HP=20]:buy healing
  841.777     | You hand over 104 copper farthings and all your wounds are healed.
  841.777     | [HP=72]:
  841.778 HP after healing = 72
  844.582 --- refill purse ---
  844.582     | /xcash 600 copper
  844.582     | [xcash] copper: 496 -> 600; type 'i' to confirm.
  844.582 returning to the bat in room 1490
  859.050   dodge | You swing at giant bat who dodges your attack!
  863.774   glance| Your swing at giant bat hits, but glances off its armour.
  869.714   dodge | You swing at giant bat who dodges your attack!
  874.416   miss  | You swing at giant bat!
  879.138   dodge | You swing at giant bat who dodges your attack!
  885.094   dodge | You swing at giant bat who dodges your attack!
  889.872   dodge | You swing at giant bat who dodges your attack!
  892.279 PROGRESS 81/150 {'hit': 0, 'glance': 4, 'dodge': 59, 'miss': 18, 'novel': 0} connect=0.778
  895.798   miss  | You swing at giant bat!
  900.523   miss  | You swing at giant bat!
  905.290   dodge | You swing at giant bat who dodges your attack!
  910.012   miss  | You swing at giant bat!
  915.978   dodge | You swing at giant bat who dodges your attack!
  920.701   glance| Your swing at giant bat hits, but glances off its armour.
  925.390   dodge | You swing at giant bat who dodges your attack!
  931.358   dodge | You swing at giant bat who dodges your attack!
  936.091   dodge | You swing at giant bat who dodges your attack!
  940.788   miss  | You swing at giant bat!
  946.686   miss  | You swing at giant bat!
  951.422   dodge | You swing at giant bat who dodges your attack!
  952.626 PROGRESS 93/150 {'hit': 0, 'glance': 5, 'dodge': 65, 'miss': 23, 'novel': 0} connect=0.753
  956.141   dodge | You swing at giant bat who dodges your attack!
  962.056   dodge | You swing at giant bat who dodges your attack!
  966.783   miss  | You swing at giant bat!
  971.506   dodge | You swing at giant bat who dodges your attack!
  977.453   miss  | You swing at giant bat!
  982.171   dodge | You swing at giant bat who dodges your attack!
  982.172 === heal cycle ===
  989.797 --- buy healing ---
  989.797     | *Combat Off*
  989.797     | [HP=20]:buy healing
  989.797     | You hand over 104 copper farthings and all your wounds are healed.
  989.797     | [HP=72]:
  989.798 HP after healing = 72
  992.602 --- refill purse ---
  992.602     | /xcash 600 copper
  992.602     | [xcash] copper: 496 -> 600; type 'i' to confirm.
  992.602 returning to the bat in room 1490
  999.018 target no longer there; resuming the sweep
 1018.075 room 1493: grey spider present - leaving
 1037.484 room 1496: grey spider present - leaving
 1082.365 room 1503: grey spider present - leaving
 1107.838 === engaging giant bat in room 1507 ===
 1112.396 PROGRESS 99/150 {'hit': 0, 'glance': 5, 'dodge': 69, 'miss': 25, 'novel': 0} connect=0.747
 1115.900   miss  | You swing at giant bat!
 1120.627   dodge | You swing at giant bat who dodges your attack!
 1125.350   dodge | You swing at giant bat who dodges your attack!
 1131.319   dodge | You swing at giant bat who dodges your attack!
 1136.044   dodge | You swing at giant bat who dodges your attack!
 1140.767   miss  | You swing at giant bat!
 1146.708   glance| Your swing at giant bat hits, but glances off its armour.
 1151.460   dodge | You swing at giant bat who dodges your attack!
 1157.390   dodge | You swing at giant bat who dodges your attack!
 1162.119   dodge | You swing at giant bat who dodges your attack!
 1166.848   dodge | You swing at giant bat who dodges your attack!
 1171.574   miss  | You swing at giant bat!
 1172.784 PROGRESS 111/150 {'hit': 0, 'glance': 6, 'dodge': 77, 'miss': 28, 'novel': 0} connect=0.748
 1177.482   miss  | You swing at giant bat!
 1182.213   miss  | You swing at giant bat!
 1186.911   miss  | You swing at giant bat!
 1192.846   dodge | You swing at giant bat who dodges your attack!
 1197.572   miss  | You swing at giant bat!
 1203.506   dodge | You swing at giant bat who dodges your attack!
 1208.238   dodge | You swing at giant bat who dodges your attack!
 1212.950   dodge | You swing at giant bat who dodges your attack!
 1217.664   dodge | You swing at giant bat who dodges your attack!
 1223.600   glance| Your swing at giant bat hits, but glances off its armour.
 1228.337   dodge | You swing at giant bat who dodges your attack!
 1233.054 PROGRESS 122/150 {'hit': 0, 'glance': 7, 'dodge': 83, 'miss': 32, 'novel': 0} connect=0.738
 1234.259   dodge | You swing at giant bat who dodges your attack!
 1238.962   dodge | You swing at giant bat who dodges your attack!
 1243.692   miss  | You swing at giant bat!
 1248.391   dodge | You swing at giant bat who dodges your attack!
 1254.301   dodge | You swing at giant bat who dodges your attack!
 1259.029   dodge | You swing at giant bat who dodges your attack!
 1264.958   miss  | You swing at giant bat!
 1269.689   dodge | You swing at giant bat who dodges your attack!
 1274.394   dodge | You swing at giant bat who dodges your attack!
 1274.395 === heal cycle ===
 1282.007 --- buy healing ---
 1282.007     | *Combat Off*
 1282.007     | [HP=20]:[HP=21]:buy healing
 1282.008     | You hand over 102 copper farthings and all your wounds are healed.
 1282.008     | [HP=72]:
 1282.009 HP after healing = 72
 1284.816 --- refill purse ---
 1284.816     | /xcash 600 copper
 1284.816     | [xcash] copper: 498 -> 600; type 'i' to confirm.
 1284.816 returning to the bat in room 1507
 1295.685   dodge | You swing at giant bat who dodges your attack!
 1295.685 PROGRESS 132/150 {'hit': 0, 'glance': 7, 'dodge': 91, 'miss': 34, 'novel': 0} connect=0.742
 1300.386   glance| Your swing at giant bat hits, but glances off its armour.
 1305.115   miss  | You swing at giant bat!
 1309.847   miss  | You swing at giant bat!
 1315.806   dodge | You swing at giant bat who dodges your attack!
 1320.535   miss  | You swing at giant bat!
 1326.472   dodge | You swing at giant bat who dodges your attack!
 1331.167   miss  | You swing at giant bat!
 1335.869   dodge | You swing at giant bat who dodges your attack!
 1341.832   dodge | You swing at giant bat who dodges your attack!
 1346.557   miss  | You swing at giant bat!
 1351.261   dodge | You swing at giant bat who dodges your attack!
 1355.990 PROGRESS 143/150 {'hit': 0, 'glance': 8, 'dodge': 96, 'miss': 39, 'novel': 0} connect=0.727
 1357.210   dodge | You swing at giant bat who dodges your attack!
 1361.945   miss  | You swing at giant bat!
 1366.675   dodge | You swing at giant bat who dodges your attack!
 1371.376   miss  | You swing at giant bat!
 1377.308   miss  | You swing at giant bat!
 1382.037   miss  | You swing at giant bat!
 1386.765   dodge | You swing at giant bat who dodges your attack!
 1386.766 === DONE: 150 swings {'hit': 0, 'glance': 8, 'dodge': 99, 'miss': 43, 'novel': 0} ===
 1386.766 connect (glance+hit) = 107/150 = 0.7133
 1392.695 --- logout ---
 1392.695     | The giant bat bites you for 2 damage!
 1392.695     | [HP=43]:The giant bat snaps at you with its teeth!
 1392.695     | [HP=43]:x
 1392.695     | *Combat Off*
 1392.696     | [HP=43]:You will exit after a period of silent meditation.
 1392.696     | ..........Your meditation has been interrupted - you may not exit now!
 1392.696     | [HP=43]:The giant bat bites you for 1 damage!
 1392.696     | [HP=42]:
 1392.696 done
