   10.805 --- STATS on entry ---
   10.805     | st
   10.805     | Name: Bard Minstrel                    Lives/CP:      5/220
   10.805     | Race: Human       Exp: 400000          Perception:     40
   10.805     | Class: Bard       Level: 12            Stealth:        65
   10.805     | Hits:   -12/78    Armour Class:   0/0  Thievery:       68
   10.805     | Mana:    54/54    Spellcasting: 60     Traps:          70
   10.805     |                                        Picklocks:      57
   10.805     | Strength:  40     Agility: 40          Tracking:        0
   10.805     | Intellect: 40     Health:  40          Martial Arts:   15
   10.805     | Willpower: 40     Charm:   40          MagicRes:       40
   10.805     | [HP=-12/MA=54]:The large black orc slashes you for 7 damage!
   10.805     | [HP=-19/MA=54]:The orc fanatic slashes you for 11 damage!
   10.805     | [HP=-30/MA=54]:The orc fanatic slashes you for 9 damage!
   10.805     | [HP=-39/MA=54]:The orc fanatic slashes you for 7 damage!
   10.805     | [HP=-46/MA=54]:The orc fanatic slashes you for 8 damage!
   10.805     | [HP=-54/MA=54]:The orc fanatic slashes you for 11 damage!
   10.805     | [HP=-65/MA=54]:The orc fanatic slashes you for 14 damage!
   10.805     | [HP=-79/MA=54]:The short orc trainee all-out slashes you for 18 damage!
   10.805     | [HP=-97/MA=54]:The short orc trainee slices you for 9 damage!
   10.805     | [HP=-106/MA=54]:The short orc trainee slices you for 4 damage!
   10.805     | [HP=-110/MA=54]:The large orc warrior slices you for 10 damage!
   10.805     | [HP=-120/MA=54]:The large orc warrior slices you for 10 damage!
   10.805     | [HP=-130/MA=54]:
   14.419 --- spellbook ---
   14.420     | spells
   14.420     | You may not do that while you are mortally wounded!
   14.420     | [HP=-130/MA=54]:
