    5.888 logged back in
   13.287 teleported via '/xgoto 2150 1'
   13.287 in the arena
   16.804 === attacking 'giant' ===
   21.952   The giant rat lunges at you!
   21.952   [HP=22]:You punch giant rat for 5 damage!
   21.952   [HP=22]:You punch giant rat for 1 damage!
   26.667   You punch giant rat for 1 damage!
   26.667   [HP=22]:You punch giant rat for 1 damage!
   26.667   [HP=22]:The giant rat lunges at you!
   31.401   You punch giant rat for 4 damage!
   32.610   [HP=22]:You gain 9 experience.
   37.336   A nasty giant rat creeps into the room from nowhere.
   42.054   The nasty giant rat lunges at you!
   46.783   The nasty giant rat lunges at you!
   52.723   The nasty giant rat lunges at you!
   57.451   The nasty giant rat lunges at you!
   62.181   The nasty giant rat lunges at you!
   68.104   The nasty giant rat lunges at you, but you dodge out of the way!
   72.842   The nasty giant rat lunges at you!
   77.571   The nasty giant rat lunges at you!
   83.495   The nasty giant rat lunges at you!
   88.224   The nasty giant rat lunges at you!
   92.959   The nasty giant rat lunges at you!
   98.884   The nasty giant rat lunges at you!
  103.615   The nasty giant rat lunges at you!
  108.345   The nasty giant rat lunges at you!
  114.274   The nasty giant rat lunges at you!
  119.004   The nasty giant rat lunges at you!
  123.707   The nasty giant rat lunges at you!
  129.636   The nasty giant rat lunges at you!
  134.367   The nasty giant rat lunges at you!
  139.096   The nasty giant rat lunges at you!
  145.028   The nasty giant rat lunges at you!
  149.775   The nasty giant rat lunges at you!
  154.460   The nasty giant rat lunges at you!
  160.389   The nasty giant rat lunges at you!
  165.120   The nasty giant rat lunges at you!
  169.822   The nasty giant rat lunges at you!
  175.753   The nasty giant rat lunges at you!
  180.456   The nasty giant rat lunges at you!
  185.185   The nasty giant rat lunges at you!
  191.116   The nasty giant rat lunges at you!
  195.845   The nasty giant rat lunges at you!
  200.549   The nasty giant rat lunges at you!
  206.477   The nasty giant rat lunges at you!
  211.207   The nasty giant rat lunges at you!
  215.909   The nasty giant rat lunges at you!
  221.840   The nasty giant rat lunges at you!
  226.570   The nasty giant rat lunges at you!
  231.299   The nasty giant rat lunges at you!
  237.232   The nasty giant rat lunges at you!
  241.960   The nasty giant rat lunges at you!
  246.692   The nasty giant rat lunges at you!
  252.668   The nasty giant rat lunges at you!
  257.325   The nasty giant rat lunges at you, but you dodge out of the way!
  262.059   The nasty giant rat lunges at you!
  267.992   The nasty giant rat lunges at you!
  272.686   The nasty giant rat lunges at you!
  278.620   The nasty giant rat lunges at you, but you dodge out of the way!
  283.346   The nasty giant rat lunges at you!
  288.051   The nasty giant rat lunges at you!
  292.763   The nasty giant rat lunges at you!
  298.687   The nasty giant rat lunges at you!
  303.414   The nasty giant rat lunges at you!
  308.143   The nasty giant rat lunges at you, but you dodge out of the way!
  314.073   The nasty giant rat lunges at you!
  318.811   The nasty giant rat lunges at you!
  323.539   The nasty giant rat lunges at you!
  329.472   The nasty giant rat lunges at you!
  334.194   The nasty giant rat lunges at you!
  338.924   The nasty giant rat lunges at you!
  344.861   The nasty giant rat lunges at you!
  349.584   The nasty giant rat lunges at you!
  354.314   The nasty giant rat lunges at you!
  360.245   The nasty giant rat lunges at you!
  364.973   The nasty giant rat lunges at you, but you dodge out of the way!
  369.783   The nasty giant rat lunges at you!
  376.121   The nasty giant rat lunges at you!
  380.844   The nasty giant rat lunges at you!
  385.547   The nasty giant rat lunges at you!
  390.276   The nasty giant rat lunges at you!
  396.211   The nasty giant rat lunges at you, but you dodge out of the way!
  400.936   The nasty giant rat lunges at you!
  405.666   The nasty giant rat lunges at you!
  411.597   The nasty giant rat lunges at you!
  416.334   The nasty giant rat lunges at you!
  421.056   The nasty giant rat lunges at you!
  426.986   The nasty giant rat lunges at you!
  431.716   The nasty giant rat lunges at you!
  436.446   The nasty giant rat lunges at you!
  438.852 --- watch post-kill replacement for 30s ---
  442.411   The nasty giant rat lunges at you!
  447.132   The nasty giant rat lunges at you!
  451.838   The nasty giant rat lunges at you!
  457.767   The nasty giant rat lunges at you!
  462.492   The nasty giant rat lunges at you!
  467.174   The nasty giant rat lunges at you!
  469.577 === departing (free-attack window) ===
  473.279 --- watch upstairs: pursuit? for 30s ---
  503.390 === logout ===
  507.957 done
