    6.989 === config b3: target 'giant bat' ===
   14.614 --- staging heal ---
   14.614     | buy healing
   14.614     | You do not have sufficient funds to buy full healing!
   14.614     | [HP=39]:
   18.224 --- inventory (pre-staging) ---
   18.224     | i
   18.224     | You are carrying Nothing!
   18.224     | You have no keys.
   18.224     | Wealth: 0 copper farthings
   18.224     | Encumbrance: 0/2880 - None [0%]
   18.224     | [HP=39]:
   25.141 --- summon gilded robes ---
   25.141     | sysop summon gilded robes
   25.141     | gilded robes conjured.
   25.141     | [HP=39]:
   28.364 --- summon chain coif ---
   28.364     | sysop summon chain coif
   28.364     | chain coif conjured.
   28.364     | [HP=39]:
   31.372 --- summon displacer fur cloak ---
   31.372     | sysop summon displacer fur cloak
   31.372     | displacer fur cloak conjured.
   31.372     | [HP=39]:
   34.759 --- summon beaded belt ---
   34.759     | sysop summon beaded belt
   34.759     | beaded belt conjured.
   34.759     | [HP=39]:
   37.827 --- summon violet orchid ---
   37.827     | sysop summon violet orchid
   37.827     | violet orchid conjured.
   37.827     | [HP=39]:
   41.121 --- summon malachite ring ---
   41.121     | sysop summon malachite ring
   41.121     | malachite ring conjured.
   41.121     | [HP=39]:
   44.167 --- summon wooden hammer ---
   44.167     | [HP=40]:sysop summon wooden hammer
   44.167     | wooden hammer conjured.
   44.167     | [HP=40]:
   47.496 --- wear gilded robes ---
   47.496     | wear gilded robes
   47.496     | You are now wearing gilded robes.
   47.496     | [HP=40]:
   50.710 --- wear chain coif ---
   50.710     | wear chain coif
   50.710     | You are now wearing chain coif.
   50.710     | [HP=40]:
   53.940 --- wear displacer fur cloak ---
   53.940     | wear displacer fur cloak
   53.940     | You are now wearing displacer fur cloak.
   53.940     | [HP=40]:
   57.154 --- wear beaded belt ---
   57.154     | wear beaded belt
   57.154     | You are now wearing beaded belt.
   57.154     | [HP=50]:
   60.546 --- wear violet orchid ---
   60.546     | wear violet orchid
   60.546     | You are now wearing violet orchid.
   60.546     | [HP=60]:
   63.763 --- wear malachite ring ---
   63.763     | wear malachite ring
   63.763     | You are now wearing malachite ring.
   63.763     | [HP=60]:
   66.981 --- wield wooden hammer ---
   66.981     | wield wooden hammer
   66.981     | You are now holding wooden hammer.
   66.981     | This weapon feels heavy in your hands.
   66.981     | [HP=60]:
   69.797 --- zero runic ---
   69.797     | /xcash 0 runic
   69.797     | [xcash] runic: 0 -> 0; type 'i' to confirm.
   72.697 --- zero platinum ---
   72.697     | /xcash 0 platinum
   72.697     | [xcash] platinum: 0 -> 0; type 'i' to confirm.
   75.508 --- zero gold ---
   75.508     | /xcash 0 gold
   75.508     | [xcash] gold: 0 -> 0; type 'i' to confirm.
   78.317 --- zero silver ---
   78.317     | [HP=61]:/xcash 0 silver
   78.317     | [xcash] silver: 0 -> 0; type 'i' to confirm.
   81.127 --- purse ---
   81.127     | /xcash 400 copper
   81.127     | [xcash] copper: 0 -> 400; type 'i' to confirm.
   84.737 --- STATS (accuracy inputs) ---
   84.737     | st
   84.737     | Name: Oracle Delver                    Lives/CP:      7/120
   84.737     | Race: Dwarf       Exp: 5000            Perception:     35
   84.737     | Class: Warrior    Level: 3             Stealth:         0
   84.737     | Hits:    61/70    Armour Class:  12/0  Thievery:        0
   84.738     |                                        Traps:           0
   84.738     |                                        Picklocks:       0
   84.738     | Strength:  50     Agility: 30          Tracking:        0
   84.738     | Intellect: 30     Health:  50          Martial Arts:   15
   84.738     | Willpower: 50     Charm:   30          MagicRes:       55
   84.738     | [HP=61]:
   88.351 --- INVENTORY (encumbrance) ---
   88.351     | i
   88.351     | You are carrying 400 copper farthings, gilded robes (Torso), chain coif (Head),
   88.351     | displacer fur cloak (Back), beaded belt (Waist), violet orchid (Worn),
   88.351     | malachite ring (Finger), wooden hammer (Weapon Hand)
   88.351     | You have no keys.
   88.351     | Wealth: 400 copper farthings
   88.351     | Encumbrance: 609/2880 - Light [21%]
   88.351     | [HP=61]:
   88.351 ENCUMBRANCE 609/2880 = 21%
   88.351 level 3, ratings -12, skill 1, accuracy 29, floor(acc/8) = 3, predicted parry 0.66
   88.351 predicted to-hit vs giant bat (AC 10): port as written = 0.8383838383838383, if template ac needs /10 = 0.98989898989899
   88.351 max HP 70; fight floor 21, sweep floor 49
  107.629 room 1453: grey spider present - leaving
  107.629 === heal cycle ===
  115.534 --- buy healing ---
  115.534     | buy healing
  115.534     | You hand over 66 copper farthings and all your wounds are healed.
  115.534     | [HP=70]:
  115.534 HP after healing = 70
  118.344 --- refill purse ---
  118.344     | /xcash 400 copper
  118.344     | [xcash] copper: 334 -> 400; type 'i' to confirm.
  182.674 room 1463: dark cleric present - leaving
  208.390 room 1467: dark cleric present - leaving
  227.454 room 1470: dark cultist present - leaving
  233.964 === heal cycle ===
  241.587 --- buy healing ---
  241.587     | buy healing
  241.587     | You hand over 124 copper farthings and all your wounds are healed.
  241.587     | [HP=70]:
  241.587 HP after healing = 70
  244.397 --- refill purse ---
  244.397     | /xcash 400 copper
  244.397     | [xcash] copper: 276 -> 400; type 'i' to confirm.
  328.452 room 1485: dark cultist present - leaving
  380.074 === engaging giant bat in room 1493 ===
  384.566 PROGRESS 0
  392.964   glance| Your swing at giant bat hits, but glances off its armour.
  411.713   dodge | You swing at giant bat who dodges your attack!
  434.353   dodge | You swing at giant bat who dodges your attack!
  447.304 PROGRESS 3/400 {'hit': 0, 'glance': 1, 'dodge': 2, 'miss': 0, 'novel': 0} connect=1.000
  449.651   glance| Your swing at giant bat hits, but glances off its armour.
  460.616   dodge | You swing at giant bat who dodges your attack!
  485.846 target gone - relocating
  485.847 === heal cycle ===
  493.475 --- buy healing ---
  493.475     | buy healing
  493.475     | You hand over 62 copper farthings and all your wounds are healed.
  493.475     | [HP=70]:
  493.475 HP after healing = 70
  496.291 --- refill purse ---
  496.291     | /xcash 400 copper
  496.291     | [xcash] copper: 338 -> 400; type 'i' to confirm.
  496.291 returning to the bat in room 1493
  502.634 target no longer there; resuming the sweep
  509.160 === engaging giant bat in room 1494 ===
  513.578 PROGRESS 5/400 {'hit': 0, 'glance': 2, 'dodge': 3, 'miss': 0, 'novel': 0} connect=1.000
  515.808   miss  | You swing at giant bat!
  520.535   dodge | You swing at giant bat who dodges your attack!
  526.514   glance| Your swing at giant bat hits, but glances off its armour.
  531.237   dodge | You swing at giant bat who dodges your attack!
  537.146   dodge | You swing at giant bat who dodges your attack!
  541.870   miss  | You swing at giant bat!
  546.594   dodge | You swing at giant bat who dodges your attack!
  552.536   miss  | You swing at giant bat!
  557.320   glance| Your swing at giant bat hits, but glances off its armour.
  562.181   dodge | You swing at giant bat who dodges your attack!
  566.994   dodge | You swing at giant bat who dodges your attack!
  573.002   dodge | You swing at giant bat who dodges your attack!
  574.208 PROGRESS 17/400 {'hit': 0, 'glance': 4, 'dodge': 10, 'miss': 3, 'novel': 0} connect=0.824
  577.838   dodge | You swing at giant bat who dodges your attack!
  577.838 === heal cycle ===
  585.566 --- buy healing ---
  585.566     | *Combat Off*
  585.566     | [HP=18]:buy healing
  585.566     | You hand over 104 copper farthings and all your wounds are healed.
  585.566     | [HP=70]:
  585.567 HP after healing = 70
  588.328 --- refill purse ---
  588.328     | /xcash 400 copper
  588.328     | [xcash] copper: 296 -> 400; type 'i' to confirm.
  588.328 returning to the bat in room 1494
  599.004   glance| Your swing at giant bat hits, but glances off its armour.
  603.791   glance| Your swing at giant bat hits, but glances off its armour.
  609.804   glance| Your swing at giant bat hits, but glances off its armour.
  614.651   dodge | You swing at giant bat who dodges your attack!
  619.408   miss  | You swing at giant bat!
  624.132   glance| Your swing at giant bat hits, but glances off its armour.
  630.171   dodge | You swing at giant bat who dodges your attack!
  634.945   miss  | You swing at giant bat!
  634.945 PROGRESS 26/400 {'hit': 0, 'glance': 8, 'dodge': 13, 'miss': 5, 'novel': 0} connect=0.808
  639.632   dodge | You swing at giant bat who dodges your attack!
  645.569   dodge | You swing at giant bat who dodges your attack!
  650.321   glance| Your swing at giant bat hits, but glances off its armour.
  655.072   dodge | You swing at giant bat who dodges your attack!
  660.988   dodge | You swing at giant bat who dodges your attack!
  660.989 === heal cycle ===
  668.621 --- buy healing ---
  668.621     | *Combat Off*
  668.621     | [HP=18]:buy healing
  668.621     | You hand over 104 copper farthings and all your wounds are healed.
  668.621     | [HP=70]:
  668.622 HP after healing = 70
  671.435 --- refill purse ---
  671.435     | /xcash 400 copper
  671.435     | [xcash] copper: 296 -> 400; type 'i' to confirm.
  671.435 returning to the bat in room 1494
  685.775   dodge | You swing at giant bat who dodges your attack!
  691.713   dodge | You swing at giant bat who dodges your attack!
  695.330 PROGRESS 33/400 {'hit': 0, 'glance': 9, 'dodge': 19, 'miss': 5, 'novel': 0} connect=0.848
  696.441   miss  | You swing at giant bat!
  701.165   dodge | You swing at giant bat who dodges your attack!
  707.103   dodge | You swing at giant bat who dodges your attack!
  711.804   glance| Your swing at giant bat hits, but glances off its armour.
  716.510   dodge | You swing at giant bat who dodges your attack!
  722.420   dodge | You swing at giant bat who dodges your attack!
  727.144   miss  | You swing at giant bat!
  727.145 === heal cycle ===
  734.864 --- buy healing ---
  734.864     | *Combat Off*
  734.864     | [HP=20]:buy healing
  734.864     | You hand over 100 copper farthings and all your wounds are healed.
  734.864     | [HP=70]:
  734.864 HP after healing = 70
  737.746 --- refill purse ---
  737.746     | /xcash 400 copper
  737.746     | [xcash] copper: 300 -> 400; type 'i' to confirm.
  737.747 returning to the bat in room 1494
  752.329   glance| Your swing at giant bat hits, but glances off its armour.
  755.952 PROGRESS 41/400 {'hit': 0, 'glance': 11, 'dodge': 23, 'miss': 7, 'novel': 0} connect=0.829
  758.269   dodge | You swing at giant bat who dodges your attack!
  762.996   dodge | You swing at giant bat who dodges your attack!
  768.908   miss  | You swing at giant bat!
  773.626   glance| Your swing at giant bat hits, but glances off its armour.
  778.332   glance| Your swing at giant bat hits, but glances off its armour.
  783.029   dodge | You swing at giant bat who dodges your attack!
  788.965   glance| Your swing at giant bat hits, but glances off its armour.
  793.701   miss  | You swing at giant bat!
  798.420   miss  | You swing at giant bat!
  804.354   miss  | You swing at giant bat!
  804.355 === heal cycle ===
  812.031 --- buy healing ---
  812.031     | *Combat Off*
  812.031     | [HP=20]:buy healing
  812.031     | You hand over 100 copper farthings and all your wounds are healed.
  812.031     | [HP=70]:
  812.031 HP after healing = 70
  814.845 --- refill purse ---
  814.845     | /xcash 400 copper
  814.845     | [xcash] copper: 300 -> 400; type 'i' to confirm.
  814.845 returning to the bat in room 1494
  825.628 PROGRESS 51/400 {'hit': 0, 'glance': 14, 'dodge': 26, 'miss': 11, 'novel': 0} connect=0.784
  830.324   dodge | You swing at giant bat who dodges your attack!
  835.058   dodge | You swing at giant bat who dodges your attack!
  839.755   glance| Your swing at giant bat hits, but glances off its armour.
  844.484   miss  | You swing at giant bat!
  850.417   dodge | You swing at giant bat who dodges your attack!
  855.118   dodge | You swing at giant bat who dodges your attack!
  859.815   dodge | You swing at giant bat who dodges your attack!
  865.728   glance| Your swing at giant bat hits, but glances off its armour.
  870.454   dodge | You swing at giant bat who dodges your attack!
  875.178   dodge | You swing at giant bat who dodges your attack!
  881.089   dodge | You swing at giant bat who dodges your attack!
  885.791   dodge | You swing at giant bat who dodges your attack!
  885.791 PROGRESS 63/400 {'hit': 0, 'glance': 16, 'dodge': 35, 'miss': 12, 'novel': 0} connect=0.810
  891.722   miss  | You swing at giant bat!
  896.453   dodge | You swing at giant bat who dodges your attack!
  896.454 === heal cycle ===
  904.083 --- buy healing ---
  904.083     | *Combat Off*
  904.083     | [HP=14]:buy healing
  904.083     | You hand over 112 copper farthings and all your wounds are healed.
  904.083     | [HP=70]:
  904.084 HP after healing = 70
  906.899 --- refill purse ---
  906.899     | /xcash 400 copper
  906.899     | [xcash] copper: 288 -> 400; type 'i' to confirm.
  906.899 returning to the bat in room 1494
  921.215   glance| Your swing at giant bat hits, but glances off its armour.
  927.153   miss  | You swing at giant bat!
  931.878   dodge | You swing at giant bat who dodges your attack!
  936.606   dodge | You swing at giant bat who dodges your attack!
  942.520   dodge | You swing at giant bat who dodges your attack!
  946.143 PROGRESS 70/400 {'hit': 0, 'glance': 17, 'dodge': 39, 'miss': 14, 'novel': 0} connect=0.800
  947.217   dodge | You swing at giant bat who dodges your attack!
  951.942   glance| Your swing at giant bat hits, but glances off its armour.
  957.850   dodge | You swing at giant bat who dodges your attack!
  962.575   glance| Your swing at giant bat hits, but glances off its armour.
  967.238   dodge | You swing at giant bat who dodges your attack!
  973.184   glance| Your swing at giant bat hits, but glances off its armour.
  977.915   dodge | You swing at giant bat who dodges your attack!
  982.641   dodge | You swing at giant bat who dodges your attack!
  983.849 === heal cycle ===
  991.478 --- buy healing ---
  991.478     | *Combat Off*
  991.478     | [HP=17]:buy healing
  991.478     | You hand over 106 copper farthings and all your wounds are healed.
  991.478     | [HP=70]:
  991.479 HP after healing = 70
  994.295 --- refill purse ---
  994.295     | /xcash 400 copper
  994.295     | [xcash] copper: 294 -> 400; type 'i' to confirm.
  994.295 returning to the bat in room 1494
 1006.353 PROGRESS 78/400 {'hit': 0, 'glance': 20, 'dodge': 44, 'miss': 14, 'novel': 0} connect=0.821
 1008.667   dodge | You swing at giant bat who dodges your attack!
 1014.600   dodge | You swing at giant bat who dodges your attack!
 1019.328   dodge | You swing at giant bat who dodges your attack!
 1024.058   dodge | You swing at giant bat who dodges your attack!
 1028.782   glance| Your swing at giant bat hits, but glances off its armour.
 1034.695   miss  | You swing at giant bat!
 1039.391   dodge | You swing at giant bat who dodges your attack!
 1044.119   dodge | You swing at giant bat who dodges your attack!
 1050.057   dodge | You swing at giant bat who dodges your attack!
 1054.791   dodge | You swing at giant bat who dodges your attack!
 1060.758   dodge | You swing at giant bat who dodges your attack!
 1065.473   dodge | You swing at giant bat who dodges your attack!
 1066.680 PROGRESS 90/400 {'hit': 0, 'glance': 21, 'dodge': 54, 'miss': 15, 'novel': 0} connect=0.833
 1070.211   dodge | You swing at giant bat who dodges your attack!
 1070.212 === heal cycle ===
 1077.951 --- buy healing ---
 1077.951     | *Combat Off*
 1077.951     | [HP=16]:buy healing
 1077.951     | You hand over 108 copper farthings and all your wounds are healed.
 1077.951     | [HP=70]:
 1077.952 HP after healing = 70
 1080.765 --- refill purse ---
 1080.765     | /xcash 400 copper
 1080.765     | [xcash] copper: 292 -> 400; type 'i' to confirm.
 1080.765 returning to the bat in room 1494
 1096.553   dodge | You swing at giant bat who dodges your attack!
 1101.277   glance| Your swing at giant bat hits, but glances off its armour.
 1106.003   miss  | You swing at giant bat!
 1110.728   miss  | You swing at giant bat!
 1116.637   dodge | You swing at giant bat who dodges your attack!
 1121.381   dodge | You swing at giant bat who dodges your attack!
 1127.298   dodge | You swing at giant bat who dodges your attack!
 1127.298 PROGRESS 98/400 {'hit': 0, 'glance': 22, 'dodge': 59, 'miss': 17, 'novel': 0} connect=0.827
 1132.031   dodge | You swing at giant bat who dodges your attack!
 1136.757   glance| Your swing at giant bat hits, but glances off its armour.
 1141.459   dodge | You swing at giant bat who dodges your attack!
 1147.390   glance| Your swing at giant bat hits, but glances off its armour.
 1152.091   dodge | You swing at giant bat who dodges your attack!
 1156.815   dodge | You swing at giant bat who dodges your attack!
 1162.761   glance| Your swing at giant bat hits, but glances off its armour.
 1167.452   dodge | You swing at giant bat who dodges your attack!
 1172.178   glance| Your swing at giant bat hits, but glances off its armour.
 1178.112   dodge | You swing at giant bat who dodges your attack!
 1182.845   dodge | You swing at giant bat who dodges your attack!
 1182.845 === heal cycle ===
 1190.465 --- buy healing ---
 1190.465     | *Combat Off*
 1190.465     | [HP=13]:buy healing
 1190.465     | You hand over 114 copper farthings and all your wounds are healed.
 1190.465     | [HP=70]:
 1190.466 HP after healing = 70
 1193.274 --- refill purse ---
 1193.274     | /xcash 400 copper
 1193.274     | [xcash] copper: 286 -> 400; type 'i' to confirm.
 1193.274 returning to the bat in room 1494
 1204.177   dodge | You swing at giant bat who dodges your attack!
 1204.177 PROGRESS 110/400 {'hit': 0, 'glance': 26, 'dodge': 67, 'miss': 17, 'novel': 0} connect=0.845
 1208.903   dodge | You swing at giant bat who dodges your attack!
 1213.628   dodge | You swing at giant bat who dodges your attack!
 1218.348   glance| Your swing at giant bat hits, but glances off its armour.
 1224.293   dodge | You swing at giant bat who dodges your attack!
 1229.023   dodge | You swing at giant bat who dodges your attack!
 1234.947   dodge | You swing at giant bat who dodges your attack!
 1239.674   glance| Your swing at giant bat hits, but glances off its armour.
 1244.414   miss  | You swing at giant bat!
 1250.342   miss  | You swing at giant bat!
 1255.067   miss  | You swing at giant bat!
 1259.795   dodge | You swing at giant bat who dodges your attack!
 1264.518 PROGRESS 121/400 {'hit': 0, 'glance': 28, 'dodge': 73, 'miss': 20, 'novel': 0} connect=0.835
 1264.520 === heal cycle ===
 1272.056 --- buy healing ---
 1272.056     | buy healing
 1272.056     | You hand over 110 copper farthings and all your wounds are healed.
 1272.056     | [HP=70]:*Combat Off*
 1272.056     | [HP=70]:
 1272.057 HP after healing = 70
 1274.866 --- refill purse ---
 1274.866     | /xcash 400 copper
 1274.866     | [xcash] copper: 290 -> 400; type 'i' to confirm.
 1274.866 returning to the bat in room 1494
 1285.442   glance| Your swing at giant bat hits, but glances off its armour.
 1291.375   dodge | You swing at giant bat who dodges your attack!
 1296.106   glance| Your swing at giant bat hits, but glances off its armour.
 1300.832   glance| Your swing at giant bat hits, but glances off its armour.
 1305.561   glance| Your swing at giant bat hits, but glances off its armour.
 1311.497   glance| Your swing at giant bat hits, but glances off its armour.
 1316.224   dodge | You swing at giant bat who dodges your attack!
 1320.948   glance| Your swing at giant bat hits, but glances off its armour.
 1324.571 PROGRESS 129/400 {'hit': 0, 'glance': 34, 'dodge': 75, 'miss': 20, 'novel': 0} connect=0.845
 1326.886   dodge | You swing at giant bat who dodges your attack!
 1331.613   dodge | You swing at giant bat who dodges your attack!
 1331.614 === heal cycle ===
 1339.236 --- buy healing ---
 1339.236     | *Combat Off*
 1339.236     | [HP=16]:[HP=17]:buy healing
 1339.236     | You hand over 106 copper farthings and all your wounds are healed.
 1339.236     | [HP=70]:
 1339.236 HP after healing = 70
 1342.043 --- refill purse ---
 1342.043     | /xcash 400 copper
 1342.044     | [xcash] copper: 294 -> 400; type 'i' to confirm.
 1342.044 returning to the bat in room 1494
 1352.937   dodge | You swing at giant bat who dodges your attack!
 1357.664   glance| Your swing at giant bat hits, but glances off its armour.
 1362.397   glance| Your swing at giant bat hits, but glances off its armour.
 1367.104   dodge | You swing at giant bat who dodges your attack!
 1373.030   glance| Your swing at giant bat hits, but glances off its armour.
 1377.755   dodge | You swing at giant bat who dodges your attack!
 1382.482   miss  | You swing at giant bat!
 1384.901 PROGRESS 138/400 {'hit': 0, 'glance': 37, 'dodge': 80, 'miss': 21, 'novel': 0} connect=0.848
 1388.419   glance| Your swing at giant bat hits, but glances off its armour.
 1393.148   glance| Your swing at giant bat hits, but glances off its armour.
 1399.082   glance| Your swing at giant bat hits, but glances off its armour.
 1403.810   miss  | You swing at giant bat!
 1408.535   dodge | You swing at giant bat who dodges your attack!
 1413.262   dodge | You swing at giant bat who dodges your attack!
 1419.199   glance| Your swing at giant bat hits, but glances off its armour.
 1423.928   miss  | You swing at giant bat!
 1423.929 === heal cycle ===
 1431.560 --- buy healing ---
 1431.560     | *Combat Off*
 1431.560     | [HP=19]:[HP=20]:buy healing
 1431.560     | You hand over 100 copper farthings and all your wounds are healed.
 1431.560     | [HP=70]:
 1431.561 HP after healing = 70
 1434.369 --- refill purse ---
 1434.369     | /xcash 400 copper
 1434.369     | [xcash] copper: 300 -> 400; type 'i' to confirm.
 1434.369 returning to the bat in room 1494
 1445.225 PROGRESS 146/400 {'hit': 0, 'glance': 41, 'dodge': 82, 'miss': 23, 'novel': 0} connect=0.842
 1449.928   glance| Your swing at giant bat hits, but glances off its armour.
 1454.655   dodge | You swing at giant bat who dodges your attack!
 1459.380   dodge | You swing at giant bat who dodges your attack!
 1465.314   dodge | You swing at giant bat who dodges your attack!
 1470.045   dodge | You swing at giant bat who dodges your attack!
 1474.769   miss  | You swing at giant bat!
 1480.705   dodge | You swing at giant bat who dodges your attack!
 1485.435   dodge | You swing at giant bat who dodges your attack!
 1491.368   miss  | You swing at giant bat!
 1496.097   miss  | You swing at giant bat!
 1500.823   glance| Your swing at giant bat hits, but glances off its armour.
 1505.549   glance| Your swing at giant bat hits, but glances off its armour.
 1505.549 PROGRESS 158/400 {'hit': 0, 'glance': 44, 'dodge': 88, 'miss': 26, 'novel': 0} connect=0.835
 1511.461   dodge | You swing at giant bat who dodges your attack!
 1516.187   dodge | You swing at giant bat who dodges your attack!
 1516.188 === heal cycle ===
 1523.818 --- buy healing ---
 1523.818     | *Combat Off*
 1523.818     | [HP=18]:[HP=19]:buy healing
 1523.818     | You hand over 102 copper farthings and all your wounds are healed.
 1523.818     | [HP=70]:
 1523.819 HP after healing = 70
 1526.627 --- refill purse ---
 1526.627     | /xcash 400 copper
 1526.627     | [xcash] copper: 298 -> 400; type 'i' to confirm.
 1526.627 returning to the bat in room 1494
 1537.482   dodge | You swing at giant bat who dodges your attack!
 1542.210   dodge | You swing at giant bat who dodges your attack!
 1546.914   dodge | You swing at giant bat who dodges your attack!
 1551.612   miss  | You swing at giant bat!
 1557.548   glance| Your swing at giant bat hits, but glances off its armour.
 1562.277   dodge | You swing at giant bat who dodges your attack!
 1565.902 PROGRESS 166/400 {'hit': 0, 'glance': 45, 'dodge': 94, 'miss': 27, 'novel': 0} connect=0.837
 1567.001   glance| Your swing at giant bat hits, but glances off its armour.
 1572.937   glance| Your swing at giant bat hits, but glances off its armour.
 1577.668   dodge | You swing at giant bat who dodges your attack!
 1582.391   dodge | You swing at giant bat who dodges your attack!
 1588.327   glance| Your swing at giant bat hits, but glances off its armour.
 1593.055   dodge | You swing at giant bat who dodges your attack!
 1593.056 === heal cycle ===
 1600.678 --- buy healing ---
 1600.678     | *Combat Off*
 1600.678     | [HP=18]:buy healing
 1600.678     | You hand over 104 copper farthings and all your wounds are healed.
 1600.678     | [HP=70]:
 1600.679 HP after healing = 70
 1603.487 --- refill purse ---
 1603.487     | /xcash 400 copper
 1603.487     | [xcash] copper: 296 -> 400; type 'i' to confirm.
 1603.487 returning to the bat in room 1494
 1614.383   dodge | You swing at giant bat who dodges your attack!
 1619.079   dodge | You swing at giant bat who dodges your attack!
 1623.808   dodge | You swing at giant bat who dodges your attack!
 1626.227 PROGRESS 175/400 {'hit': 0, 'glance': 48, 'dodge': 100, 'miss': 27, 'novel': 0} connect=0.846
 1629.740   dodge | You swing at giant bat who dodges your attack!
 1634.474   glance| Your swing at giant bat hits, but glances off its armour.
 1639.197   dodge | You swing at giant bat who dodges your attack!
 1645.134   dodge | You swing at giant bat who dodges your attack!
 1649.832   glance| Your swing at giant bat hits, but glances off its armour.
 1654.562   dodge | You swing at giant bat who dodges your attack!
 1660.495   dodge | You swing at giant bat who dodges your attack!
 1665.224   glance| Your swing at giant bat hits, but glances off its armour.
 1669.952   glance| Your swing at giant bat hits, but glances off its armour.
 1675.886   glance| Your swing at giant bat hits, but glances off its armour.
 1675.887 === heal cycle ===
 1683.507 --- buy healing ---
 1683.507     | *Combat Off*
 1683.507     | [HP=17]:buy healing
 1683.507     | You hand over 106 copper farthings and all your wounds are healed.
 1683.507     | [HP=70]:
 1683.508 HP after healing = 70
 1686.317 --- refill purse ---
 1686.317     | /xcash 400 copper
 1686.317     | [xcash] copper: 294 -> 400; type 'i' to confirm.
 1686.317 returning to the bat in room 1494
 1697.216 PROGRESS 185/400 {'hit': 0, 'glance': 53, 'dodge': 105, 'miss': 27, 'novel': 0} connect=0.854
 1700.731   miss  | You swing at giant bat!
 1705.455   miss  | You swing at giant bat!
 1711.391   glance| Your swing at giant bat hits, but glances off its armour.
 1716.123   glance| Your swing at giant bat hits, but glances off its armour.
 1720.846   dodge | You swing at giant bat who dodges your attack!
 1726.784   glance| Your swing at giant bat hits, but glances off its armour.
 1731.512   dodge | You swing at giant bat who dodges your attack!
 1737.447   miss  | You swing at giant bat!
 1742.171   glance| Your swing at giant bat hits, but glances off its armour.
 1746.902   dodge | You swing at giant bat who dodges your attack!
 1751.600 === heal cycle ===
 1759.135 --- buy healing ---
 1759.135     | buy healing
 1759.135     | You hand over 104 copper farthings and all your wounds are healed.
 1759.135     | [HP=70]:*Combat Off*
 1759.135     | [HP=70]:
 1759.137 HP after healing = 70
 1761.945 --- refill purse ---
 1761.945     | /xcash 400 copper
 1761.945     | [xcash] copper: 296 -> 400; type 'i' to confirm.
 1761.945 returning to the bat in room 1494
 1772.501   dodge | You swing at giant bat who dodges your attack!
 1772.501 PROGRESS 196/400 {'hit': 0, 'glance': 57, 'dodge': 109, 'miss': 30, 'novel': 0} connect=0.847
 1778.432   glance| Your swing at giant bat hits, but glances off its armour.
 1783.158   dodge | You swing at giant bat who dodges your attack!
 1787.886   miss  | You swing at giant bat!
 1792.611   glance| Your swing at giant bat hits, but glances off its armour.
 1798.549   dodge | You swing at giant bat who dodges your attack!
 1803.278   dodge | You swing at giant bat who dodges your attack!
 1809.211   hit   | You critically pound giant bat for 1 damage!
 1813.940   dodge | You swing at giant bat who dodges your attack!
 1818.667   miss  | You swing at giant bat!
 1823.391   glance| Your swing at giant bat hits, but glances off its armour.
 1824.604 === heal cycle ===
 1832.227 --- buy healing ---
 1832.227     | *Combat Off*
 1832.227     | [HP=19]:[HP=20]:buy healing
 1832.227     | You hand over 100 copper farthings and all your wounds are healed.
 1832.227     | [HP=70]:
 1832.228 HP after healing = 70
 1835.036 --- refill purse ---
 1835.036     | /xcash 400 copper
 1835.036     | [xcash] copper: 300 -> 400; type 'i' to confirm.
 1835.036 returning to the bat in room 1494
 1845.902 PROGRESS 206/400 {'hit': 1, 'glance': 60, 'dodge': 113, 'miss': 32, 'novel': 0} connect=0.845
 1849.393   dodge | You swing at giant bat who dodges your attack!
 1854.119   miss  | You swing at giant bat!
 1860.056   dodge | You swing at giant bat who dodges your attack!
 1864.785   dodge | You swing at giant bat who dodges your attack!
 1869.509   dodge | You swing at giant bat who dodges your attack!
 1875.447   dodge | You swing at giant bat who dodges your attack!
 1880.147   dodge | You swing at giant bat who dodges your attack!
 1886.054   dodge | You swing at giant bat who dodges your attack!
 1890.781   dodge | You swing at giant bat who dodges your attack!
 1895.486   glance| Your swing at giant bat hits, but glances off its armour.
 1900.182   dodge | You swing at giant bat who dodges your attack!
 1906.119   miss  | You swing at giant bat!
 1906.119 PROGRESS 218/400 {'hit': 1, 'glance': 61, 'dodge': 122, 'miss': 34, 'novel': 0} connect=0.844
 1910.845   miss  | You swing at giant bat!
 1915.571   miss  | You swing at giant bat!
 1921.510   dodge | You swing at giant bat who dodges your attack!
 1926.209   dodge | You swing at giant bat who dodges your attack!
 1930.932   glance| Your swing at giant bat hits, but glances off its armour.
 1932.143 === heal cycle ===
 1939.768 --- buy healing ---
 1939.768     | *Combat Off*
 1939.768     | [HP=19]:buy healing
 1939.768     | You hand over 102 copper farthings and all your wounds are healed.
 1939.768     | [HP=70]:
 1939.769 HP after healing = 70
 1942.578 --- refill purse ---
 1942.579     | /xcash 400 copper
 1942.579     | [xcash] copper: 298 -> 400; type 'i' to confirm.
 1942.579 returning to the bat in room 1494
 1956.958   glance| Your swing at giant bat hits, but glances off its armour.
 1962.895   miss  | You swing at giant bat!
 1966.522 PROGRESS 225/400 {'hit': 1, 'glance': 63, 'dodge': 124, 'miss': 37, 'novel': 0} connect=0.836
 1967.621   dodge | You swing at giant bat who dodges your attack!
 1972.354   miss  | You swing at giant bat!
 1977.075   dodge | You swing at giant bat who dodges your attack!
 1983.013   dodge | You swing at giant bat who dodges your attack!
 1987.739   dodge | You swing at giant bat who dodges your attack!
 1992.465   glance| Your swing at giant bat hits, but glances off its armour.
 1998.402   glance| Your swing at giant bat hits, but glances off its armour.
 2003.132   miss  | You swing at giant bat!
 2009.065   dodge | You swing at giant bat who dodges your attack!
 2013.804   dodge | You swing at giant bat who dodges your attack!
 2018.519   dodge | You swing at giant bat who dodges your attack!
 2023.248   miss  | You swing at giant bat!
 2024.461 === heal cycle ===
 2032.084 --- buy healing ---
 2032.085     | *Combat Off*
 2032.085     | [HP=18]:buy healing
 2032.085     | You hand over 104 copper farthings and all your wounds are healed.
 2032.085     | [HP=70]:
 2032.086 HP after healing = 70
 2034.896 --- refill purse ---
 2034.896     | /xcash 400 copper
 2034.896     | [xcash] copper: 296 -> 400; type 'i' to confirm.
 2034.896 returning to the bat in room 1494
 2045.781 PROGRESS 237/400 {'hit': 1, 'glance': 65, 'dodge': 131, 'miss': 40, 'novel': 0} connect=0.831
 2049.299   glance| Your swing at giant bat hits, but glances off its armour.
 2055.238   dodge | You swing at giant bat who dodges your attack!
 2059.963   glance| Your swing at giant bat hits, but glances off its armour.
 2064.692   glance| Your swing at giant bat hits, but glances off its armour.
 2070.624   dodge | You swing at giant bat who dodges your attack!
 2075.356   dodge | You swing at giant bat who dodges your attack!
 2080.079   dodge | You swing at giant bat who dodges your attack!
 2086.015   dodge | You swing at giant bat who dodges your attack!
 2090.744   glance| Your swing at giant bat hits, but glances off its armour.
 2095.479   dodge | You swing at giant bat who dodges your attack!
 2100.195   glance| Your swing at giant bat hits, but glances off its armour.
 2106.107   dodge | You swing at giant bat who dodges your attack!
 2106.107 PROGRESS 249/400 {'hit': 1, 'glance': 70, 'dodge': 138, 'miss': 40, 'novel': 0} connect=0.839
 2110.835   miss  | You swing at giant bat!
 2115.558   glance| Your swing at giant bat hits, but glances off its armour.
 2121.494   glance| Your swing at giant bat hits, but glances off its armour.
 2126.225   glance| Your swing at giant bat hits, but glances off its armour.
 2132.155   dodge | You swing at giant bat who dodges your attack!
 2136.886   dodge | You swing at giant bat who dodges your attack!
 2136.887 === heal cycle ===
 2144.511 --- buy healing ---
 2144.511     | *Combat Off*
 2144.511     | [HP=19]:buy healing
 2144.511     | You hand over 102 copper farthings and all your wounds are healed.
 2144.511     | [HP=70]:
 2144.512 HP after healing = 70
 2147.321 --- refill purse ---
 2147.321     | /xcash 400 copper
 2147.321     | [xcash] copper: 298 -> 400; type 'i' to confirm.
 2147.321 returning to the bat in room 1494
 2161.728   dodge | You swing at giant bat who dodges your attack!
 2166.561 PROGRESS 256/400 {'hit': 1, 'glance': 73, 'dodge': 141, 'miss': 41, 'novel': 0} connect=0.840
 2167.667   dodge | You swing at giant bat who dodges your attack!
 2172.392   dodge | You swing at giant bat who dodges your attack!
 2177.119   miss  | You swing at giant bat!
 2183.057   glance| Your swing at giant bat hits, but glances off its armour.
 2187.784   dodge | You swing at giant bat who dodges your attack!
 2193.719   dodge | You swing at giant bat who dodges your attack!
 2198.451   dodge | You swing at giant bat who dodges your attack!
 2203.173   glance| Your swing at giant bat hits, but glances off its armour.
 2207.898   dodge | You swing at giant bat who dodges your attack!
 2213.835   glance| Your swing at giant bat hits, but glances off its armour.
 2218.539   dodge | You swing at giant bat who dodges your attack!
 2218.540 === heal cycle ===
 2226.160 --- buy healing ---
 2226.160     | *Combat Off*
 2226.160     | [HP=20]:buy healing
 2226.160     | You hand over 100 copper farthings and all your wounds are healed.
 2226.160     | [HP=70]:
 2226.161 HP after healing = 70
 2228.970 --- refill purse ---
 2228.970     | /xcash 400 copper
 2228.970     | [xcash] copper: 300 -> 400; type 'i' to confirm.
 2228.970 returning to the bat in room 1494
 2239.863 PROGRESS 267/400 {'hit': 1, 'glance': 76, 'dodge': 148, 'miss': 42, 'novel': 0} connect=0.843
 2244.588   glance| Your swing at giant bat hits, but glances off its armour.
 2249.319   dodge | You swing at giant bat who dodges your attack!
 2254.042   miss  | You swing at giant bat!
 2259.980   dodge | You swing at giant bat who dodges your attack!
 2264.709   miss  | You swing at giant bat!
 2269.432   dodge | You swing at giant bat who dodges your attack!
 2275.369   glance| Your swing at giant bat hits, but glances off its armour.
 2280.098   dodge | You swing at giant bat who dodges your attack!
 2286.031   dodge | You swing at giant bat who dodges your attack!
 2290.762   dodge | You swing at giant bat who dodges your attack!
 2295.484   dodge | You swing at giant bat who dodges your attack!
