1784307881.249 !! driver connected
1784307881.292 RX ╔══════════════════════════════════════════════════════════╗
1784307881.292 RX ║█████████████████▄███████▄███████▄████████████████████████║
1784307881.292 RX ║██████████████▀▀██████▀▀██████▀▀▀▀███▀▀▀▀█████████████████║
1784307881.292 RX ║██████████████████▀███████▀███████████████████████████████║
1784307881.292 RX ║███▀███▀██████▀▀██████▀▀███▀▀▀▀██████▀▀▀████▀███▀█████████║
1784307881.292 RX ║████▀▀▀███████████▀███████▀██████████████████▀▀▀████▀████▀║
1784307881.292 RX ║▀▀▀█████▀▀▀▀▀▀▀▀▀▀█▀▀▀▀▀▀▀█▀▀▀▀▀▀▀▀▀▀▀▀▀▀▀▀▀█████▀▀▀█▀▀▀▀▀║
1784307881.292 RX ║██████████████╘═╡ The MajorBBS Emulator ╞═╛███████████████║
1784307881.292 RX ║████████████████│ By: MBBSEmu Community │█████████████████║
1784307881.292 RX ║                │https://www.mbbsemu.com│                 ║
1784307881.292 RX ╚══════════════════════════════════════════════════════════╝
1784307881.292 RX  
1784307881.292 RX Enter Username or enter "NEW" to create a new Account
1784307882.269 PART Username:  ²
1784307890.410 TX Vexil
1784307890.412 RX Vexil
1784307890.413 PART Password: 
1784307891.415 TX test123
1784307891.415 RX *******
1784307891.423 RX 
1784307891.423 RX Fantasy awaits you in MajorMUD v1.11p-WG!
1784307891.423 RX 
1784307891.423 RX 
1784307891.423 RX Please select one of the following:
1784307891.423 RX 
1784307891.424 RX    A ... MajorMUD
1784307891.424 RX 
1784307891.424 RX Main Menu
1784307891.424 PART Make your selection (X to exit): 
1784307892.426 TX A
1784307892.427 RX A
1784307892.431 RX 
1784307892.431 RX  M A J O R  M U D v1.11p-WG (Dec 30 2005 14:20:05)
1784307892.431 RX {Realm Of Legends}
1784307892.431 RX *ANSI RECOMMENDED*
1784307892.431 RX 
1784307892.431 RX [E] . Enter the Realm
1784307892.431 RX [H] . Help
1784307892.431 RX [A] . About the Game
1784307892.431 RX [C] . Game Counts
1784307892.431 RX [T] . Topten Adventurers
1784307892.431 RX [G] . Topten Gangs
1784307892.431 RX [W] . Who's in the Realm
1784307892.431 RX [R] . Release Notes
1784307892.431 RX [I] . Information
1784307892.431 RX [X] . Exit Game
1784307892.431 RX 
1784307892.431 PART [MAJORMUD]: 
1784307897.670 TX E
1784307897.671 RX E
1784307897.675 RX Please choose a race from the following list:
1784307897.675 RX [1]  Human
1784307897.676 RX [2]  Dwarf
1784307897.676 RX [3]  Gnome
1784307897.676 RX [4]  Halfling
1784307897.677 RX [5]  Elf
1784307897.677 RX [6]  Half-Elf
1784307897.677 RX [7]  Dark-Elf
1784307897.678 RX [8]  Half-Orc
1784307897.678 RX [9]  Goblin
1784307897.678 RX [10] Half-Ogre
1784307897.678 RX [11] Kang
1784307897.678 RX [12] Nekojin
1784307897.678 RX [13] Gaunt One
1784307897.678 RX 
1784307897.678 PART Please choose your race [ ? for help ] : 
1784307904.222 TX 1
1784307904.223 RX 1
1784307904.226 RX Please choose a class from the following list:
1784307904.226 RX [1]  Warrior
1784307904.227 RX [2]  Witchunter
1784307904.227 RX [3]  Paladin
1784307904.227 RX [4]  Cleric
1784307904.227 RX [5]  Priest
1784307904.227 RX [6]  Missionary
1784307904.227 RX [7]  Ninja
1784307904.227 RX [8]  Thief
1784307904.227 RX [9]  Bard
1784307904.227 RX [10] Gypsy
1784307904.227 RX [11] Warlock
1784307904.227 RX [12] Mage
1784307904.227 RX [13] Druid
1784307904.227 RX [14] Ranger
1784307904.227 RX [15] Mystic
1784307904.227 RX 
1784307904.227 PART Please choose your class [ ? for help ] : 
1784307909.147 TX 12
1784307909.149 RX 12
1784307909.149 RX 
1784307909.149 RX You must now choose if you want to be a truly 'lawful' citizen of the realm.
1784307909.149 RX If you answer YES to this question then you will never be allowed to instigate
1784307909.149 RX any action which would give you evil points, and any player that attacks or
1784307909.149 RX robs from you will receive three times the regular evil points in return. You
1784307909.149 RX can still attack those with a bad reputation. This option is designed
1784307909.149 RX solely for those who want to stay away from the player combat aspects of the
1784307909.149 RX game, and choosing it for any other reason (Item storage, etc...) is strictly
1784307909.149 RX prohibited.
1784307909.149 RX 
1784307909.149 RX Remember, this is a very important choice. Once you have chosen Lawfulness,
1784307909.149 RX you may not remove this title, unless you start a new character.
1784307909.149 RX 
1784307909.153 TX No
1784307909.164 RX Do you want to be Lawful?  [Yes/No] No
1784307909.171 RX     .─────────────────────────────────────.──.
1784307909.171 RX    / M A J O R  M U D Character Creation /    \  ┌─    Point Cost Chart    ─┐
1784307909.171 RX   │                                     ├──.   │ │                          │
1784307909.171 RX   │ » Given Name   ?????????????????? « │___\_/  │ 1st 10 points: 1 CP each │
1784307909.171 RX   │ » Family Name  ?????????????????? « │        │ 2nd 10 points: 2 CP each │
1784307909.171 RX   │ » Race         ?????????????????? « │        │ 3rd 10 points: 3 CP each │
1784307909.171 RX   │ » Class        ?????????????????? « │        │     ... and so on ...    │
1784307909.171 RX   │                                     │        │                          │
1784307909.171 RX   │ » Strength   ($$$$ to $$$$)  $$$$ « │        │ +10 to base stat:  10 CP │
1784307909.171 RX   │ » Intellect  ($$$$ to $$$$)  $$$$ « │ ──────┤ +20 to base stat:  30 CP │
1784307909.171 RX   │ » Willpower  ($$$$ to $$$$)  $$$$ « │        │ +30 to base stat:  60 CP │
1784307909.171 RX   │ » Agility    ($$$$ to $$$$)  $$$$ « │        │ +40 to base stat: 100 CP │
1784307909.171 RX   │ » Health     ($$$$ to $$$$)  $$$$ « │        │ +50 to base stat: 150 CP │
1784307909.171 RX   │ » Charm      ($$$$ to $$$$)  $$$$ « │        └─    ... and so on ...   ─┘
1784307909.171 RX   │                                     │
1784307909.171 RX   │ »  Hair Length   ???????????????  « │        ┌ Use the Space Bar to
1784307909.171 RX   │ »  Hair Colour   ???????????????  « │ ──────┤ toggle between choices for
1784307909.171 RX   │ »  Eye Colour    ???????????????  « │        └ your physical description
1784307909.171 RX   │                                     │
1784307909.171 RX   │ »  Exit: ???? «  » CP Left:       « │ ─────── SAVE your character or EXIT
1784307909.171 RX  ⌐┴───────────────────────────────.     │
1784307909.171 RX  \_________________________________\___/
1784307909.198 PART !!!!!!!!!!!!!!!!!!!!!!!!!!!!!!!!!!!!!!!!!!!!!!!!!!!!!!!!!!!!! 100                  Vexil                  Arcanum                  Human                  Mage(    40    100    40(    40    100    40(    40    100    40(    40    100    40(    40    100    40(    40    100    40               none               black               black    SAVE                                                                               Vexil
1784307917.749 TXRAW Zinvar\r
1784307917.787 PART Zinvar                                                             Your given name can only be 10 characters long!                  Vexil
1784307926.341 TXRAW \x08\x08\x08\x08\x08\x08\x08\x08\x08\x08\x08\x08Zinvar\r
1784307926.351 PART invar                                                                               Zinvar                  Arcanum
1784307933.501 TXRAW \x08\x08\x08\x08\x08\x08\x08\x08\x08\x08\x08\x08Duskmere\r
1784307933.502 PART uskmere 100                                                                               Duskmere    40
1784307941.536 TXRAW \r
1784307941.552 TXRAW \r
1784307941.565 TXRAW \r
1784307941.571 TXRAW \r
1784307941.578 TXRAW \r
1784307941.587 TXRAW \r
1784307941.593 TXRAW \r
1784307941.601 TXRAW \r
1784307941.610 TXRAW \r
1784307941.625 TXRAW \r
1784307941.638 TXRAW \r
1784307941.639 RX  100                                                                 40    40 100                                                                 40    40 100                                                                 40    40 100                                                                 40    40 100                                                                 40    40 100                                                                 40               none                                                                            none               black                                                                            black               black                                                                            black    SAVE                                                                 SAVE
1784307941.639 RX To prevent accidental suicide or reroll, these commands
1784307941.639 RX have been password protected.  You have not yet entered
1784307941.639 RX your suicide password, so please do so soon using the
1784307941.639 RX SET SUICIDE command.
1784307941.640 RX Please wait - Validating your name.
1784307941.642 RX  
1784307941.642 RX Validating your name, please wait.
1784307971.425 RX Name: Zinvar Duskmere                  Lives/CP:      9/100  
1784307971.425 RX Race: Human       Exp: 0               Perception:     40
1784307971.425 RX Class: Mage       Level: 1             Stealth:         0
1784307971.425 RX Hits:    26/26    Armour Class:   0/0  Thievery:        0
1784307971.425 RX Mana:    12/12    Spellcasting: 43     Traps:           0
1784307971.425 RX                                        Picklocks:       0
1784307971.425 RX Strength:  40     Agility: 40          Tracking:        0
1784307971.425 RX Intellect: 40     Health:  40          Martial Arts:   13
1784307971.425 RX Willpower: 40     Charm:   40          MagicRes:       40
1784307971.426 PART [HP=26/MA=12]:
1784307992.695 TX look
1784307992.698 RX look
1784307992.698 RX Newhaven, Village Entrance
1784307992.699 RX     Welcome to Newhaven! You are standing at the crude wooden gates of the
1784307992.699 RX village entrance, in the middle of a dusty path. A low wooden palisade
1784307992.699 RX surrounds the village, to protect against creatures of the night and random
1784307992.699 RX raiders. You can see small buildings to the north and south, and a dusty path
1784307992.699 RX that leads to the west and southeast. 
1784307992.706 RX You notice large sign, newbie manual here.
1784307992.707 RX Obvious exits: north, south, west, southeast
1784307992.707 PART [HP=26/MA=12]:
1784308001.297 TX w
1784308001.300 RX w
1784308001.403 RX Newhaven, Narrow Path
1784308001.404 RX     This narrow path is fairly plain, save for the small lanterns hanging from
1784308001.404 RX the trees around. North of you lies a strangely decorated shop, and a beat-up
1784308001.404 RX shack labeled "General Store" lies to your south. The path leads east and west
1784308001.404 RX from here. 
1784308001.405 RX Obvious exits: north, south, east, west
1784308001.408 TX n
1784308001.409 RX [HP=26/MA=12]:n
1784308002.430 RX Newhaven, Spell Shop
1784308002.430 RX     This dimly lit room is one of the strangest that you have seen. The walls
1784308002.430 RX are decorated with bizarre ornaments ranging from elaborate tapestries to
1784308002.430 RX stuffed orc heads. A wizened old man cloaked in strange garb sits behind a
1784308002.430 RX small counter, apparently murmuring to himself. You can exit through the
1784308002.430 RX curtained doorway to the south. 
1784308002.433 TX list
1784308002.436 RX Also here: Rayth.
1784308002.436 RX Obvious exits: south
1784308002.442 RX [HP=26/MA=12]:list
1784308002.443 RX The following items are for sale here:
1784308002.443 RX 
1784308002.443 RX Item                          Quantity    Price
1784308002.443 RX ------------------------------------------------------
1784308002.446 RX scroll of magic missile       120          Free
1784308002.449 RX scroll of illuminate          100          4 gold crowns (Too powerful)
1784308002.451 RX scroll of blur                105          Free
1784308002.452 RX scroll of smite               60           8 gold crowns (Too powerful)
1784308002.455 RX scroll of cause harm          125          Free (You can't use)
1784308002.455 RX scroll of minor healing       140          Free (You can't use)
1784308002.456 RX scroll of bless               110          4 gold crowns (You can't use)
1784308002.457 RX scroll of vine strike         118          Free (You can't use)
1784308002.458 RX scroll of starlight           95           Free (You can't use)
1784308002.459 RX scroll of mend                80           8 gold crowns (You can't use)
1784308002.460 RX songsheet of valour           100          4 gold crowns (You can't use)
1784308002.461 RX songsheet of misfortune       82           8 gold crowns (You can't use)
1784308002.461 RX songsheet of discord          65           8 gold crowns (You can't use)
1784308002.461 PART [HP=26/MA=12]:
1784308009.446 TX buy scroll of blur
1784308009.454 RX buy scroll of blur
1784308009.454 RX You just bought scroll of blur for nothing.
1784308009.464 TX use scroll of blur
1784308009.472 RX [HP=26/MA=12]:use scroll of blur
1784308009.473 RX You read scroll of blur and learn the spell blur.
1784308009.473 RX Its magic used, the scroll disintegrates.
1784308009.478 TX spells
1784308009.490 RX [HP=26/MA=12]:spells
1784308009.491 RX You have the following spells:
1784308009.491 RX Level Mana Short Spell Name
1784308009.491 RX   1   4    blur  blur                          
1784308009.491 RX 
1784308009.498 TX st
1784308009.503 RX [HP=26/MA=12]:st
1784308009.504 RX Name: Zinvar Duskmere                  Lives/CP:      9/100  
1784308009.504 RX Race: Human       Exp: 0               Perception:     40
1784308009.504 RX Class: Mage       Level: 1             Stealth:         0
1784308009.504 RX Hits:    26/26    Armour Class:   0/0  Thievery:        0
1784308009.504 RX Mana:    12/12    Spellcasting: 43     Traps:           0
1784308009.504 RX                                        Picklocks:       0
1784308009.504 RX Strength:  40     Agility: 40          Tracking:        0
1784308009.504 RX Intellect: 40     Health:  40          Martial Arts:   13
1784308009.504 RX Willpower: 40     Charm:   40          MagicRes:       40
1784308009.504 PART [HP=26/MA=12]:
1784308022.821 TX c blur
1784308022.827 RX c blur
1784308022.831 RX You cast blur on Zinvar!
1784308022.833 RX [HP=26/MA=8]:You are blurred!
1784308022.843 TX st
1784308022.847 RX [HP=26/MA=8]:st
1784308022.847 RX Name: Zinvar Duskmere                  Lives/CP:      9/100  
1784308022.847 RX Race: Human       Exp: 0               Perception:     40
1784308022.847 RX Class: Mage       Level: 1             Stealth:         0
1784308022.847 RX Hits:    26/26    Armour Class:   0/0  Thievery:        0
1784308022.847 RX Mana:     8/12    Spellcasting: 43     Traps:           0
1784308022.847 RX                                        Picklocks:       0
1784308022.847 RX Strength:  40     Agility: 40          Tracking:        0
1784308022.847 RX Intellect: 40     Health:  40          Martial Arts:   18
1784308022.847 RX Willpower: 40     Charm:   40          MagicRes:       40
1784308022.847 RX You are blurred!
1784308022.847 PART [HP=26/MA=8]:
1784308044.367 PART [HP=26/MA=10]:
1784308075.066 PART [HP=26/MA=12]:
1784308099.100 TX look
1784308099.102 RX look
1784308099.103 RX Newhaven, Spell Shop
1784308099.103 RX     This dimly lit room is one of the strangest that you have seen. The walls
1784308099.103 RX are decorated with bizarre ornaments ranging from elaborate tapestries to
1784308099.103 RX stuffed orc heads. A wizened old man cloaked in strange garb sits behind a
1784308099.103 RX small counter, apparently murmuring to himself. You can exit through the
1784308099.103 RX curtained doorway to the south. 
1784308099.103 RX Also here: Rayth.
1784308099.103 RX Obvious exits: south
1784308099.103 PART [HP=26/MA=12]:
1784308159.108 TX look
1784308159.114 RX look
1784308159.118 RX Newhaven, Spell Shop
1784308159.119 RX     This dimly lit room is one of the strangest that you have seen. The walls
1784308159.119 RX are decorated with bizarre ornaments ranging from elaborate tapestries to
1784308159.119 RX stuffed orc heads. A wizened old man cloaked in strange garb sits behind a
1784308159.119 RX small counter, apparently murmuring to himself. You can exit through the
1784308159.119 RX curtained doorway to the south. 
1784308159.119 RX Also here: Rayth.
1784308159.119 RX Obvious exits: south
1784308159.119 PART [HP=26/MA=12]:
1784308219.119 TX look
1784308219.123 RX look
1784308219.125 RX Newhaven, Spell Shop
1784308219.126 RX     This dimly lit room is one of the strangest that you have seen. The walls
1784308219.126 RX are decorated with bizarre ornaments ranging from elaborate tapestries to
1784308219.126 RX stuffed orc heads. A wizened old man cloaked in strange garb sits behind a
1784308219.126 RX small counter, apparently murmuring to himself. You can exit through the
1784308219.126 RX curtained doorway to the south. 
1784308219.126 RX Also here: Rayth.
1784308219.126 RX Obvious exits: south
1784308219.126 PART [HP=26/MA=12]:
1784308234.798 RX The effects of blur wear off.
1784308234.798 PART [HP=26/MA=12]:
1784308279.124 TX look
1784308279.136 RX look
1784308279.137 RX Newhaven, Spell Shop
1784308279.137 RX     This dimly lit room is one of the strangest that you have seen. The walls
1784308279.137 RX are decorated with bizarre ornaments ranging from elaborate tapestries to
1784308279.137 RX stuffed orc heads. A wizened old man cloaked in strange garb sits behind a
1784308279.137 RX small counter, apparently murmuring to himself. You can exit through the
1784308279.137 RX curtained doorway to the south. 
1784308279.137 RX Also here: Rayth.
1784308279.137 RX Obvious exits: south
1784308279.137 PART [HP=26/MA=12]:
1784308295.167 TX st
1784308295.178 RX st
1784308295.179 RX Name: Zinvar Duskmere                  Lives/CP:      9/100  
1784308295.179 RX Race: Human       Exp: 0               Perception:     40
1784308295.179 RX Class: Mage       Level: 1             Stealth:         0
1784308295.179 RX Hits:    26/26    Armour Class:   0/0  Thievery:        0
1784308295.179 RX Mana:    12/12    Spellcasting: 43     Traps:           0
1784308295.179 RX                                        Picklocks:       0
1784308295.179 RX Strength:  40     Agility: 40          Tracking:        0
1784308295.179 RX Intellect: 40     Health:  40          Martial Arts:   13
1784308295.179 RX Willpower: 40     Charm:   40          MagicRes:       40
1784308295.179 PART [HP=26/MA=12]:
1784308303.491 TX c blur
1784308303.507 RX c blur
1784308303.521 RX You cast blur on Zinvar!
1784308303.521 RX [HP=26/MA=8]:You are blurred!
1784308303.522 PART [HP=26/MA=8]:
1784308320.741 PART [HP=26/MA=10]:
1784308347.724 RX Poop just entered the Realm.
1784308347.724 PART [HP=26/MA=10]:
1784308351.427 PART [HP=26/MA=12]:
1784308409.608 TX look
1784308409.613 RX look
1784308409.614 RX Newhaven, Spell Shop
1784308409.614 RX     This dimly lit room is one of the strangest that you have seen. The walls
1784308409.614 RX are decorated with bizarre ornaments ranging from elaborate tapestries to
1784308409.614 RX stuffed orc heads. A wizened old man cloaked in strange garb sits behind a
1784308409.614 RX small counter, apparently murmuring to himself. You can exit through the
1784308409.614 RX curtained doorway to the south. 
1784308409.614 RX Also here: Rayth.
1784308409.614 RX Obvious exits: south
1784308409.615 PART [HP=26/MA=12]:
1784308517.300 RX The effects of blur wear off.
1784308517.300 PART [HP=26/MA=12]:
1784308545.341 RX Poop just disconnected!!!
1784308545.341 PART [HP=26/MA=12]:
1784308555.388 TX c blur
1784308555.432 RX c blur
1784308555.440 RX You cast blur on Zinvar!
1784308555.441 RX [HP=26/MA=8]:You are blurred!
1784308555.444 PART [HP=26/MA=8]:
1784308566.385 PART [HP=26/MA=10]:
1784308597.117 PART [HP=26/MA=12]:
1784308650.594 TX health
1784308650.612 RX health
1784308650.612 RX Health:    26/26    [100%]  Mana:  12/12  [100%]
1784308650.612 PART [HP=26/MA=12]:
1784308665.450 TX c blur
1784308665.461 RX c blur
1784308665.466 RX You cast blur on Zinvar!
1784308665.466 RX [HP=26/MA=8]:You are blurred!
1784308665.470 PART [HP=26/MA=8]:
1784308689.330 PART [HP=26/MA=10]:
1784308719.988 PART [HP=26/MA=12]:
1784308813.393 RX Poop just entered the Realm.
1784308813.393 PART [HP=26/MA=12]:
1784308879.822 RX The effects of blur wear off.
1784308879.822 PART [HP=26/MA=12]:
1784308902.487 TX x
1784308902.497 RX x
1784308902.501 RX You will exit after a period of silent meditation.
1784308903.374 PART ....
1784308904.405 PART ...
1784308905.425 PART ...
1784308906.452 PART ...
1784308907.478 PART ...
1784308908.519 RX 
1784308908.519 RX Your character has been saved. If you have any comments or suggestions, please
1784308908.519 RX leave them in E-mail to Sysop. Thanks.
1784308908.519 RX 
1784308908.519 PART [MAJORMUD]: 
1784308914.056 !! driver quit
1784309010.042 !! driver connected
1784309010.071 RX ╔══════════════════════════════════════════════════════════╗
1784309010.071 RX ║█████████████████▄███████▄███████▄████████████████████████║
1784309010.071 RX ║██████████████▀▀██████▀▀██████▀▀▀▀███▀▀▀▀█████████████████║
1784309010.071 RX ║██████████████████▀███████▀███████████████████████████████║
1784309010.071 RX ║███▀███▀██████▀▀██████▀▀███▀▀▀▀██████▀▀▀████▀███▀█████████║
1784309010.071 RX ║████▀▀▀███████████▀███████▀██████████████████▀▀▀████▀████▀║
1784309010.071 RX ║▀▀▀█████▀▀▀▀▀▀▀▀▀▀█▀▀▀▀▀▀▀█▀▀▀▀▀▀▀▀▀▀▀▀▀▀▀▀▀█████▀▀▀█▀▀▀▀▀║
1784309010.071 RX ║██████████████╘═╡ The MajorBBS Emulator ╞═╛███████████████║
1784309010.071 RX ║████████████████│ By: MBBSEmu Community │█████████████████║
1784309010.071 RX ║                │https://www.mbbsemu.com│                 ║
1784309010.072 RX ╚══════════════════════════════════════════════════════════╝
1784309010.074 RX  
1784309010.074 RX Enter Username or enter "NEW" to create a new Account
1784309011.058 PART Username:  ²
1784309018.648 TX Vexil
1784309018.652 RX Vexil
1784309018.653 PART Password: 
1784309019.656 TX test123
1784309019.657 RX *******
1784309019.747 RX 
1784309019.747 RX Fantasy awaits you in MajorMUD v1.11p-WG!
1784309019.747 RX 
1784309019.749 RX 
1784309019.749 RX Please select one of the following:
1784309019.749 RX 
1784309019.750 RX    A ... MajorMUD
1784309019.750 RX 
1784309019.750 RX Main Menu
1784309019.750 PART Make your selection (X to exit): 
1784309020.754 TX A
1784309020.757 RX A
1784309020.772 RX 
1784309020.772 RX  M A J O R  M U D v1.11p-WG (Dec 30 2005 14:20:05)
1784309020.772 RX {Realm Of Legends}
1784309020.772 RX *ANSI RECOMMENDED*
1784309020.772 RX 
1784309020.772 RX [E] . Enter the Realm
1784309020.772 RX [H] . Help
1784309020.772 RX [A] . About the Game
1784309020.772 RX [C] . Game Counts
1784309020.772 RX [T] . Topten Adventurers
1784309020.772 RX [G] . Topten Gangs
1784309020.772 RX [W] . Who's in the Realm
1784309020.772 RX [R] . Release Notes
1784309020.772 RX [I] . Information
1784309020.772 RX [X] . Exit Game
1784309020.772 RX 
1784309020.772 PART [MAJORMUD]: 
1784309021.777 TX E
1784309021.777 RX E
1784309021.786 RX 
1784309021.786 RX MajorMUD - ROL
1784309021.786 RX 
1784309021.786 RX =-=-=-=-=-=-=-=-=-=-=-=-=-=-=-=-=-=-=-=-=-=-=-=-=-=-=-=-=-=-=-=-=-=-=-=-=-=-=
1784309021.786 RX 
1784309021.788 RX Newhaven, Spell Shop
1784309021.789 RX     This dimly lit room is one of the strangest that you have seen. The walls
1784309021.789 RX are decorated with bizarre ornaments ranging from elaborate tapestries to
1784309021.789 RX stuffed orc heads. A wizened old man cloaked in strange garb sits behind a
1784309021.789 RX small counter, apparently murmuring to himself. You can exit through the
1784309021.789 RX curtained doorway to the south. 
1784309021.789 RX Obvious exits: south
1784309021.789 PART [HP=26/MA=12]:
1784309028.742 TX exp
1784309028.744 RX exp
1784309028.744 RX Exp: 1500 Level: 1 Exp needed for next level: 0 (1400) [107%]
1784309028.749 TX i
1784309028.750 RX [HP=26/MA=12]:i
1784309028.751 RX You are carrying 5 gold crowns, 10 silver nobles, 60 copper farthings
1784309028.751 RX You have no keys.
1784309028.755 RX Wealth: 660 copper farthings
1784309028.755 RX Encumbrance: 24/1920 - None [1%]
1784309028.755 PART [HP=26/MA=12]:
1784309037.334 TX s
1784309037.338 RX s
1784309037.823 RX Newhaven, Narrow Path
1784309037.824 RX     This narrow path is fairly plain, save for the small lanterns hanging from
1784309037.824 RX the trees around. North of you lies a strangely decorated shop, and a beat-up
1784309037.824 RX shack labeled "General Store" lies to your south. The path leads east and west
1784309037.824 RX from here. 
1784309037.824 RX Obvious exits: north, south, east, west
1784309037.827 TX w
1784309037.828 RX [HP=26/MA=12]:w
1784309037.832 TX n
1784309038.977 RX Newhaven, Narrow Road
1784309038.977 RX     This narrow road is quite plain save for the various lanterns hanging from
1784309038.977 RX the trees around, and a large stone stairwell leading downwards. You hear the
1784309038.977 RX clash of steel below you, and cries of pain and triumph accompanying it. Stone
1784309038.977 RX buildings lie to your north and west. 
1784309038.977 RX Obvious exits: north, east, west, down
1784309038.977 RX [HP=26/MA=12]:n
1784309038.985 TX train
1784309038.988 RX train
1784309040.233 RX You hear movement to the north.
1784309040.234 RX [HP=26/MA=12]:Newhaven, Adventurer's Guild
1784309040.234 RX     This nicely crafted room is well furnished and decorated with things that
1784309040.234 RX you have never seen before, from strange exotic weapons, to swirling vials of
1784309040.234 RX liquid. A well toned man, stands in front of a practice mat with his arms
1784309040.234 RX crossed. He stands up lightly at your approach, looks you up and down, and
1784309040.234 RX breaks into a lopsided grin. 
1784309040.236 RX Also here: Corwyn.
1784309040.236 RX Obvious exits: south
1784309040.236 RX [HP=26/MA=12]:train
1784309040.239 RX You hand over 5 silver nobles and you receive training to attain level 2.
1784309040.239 RX You receive the following:
1784309040.239 RX 10 additional character points
1784309040.239 PART [HP=26/MA=12]:
1784309049.907 TX train
1784309049.911 RX train
1784309049.911 RX You do not have the required experience to train yet!
1784309049.911 PART [HP=26/MA=12]:
1784309071.431 TX s
1784309071.433 RX s
1784309072.375 RX [HP=27/MA=14]:Newhaven, Narrow Road
1784309072.375 RX     This narrow road is quite plain save for the various lanterns hanging from
1784309072.375 RX the trees around, and a large stone stairwell leading downwards. You hear the
1784309072.375 RX clash of steel below you, and cries of pain and triumph accompanying it. Stone
1784309072.375 RX buildings lie to your north and west. 
1784309072.375 RX Obvious exits: north, east, west, down
1784309072.382 TX e
1784309072.385 RX [HP=27/MA=14]:e
1784309072.388 TX n
1784309074.143 RX Newhaven, Narrow Path
1784309074.143 RX     This narrow path is fairly plain, save for the small lanterns hanging from
1784309074.143 RX the trees around. North of you lies a strangely decorated shop, and a beat-up
1784309074.143 RX shack labeled "General Store" lies to your south. The path leads east and west
1784309074.143 RX from here. 
1784309074.143 RX Obvious exits: north, south, east, west
1784309074.143 RX [HP=27/MA=14]:n
1784309074.164 TX buy scroll of illuminate
1784309074.206 RX buy scroll of illuminate
1784309075.380 RX Newhaven, Spell Shop
1784309075.381 RX     This dimly lit room is one of the strangest that you have seen. The walls
1784309075.381 RX are decorated with bizarre ornaments ranging from elaborate tapestries to
1784309075.381 RX stuffed orc heads. A wizened old man cloaked in strange garb sits behind a
1784309075.381 RX small counter, apparently murmuring to himself. You can exit through the
1784309075.381 RX curtained doorway to the south. 
1784309075.382 RX Also here: Rayth.
1784309075.382 RX Obvious exits: south
1784309075.383 RX [HP=27/MA=14]:buy scroll of illuminate
1784309075.385 RX You just bought scroll of illuminate for 4 gold crowns, 8 copper farthings.
1784309075.388 TX use scroll of illuminate
1784309075.396 RX [HP=27/MA=14]:use scroll of illuminate
1784309075.399 RX You read scroll of illuminate and learn the spell illuminate.
1784309075.399 RX 
1784309075.399 PART [HP=27/MA=14]:
1784309085.494 TX c blur
1784309085.520 RX c blur
1784309085.523 RX You attempt to cast blur, but fail.
1784309085.528 PART [HP=27/MA=14]:[HP=27/MA=12]:
1784309103.501 RX Poop just entered the Realm.
1784309103.501 PART [HP=27/MA=12]:
1784309113.522 TX c blur
1784309113.527 RX c blur
1784309113.529 RX You cast blur on Zinvar!
1784309113.529 RX [HP=27/MA=8]:You are blurred!
1784309113.534 PART [HP=27/MA=8]:
1784309119.455 PART [HP=28/MA=10]:
1784309129.840 TX c illu
1784309129.845 RX c illu
1784309129.851 RX You cast illuminate!
1784309129.857 PART [HP=28/MA=6]:[HP=28/MA=6]:
1784309131.856 TX st
1784309132.067 RX st
1784309132.072 RX Name: Zinvar Duskmere                  Lives/CP:      9/110  
1784309132.072 RX Race: Human       Exp: 1500            Perception:     40
1784309132.072 RX Class: Mage       Level: 2             Stealth:         0
1784309132.072 RX Hits:    28/29    Armour Class:   0/0  Thievery:        0
1784309132.072 RX Mana:     6/18    Spellcasting: 45     Traps:           0
1784309132.072 RX                                        Picklocks:       0
1784309132.072 RX Strength:  40     Agility: 40          Tracking:        0
1784309132.072 RX Intellect: 40     Health:  40          Martial Arts:   18
1784309132.072 RX Willpower: 40     Charm:   40          MagicRes:       40
1784309132.072 RX You are blurred!
1784309132.073 PART [HP=28/MA=6]:
1784309167.162 PART [HP=29/MA=8]:
1784309212.223 PART [HP=29/MA=10]:
1784309260.021 RX Poop just left the Realm.
1784309260.021 PART [HP=29/MA=10]:
1784309263.363 PART [HP=29/MA=12]:
1784309313.487 PART [HP=29/MA=14]:
1784309373.836 PART [HP=29/MA=16]:
1784309439.496 PART [HP=29/MA=18]:
1784309446.601 TX st
1784309446.837 RX st
1784309446.840 RX Name: Zinvar Duskmere                  Lives/CP:      9/110  
1784309446.840 RX Race: Human       Exp: 1500            Perception:     40
1784309446.840 RX Class: Mage       Level: 2             Stealth:         0
1784309446.840 RX Hits:    29/29    Armour Class:   0/0  Thievery:        0
1784309446.840 RX Mana:    18/18    Spellcasting: 45     Traps:           0
1784309446.840 RX                                        Picklocks:       0
1784309446.840 RX Strength:  40     Agility: 40          Tracking:        0
1784309446.840 RX Intellect: 40     Health:  40          Martial Arts:   18
1784309446.840 RX Willpower: 40     Charm:   40          MagicRes:       40
1784309446.840 RX You are blurred!
1784309446.841 PART [HP=29/MA=18]:
1784309482.962 RX The effects of blur wear off.
1784309482.962 PART [HP=29/MA=18]:
1784309532.237 TX c blur
1784309532.421 RX c blur
1784309532.452 RX You cast blur on Zinvar!
1784309532.452 RX [HP=29/MA=14]:You are blurred!
1784309532.460 PART [HP=29/MA=14]:
1784309535.663 PART [HP=29/MA=16]:
1784309558.051 TX look
1784309558.160 RX look
1784309558.180 RX Newhaven, Spell Shop
1784309558.180 RX     This dimly lit room is one of the strangest that you have seen. The walls
1784309558.180 RX are decorated with bizarre ornaments ranging from elaborate tapestries to
1784309558.180 RX stuffed orc heads. A wizened old man cloaked in strange garb sits behind a
1784309558.180 RX small counter, apparently murmuring to himself. You can exit through the
1784309558.180 RX curtained doorway to the south. 
1784309558.180 RX Also here: Rayth.
1784309558.180 RX Obvious exits: south
1784309558.180 PART [HP=29/MA=16]:
1784309575.375 PART [HP=29/MA=18]:
1784309578.056 TX look
1784309578.349 RX look
1784309578.370 RX Newhaven, Spell Shop
1784309578.371 RX     This dimly lit room is one of the strangest that you have seen. The walls
1784309578.371 RX are decorated with bizarre ornaments ranging from elaborate tapestries to
1784309578.371 RX stuffed orc heads. A wizened old man cloaked in strange garb sits behind a
1784309578.371 RX small counter, apparently murmuring to himself. You can exit through the
1784309578.371 RX curtained doorway to the south. 
1784309578.371 RX Also here: Rayth.
1784309578.371 RX Obvious exits: south
1784309578.371 PART [HP=29/MA=18]:
1784309598.061 TX look
1784309598.427 RX look
1784309598.428 RX Newhaven, Spell Shop
1784309598.429 RX     This dimly lit room is one of the strangest that you have seen. The walls
1784309598.429 RX are decorated with bizarre ornaments ranging from elaborate tapestries to
1784309598.429 RX stuffed orc heads. A wizened old man cloaked in strange garb sits behind a
1784309598.429 RX small counter, apparently murmuring to himself. You can exit through the
1784309598.429 RX curtained doorway to the south. 
1784309598.429 RX Also here: Rayth.
1784309598.429 RX Obvious exits: south
1784309598.429 PART [HP=29/MA=18]:
1784309618.065 TX look
1784309618.192 RX look
1784309618.219 RX Newhaven, Spell Shop
1784309618.219 RX     This dimly lit room is one of the strangest that you have seen. The walls
1784309618.219 RX are decorated with bizarre ornaments ranging from elaborate tapestries to
1784309618.219 RX stuffed orc heads. A wizened old man cloaked in strange garb sits behind a
1784309618.219 RX small counter, apparently murmuring to himself. You can exit through the
1784309618.219 RX curtained doorway to the south. 
1784309618.219 RX Also here: Rayth.
1784309618.219 RX Obvious exits: south
1784309618.219 PART [HP=29/MA=18]:
1784309638.070 TX look
1784309638.157 RX look
1784309638.158 RX Newhaven, Spell Shop
1784309638.158 RX     This dimly lit room is one of the strangest that you have seen. The walls
1784309638.158 RX are decorated with bizarre ornaments ranging from elaborate tapestries to
1784309638.158 RX stuffed orc heads. A wizened old man cloaked in strange garb sits behind a
1784309638.158 RX small counter, apparently murmuring to himself. You can exit through the
1784309638.158 RX curtained doorway to the south. 
1784309638.158 RX Also here: Rayth.
1784309638.158 RX Obvious exits: south
1784309638.158 PART [HP=29/MA=18]:
1784309658.076 TX look
1784309658.210 RX look
1784309658.211 RX Newhaven, Spell Shop
1784309658.213 RX     This dimly lit room is one of the strangest that you have seen. The walls
1784309658.213 RX are decorated with bizarre ornaments ranging from elaborate tapestries to
1784309658.213 RX stuffed orc heads. A wizened old man cloaked in strange garb sits behind a
1784309658.213 RX small counter, apparently murmuring to himself. You can exit through the
1784309658.213 RX curtained doorway to the south. 
1784309658.213 RX Also here: Rayth.
1784309658.213 RX Obvious exits: south
1784309658.213 PART [HP=29/MA=18]:
1784309678.081 TX look
1784309678.091 RX look
1784309678.091 RX Newhaven, Spell Shop
1784309678.091 RX     This dimly lit room is one of the strangest that you have seen. The walls
1784309678.091 RX are decorated with bizarre ornaments ranging from elaborate tapestries to
1784309678.091 RX stuffed orc heads. A wizened old man cloaked in strange garb sits behind a
1784309678.091 RX small counter, apparently murmuring to himself. You can exit through the
1784309678.091 RX curtained doorway to the south. 
1784309678.091 RX Also here: Rayth.
1784309678.091 RX Obvious exits: south
1784309678.091 PART [HP=29/MA=18]:
1784309698.086 TX look
1784309698.096 RX look
1784309698.098 RX Newhaven, Spell Shop
1784309698.101 RX     This dimly lit room is one of the strangest that you have seen. The walls
1784309698.101 RX are decorated with bizarre ornaments ranging from elaborate tapestries to
1784309698.101 RX stuffed orc heads. A wizened old man cloaked in strange garb sits behind a
1784309698.101 RX small counter, apparently murmuring to himself. You can exit through the
1784309698.101 RX curtained doorway to the south. 
1784309698.101 RX Also here: Rayth.
1784309698.101 RX Obvious exits: south
1784309698.101 PART [HP=29/MA=18]:
1784309718.096 TX look
1784309718.101 RX look
1784309718.101 RX Newhaven, Spell Shop
1784309718.101 RX     This dimly lit room is one of the strangest that you have seen. The walls
1784309718.101 RX are decorated with bizarre ornaments ranging from elaborate tapestries to
1784309718.101 RX stuffed orc heads. A wizened old man cloaked in strange garb sits behind a
1784309718.101 RX small counter, apparently murmuring to himself. You can exit through the
1784309718.101 RX curtained doorway to the south. 
1784309718.101 RX Also here: Rayth.
1784309718.101 RX Obvious exits: south
1784309718.101 PART [HP=29/MA=18]:
1784309738.102 TX look
1784309738.108 RX look
1784309738.109 RX Newhaven, Spell Shop
1784309738.109 RX     This dimly lit room is one of the strangest that you have seen. The walls
1784309738.109 RX are decorated with bizarre ornaments ranging from elaborate tapestries to
1784309738.109 RX stuffed orc heads. A wizened old man cloaked in strange garb sits behind a
1784309738.109 RX small counter, apparently murmuring to himself. You can exit through the
1784309738.109 RX curtained doorway to the south. 
1784309738.109 RX Also here: Rayth.
1784309738.109 RX Obvious exits: south
1784309738.109 PART [HP=29/MA=18]:
1784309758.110 TX look
1784309758.138 RX look
1784309758.139 RX Newhaven, Spell Shop
1784309758.139 RX     This dimly lit room is one of the strangest that you have seen. The walls
1784309758.139 RX are decorated with bizarre ornaments ranging from elaborate tapestries to
1784309758.139 RX stuffed orc heads. A wizened old man cloaked in strange garb sits behind a
1784309758.139 RX small counter, apparently murmuring to himself. You can exit through the
1784309758.139 RX curtained doorway to the south. 
1784309758.139 RX Also here: Rayth.
1784309758.139 RX Obvious exits: south
1784309758.139 PART [HP=29/MA=18]:
1784309778.115 TX look
1784309778.135 RX look
1784309778.136 RX Newhaven, Spell Shop
1784309778.136 RX     This dimly lit room is one of the strangest that you have seen. The walls
1784309778.136 RX are decorated with bizarre ornaments ranging from elaborate tapestries to
1784309778.136 RX stuffed orc heads. A wizened old man cloaked in strange garb sits behind a
1784309778.136 RX small counter, apparently murmuring to himself. You can exit through the
1784309778.136 RX curtained doorway to the south. 
1784309778.136 RX Also here: Rayth.
1784309778.136 RX Obvious exits: south
1784309778.136 PART [HP=29/MA=18]:
1784309798.105 RX Poop just entered the Realm.
1784309798.121 TX look
1784309798.137 RX [HP=29/MA=18]:look
1784309798.137 RX Newhaven, Spell Shop
1784309798.137 RX     This dimly lit room is one of the strangest that you have seen. The walls
1784309798.137 RX are decorated with bizarre ornaments ranging from elaborate tapestries to
1784309798.137 RX stuffed orc heads. A wizened old man cloaked in strange garb sits behind a
1784309798.137 RX small counter, apparently murmuring to himself. You can exit through the
1784309798.137 RX curtained doorway to the south. 
1784309798.137 RX Also here: Rayth.
1784309798.137 RX Obvious exits: south
1784309798.137 PART [HP=29/MA=18]:
1784309800.573 RX The effects of blur wear off.
1784309800.573 PART [HP=29/MA=18]:
1784309811.824 RX Poop just left the Realm.
1784309811.824 PART [HP=29/MA=18]:
1784309818.126 TX look
1784309818.132 RX look
1784309818.133 RX Newhaven, Spell Shop
1784309818.133 RX     This dimly lit room is one of the strangest that you have seen. The walls
1784309818.133 RX are decorated with bizarre ornaments ranging from elaborate tapestries to
1784309818.133 RX stuffed orc heads. A wizened old man cloaked in strange garb sits behind a
1784309818.133 RX small counter, apparently murmuring to himself. You can exit through the
1784309818.133 RX curtained doorway to the south. 
1784309818.133 RX Also here: Rayth.
1784309818.133 RX Obvious exits: south
1784309818.133 PART [HP=29/MA=18]:
1784309830.803 TX x
1784309830.812 RX x
1784309830.812 RX You will exit after a period of silent meditation.
1784309831.427 PART ....
1784309833.438 PART ......
1784309834.462 PART ...
1784309835.487 PART ...
1784309836.516 RX 
1784309836.516 RX Your character has been saved. If you have any comments or suggestions, please
1784309836.516 RX leave them in E-mail to Sysop. Thanks.
1784309836.516 RX 
1784309836.519 PART [MAJORMUD]: 
1784309836.519 !! driver quit
1784309917.455 !! driver connected
1784309917.528 RX ╔══════════════════════════════════════════════════════════╗
1784309917.528 RX ║█████████████████▄███████▄███████▄████████████████████████║
1784309917.528 RX ║██████████████▀▀██████▀▀██████▀▀▀▀███▀▀▀▀█████████████████║
1784309917.528 RX ║██████████████████▀███████▀███████████████████████████████║
1784309917.528 RX ║███▀███▀██████▀▀██████▀▀███▀▀▀▀██████▀▀▀████▀███▀█████████║
1784309917.528 RX ║████▀▀▀███████████▀███████▀██████████████████▀▀▀████▀████▀║
1784309917.528 RX ║▀▀▀█████▀▀▀▀▀▀▀▀▀▀█▀▀▀▀▀▀▀█▀▀▀▀▀▀▀▀▀▀▀▀▀▀▀▀▀█████▀▀▀█▀▀▀▀▀║
1784309917.528 RX ║██████████████╘═╡ The MajorBBS Emulator ╞═╛███████████████║
1784309917.528 RX ║████████████████│ By: MBBSEmu Community │█████████████████║
1784309917.528 RX ║                │https://www.mbbsemu.com│                 ║
1784309917.528 RX ╚══════════════════════════════════════════════════════════╝
1784309917.684 RX  
1784309917.684 RX Enter Username or enter "NEW" to create a new Account
1784309918.479 PART Username:  ²
1784309927.610 TX Vexil
1784309927.611 RX Vexil
1784309927.613 PART Password: 
1784309928.625 TX test123
1784309928.626 RX *******
1784309928.687 RX 
1784309928.687 RX Fantasy awaits you in MajorMUD v1.11p-WG!
1784309928.687 RX 
1784309928.688 RX 
1784309928.688 RX Please select one of the following:
1784309928.688 RX 
1784309928.689 RX    A ... MajorMUD
1784309928.689 RX 
1784309928.689 RX Main Menu
1784309928.689 PART Make your selection (X to exit): 
1784309929.859 TX A
1784309929.863 RX A
1784309929.879 RX 
1784309929.879 RX  M A J O R  M U D v1.11p-WG (Dec 30 2005 14:20:05)
1784309929.879 RX {Realm Of Legends}
1784309929.879 RX *ANSI RECOMMENDED*
1784309929.879 RX 
1784309929.879 RX [E] . Enter the Realm
1784309929.879 RX [H] . Help
1784309929.879 RX [A] . About the Game
1784309929.879 RX [C] . Game Counts
1784309929.879 RX [T] . Topten Adventurers
1784309929.879 RX [G] . Topten Gangs
1784309929.879 RX [W] . Who's in the Realm
1784309929.879 RX [R] . Release Notes
1784309929.879 RX [I] . Information
1784309929.879 RX [X] . Exit Game
1784309929.879 RX 
1784309929.879 PART [MAJORMUD]: 
1784309930.903 TX E
1784309930.903 RX E
1784309930.910 RX 
1784309930.910 RX MajorMUD - ROL
1784309930.910 RX 
1784309930.910 RX =-=-=-=-=-=-=-=-=-=-=-=-=-=-=-=-=-=-=-=-=-=-=-=-=-=-=-=-=-=-=-=-=-=-=-=-=-=-=
1784309930.910 RX 
1784309930.919 RX Newhaven, Spell Shop
1784309930.920 RX     This dimly lit room is one of the strangest that you have seen. The walls
1784309930.920 RX are decorated with bizarre ornaments ranging from elaborate tapestries to
1784309930.920 RX stuffed orc heads. A wizened old man cloaked in strange garb sits behind a
1784309930.920 RX small counter, apparently murmuring to himself. You can exit through the
1784309930.920 RX curtained doorway to the south. 
1784309930.920 RX Obvious exits: south
1784309931.210 TX c blur
1784309931.214 RX [HP=29/MA=18]:c blur
1784309931.218 RX You cast blur on Zinvar!
1784309931.218 RX [HP=29/MA=14]:You are blurred!
1784309931.222 PART [HP=29/MA=14]:
1784309943.241 PART [HP=29/MA=16]:
1784309951.243 PART [HP=29/MA=16]:
1784309967.362 TX look
1784309967.364 RX look
1784309967.365 RX Newhaven, Spell Shop
1784309967.367 RX     This dimly lit room is one of the strangest that you have seen. The walls
1784309967.367 RX are decorated with bizarre ornaments ranging from elaborate tapestries to
1784309967.367 RX stuffed orc heads. A wizened old man cloaked in strange garb sits behind a
1784309967.367 RX small counter, apparently murmuring to himself. You can exit through the
1784309967.367 RX curtained doorway to the south. 
1784309967.367 RX Also here: Rayth.
1784309967.367 RX Obvious exits: south
1784309967.367 PART [HP=29/MA=16]:
1784309977.683 PART [HP=29/MA=18]:
1784309997.367 TX look
1784309997.372 RX look
1784309997.373 RX Newhaven, Spell Shop
1784309997.373 RX     This dimly lit room is one of the strangest that you have seen. The walls
1784309997.373 RX are decorated with bizarre ornaments ranging from elaborate tapestries to
1784309997.373 RX stuffed orc heads. A wizened old man cloaked in strange garb sits behind a
1784309997.373 RX small counter, apparently murmuring to himself. You can exit through the
1784309997.373 RX curtained doorway to the south. 
1784309997.374 RX Also here: Rayth.
1784309997.374 RX Obvious exits: south
1784309997.374 PART [HP=29/MA=18]:
1784310027.373 TX look
1784310027.377 RX look
1784310027.377 RX Newhaven, Spell Shop
1784310027.377 RX     This dimly lit room is one of the strangest that you have seen. The walls
1784310027.377 RX are decorated with bizarre ornaments ranging from elaborate tapestries to
1784310027.377 RX stuffed orc heads. A wizened old man cloaked in strange garb sits behind a
1784310027.377 RX small counter, apparently murmuring to himself. You can exit through the
1784310027.377 RX curtained doorway to the south. 
1784310027.377 RX Also here: Rayth.
1784310027.377 RX Obvious exits: south
1784310027.377 PART [HP=29/MA=18]:
1784310057.378 TX look
1784310057.383 RX look
1784310057.384 RX Newhaven, Spell Shop
1784310057.384 RX     This dimly lit room is one of the strangest that you have seen. The walls
1784310057.384 RX are decorated with bizarre ornaments ranging from elaborate tapestries to
1784310057.384 RX stuffed orc heads. A wizened old man cloaked in strange garb sits behind a
1784310057.384 RX small counter, apparently murmuring to himself. You can exit through the
1784310057.384 RX curtained doorway to the south. 
1784310057.384 RX Also here: Rayth.
1784310057.385 RX Obvious exits: south
1784310057.385 PART [HP=29/MA=18]:
1784310087.383 TX look
1784310087.781 RX look
1784310087.782 RX Newhaven, Spell Shop
1784310087.782 RX     This dimly lit room is one of the strangest that you have seen. The walls
1784310087.782 RX are decorated with bizarre ornaments ranging from elaborate tapestries to
1784310087.782 RX stuffed orc heads. A wizened old man cloaked in strange garb sits behind a
1784310087.782 RX small counter, apparently murmuring to himself. You can exit through the
1784310087.782 RX curtained doorway to the south. 
1784310087.782 RX Also here: Rayth.
1784310087.782 RX Obvious exits: south
1784310087.783 PART [HP=29/MA=18]:
1784310117.388 TX look
1784310118.042 RX look
1784310118.043 RX Newhaven, Spell Shop
1784310118.045 RX     This dimly lit room is one of the strangest that you have seen. The walls
1784310118.045 RX are decorated with bizarre ornaments ranging from elaborate tapestries to
1784310118.045 RX stuffed orc heads. A wizened old man cloaked in strange garb sits behind a
1784310118.045 RX small counter, apparently murmuring to himself. You can exit through the
1784310118.045 RX curtained doorway to the south. 
1784310118.045 RX Also here: Rayth.
1784310118.045 RX Obvious exits: south
1784310118.045 PART [HP=29/MA=18]:
1784310147.393 TX look
1784310147.395 RX look
1784310147.395 RX Newhaven, Spell Shop
1784310147.396 RX     This dimly lit room is one of the strangest that you have seen. The walls
1784310147.396 RX are decorated with bizarre ornaments ranging from elaborate tapestries to
1784310147.396 RX stuffed orc heads. A wizened old man cloaked in strange garb sits behind a
1784310147.396 RX small counter, apparently murmuring to himself. You can exit through the
1784310147.396 RX curtained doorway to the south. 
1784310147.396 RX Also here: Rayth.
1784310147.396 RX Obvious exits: south
1784310147.396 PART [HP=29/MA=18]:
1784310177.398 TX look
1784310177.400 RX look
1784310177.402 RX Newhaven, Spell Shop
1784310177.403 RX     This dimly lit room is one of the strangest that you have seen. The walls
1784310177.403 RX are decorated with bizarre ornaments ranging from elaborate tapestries to
1784310177.403 RX stuffed orc heads. A wizened old man cloaked in strange garb sits behind a
1784310177.403 RX small counter, apparently murmuring to himself. You can exit through the
1784310177.403 RX curtained doorway to the south. 
1784310177.403 RX Also here: Rayth.
1784310177.403 RX Obvious exits: south
1784310177.403 PART [HP=29/MA=18]:
1784310207.404 TX look
1784310207.560 RX look
1784310207.561 RX Newhaven, Spell Shop
1784310207.561 RX     This dimly lit room is one of the strangest that you have seen. The walls
1784310207.561 RX are decorated with bizarre ornaments ranging from elaborate tapestries to
1784310207.561 RX stuffed orc heads. A wizened old man cloaked in strange garb sits behind a
1784310207.561 RX small counter, apparently murmuring to himself. You can exit through the
1784310207.561 RX curtained doorway to the south. 
1784310207.561 RX Also here: Rayth.
1784310207.561 RX Obvious exits: south
1784310207.561 PART [HP=29/MA=18]:
1784310213.375 RX The effects of blur wear off.
1784310213.375 PART [HP=29/MA=18]:
1784310237.408 TX look
1784310237.410 RX look
1784310237.411 RX Newhaven, Spell Shop
1784310237.412 RX     This dimly lit room is one of the strangest that you have seen. The walls
1784310237.412 RX are decorated with bizarre ornaments ranging from elaborate tapestries to
1784310237.412 RX stuffed orc heads. A wizened old man cloaked in strange garb sits behind a
1784310237.412 RX small counter, apparently murmuring to himself. You can exit through the
1784310237.412 RX curtained doorway to the south. 
1784310237.412 RX Also here: Rayth.
1784310237.412 RX Obvious exits: south
1784310237.412 PART [HP=29/MA=18]:
1784310340.864 TX look
1784310340.870 RX look
1784310340.899 RX Newhaven, Spell Shop
1784310340.899 RX     This dimly lit room is one of the strangest that you have seen. The walls
1784310340.899 RX are decorated with bizarre ornaments ranging from elaborate tapestries to
1784310340.899 RX stuffed orc heads. A wizened old man cloaked in strange garb sits behind a
1784310340.899 RX small counter, apparently murmuring to himself. You can exit through the
1784310340.899 RX curtained doorway to the south. 
1784310340.899 RX Also here: Rayth.
1784310340.899 RX Obvious exits: south
1784310341.075 TX x
1784310341.662 RX [HP=29/MA=18]:x
1784310341.663 RX You will exit after a period of silent meditation.
1784310341.663 PART .
1784310343.473 PART ...
1784310345.339 PART ...
1784310347.220 PART ...
1784310349.176 PART ...
1784310350.970 PART ...
1784310352.989 RX 
1784310352.989 RX Your character has been saved. If you have any comments or suggestions, please
1784310352.989 RX leave them in E-mail to Sysop. Thanks.
1784310352.989 RX 
1784310353.178 PART [MAJORMUD]: 
1784310353.178 !! driver quit
