   11.151 --- heal purse ---
   11.151     | /xcash 2000 copper
   11.151     | [xcash] copper: 1506 -> 2000; type 'i' to confirm.
   11.151     | [HP=44]:
   18.529 --- summon flurry of blades ---
   18.529     | You hear movement to the nDortheast.
   18.529     | [HP=44]:sysop summon flurry of blades
   18.529     | flurry of blades conjured.
   18.529     | [HP=44]:
   22.148 --- wield flurry of blades ---
   22.148     | wield flurry of blades
   22.148     | You are now holding flurry of blades.
   22.148     | You are extremely quick and deadly with this weapon.
   22.148     | [HP=44]:
   30.182 healed to 50
  268.675 P0: no rat found this sweep; continuing
  268.675 === mortally wounded; dying deliberately to revive ===
  520.637 === recovered at HP None ===
  759.225 P0: no rat found this sweep; continuing
  997.135 P0: no rat found this sweep; continuing
 1234.702 P0: no rat found this sweep; continuing
 1472.143 P0: no rat found this sweep; continuing
 1709.708 P0: no rat found this sweep; continuing
 1946.851 P0: no rat found this sweep; continuing
 2184.068 P0: no rat found this sweep; continuing
 2421.313 P0: no rat found this sweep; continuing
 2658.750 P0: no rat found this sweep; continuing
 2896.193 P2: no rat found this sweep; continuing
 3133.646 P2: no rat found this sweep; continuing
 3371.103 P2: no rat found this sweep; continuing
 3608.556 P2: no rat found this sweep; continuing
