    6.872 === config a4: target 'kobold' ===
   10.477 --- inventory (pre-staging) ---
   10.477     | The kobold stabs you for 6 damage!
   10.477     | [HP=22]:The kobold stabs you for 9 damage!
   10.477     | [HP=13]:i
   10.477     | You are carrying 1100 copper farthings, gilded robes (Torso), chain coif (Head),
   10.477     | displacer fur cloak (Back), beaded belt (Waist), violet orchid (Worn), darkwood
   10.477     | ring (Finger), wooden hammer (Weapon Hand)
   10.477     | You have no keys.
   10.477     | Wealth: 1100 copper farthings
   10.477     | Encumbrance: 837/2880 - Light [29%]
   10.477     | [HP=13]:
   13.497 --- remove darkwood ring ---
   13.497     | remove darkwood ring
   13.497     | You have removed darkwood ring.
   13.497     | [HP=13]:The kobold stabs you for 7 damage!
   13.497     | [HP=6]:The kobold stabs you for 4 damage!
   13.497     | [HP=2]:
   20.305 --- drop darkwood ring ---
   20.305     | The kobold stabs you for 6 damage!
   20.305     | [HP=-4]:Oracle drops to the ground!
   20.305     | [HP=-4]:The kobold stabs you for 5 damage!
   20.305     | [HP=-9]:drop darkwood ring
   20.305     | You may not do that while you are mortally wounded!
   20.305     | [HP=-9]:
   23.107 --- zero runic ---
   23.108     | /xcash 0 runic
   23.108     | [xcash] runic: 0 -> 0; type 'i' to confirm.
   25.910 --- zero platinum ---
   25.910     | The kobold stabs you for 2 damage!
   25.910     | [HP=-11]:The kobold stabs you for 5 damage!
   25.910     | [HP=-16]:[HP=-17]:/xcash 0 platinum
   25.910     | [xcash] platinum: 0 -> 0; type 'i' to confirm.
   28.511 --- zero gold ---
   28.511     | /xcash 0 gold
   28.511     | [xcash] gold: 0 -> 0; type 'i' to confirm.
   28.511     | The kobold lunges at you with their shortsword!
   28.511     | [HP=-17]:The kobold stabs you for 8 damage!
   28.511     | [HP=-25]:
   31.322 --- zero silver ---
   31.322     | /xcash 0 silver
   31.322     | [xcash] silver: 0 -> 0; type 'i' to confirm.
   34.127 --- purse ---
   34.127     | /xcash 1100 copper
   34.127     | [xcash] copper: 1100 -> 1100; type 'i' to confirm.
   37.732 --- STATS (accuracy inputs) ---
   37.732     | st
   37.732     | Name: Oracle Delver                    Lives/CP:      9/120
   37.732     | Race: Dwarf       Exp: 9700            Perception:     35
   37.732     | Class: Warrior    Level: 3             Stealth:         0
   37.732     | Hits:   -25/72    Armour Class:  12/0  Thievery:        0
   37.732     |                                        Traps:           0
   37.732     |                                        Picklocks:       0
   37.732     | Strength:  50     Agility: 30          Tracking:        0
   37.732     | Intellect: 30     Health:  50          Martial Arts:   15
   37.732     | Willpower: 50     Charm:   30          MagicRes:       55
   37.732     | [HP=-25]:
   41.340 --- INVENTORY (encumbrance) ---
   41.340     | The kobold stabs you for 6 damage!
   41.340     | [HP=-31]:The kobold stabs you for 2 damage!
   41.340     | [HP=-33]:i
   41.340     | You are carrying 1100 copper farthings, gilded robes (Torso), chain coif (Head),
   41.340     | displacer fur cloak (Back), beaded belt (Waist), violet orchid (Worn), wooden
   41.340     | hammer (Weapon Hand), darkwood ring
   41.340     | You have no keys.
   41.340     | Wealth: 1100 copper farthings
   41.341     | Encumbrance: 837/2880 - Light [29%]
   41.341     | [HP=-33]:
   41.344 ENCUMBRANCE 837/2880 = 29%
   41.344 level 3, ratings 0, skill 14, accuracy 43, floor(acc/8) = 5, predicted parry 0.0
   41.344 predicted to-hit vs kobold (AC 30): port as written = 0.30303030303030304, if template ac needs /10 = 0.98989898989899
   41.344 max HP 72; fight floor 21, sweep floor 50
   41.344 MORTALLY WOUNDED - aborting the run
   41.344 === DONE: 0 swings {'hit': 0, 'glance': 0, 'dodge': 0, 'miss': 0, 'novel': 0} ===
   46.956 --- logout ---
   46.956     | x
   46.956     | You may not exit MajorMud while you are mortally wounded!
   46.956     | [HP=-33]:
   46.956 done
