    4.185 no such account; creating via NEW
   13.670 race 12 (Nekojin)
   16.199 class 15 (Mystic)
   27.162 waiting out name validation (up to 20 min)...
   77.534 validation complete
   79.536 === character sheet ===
   83.297   st| st
   83.297   st| Name: Mireko Softpaw                   Lives/CP:      9/100
   83.297   st| Race: Nekojin     Exp: 0               Perception:     38
   83.297   st| Class: Mystic     Level: 1             Stealth:        60
   83.297   st| Hits:    22/22    Armour Class:   0/0  Thievery:        0
   83.297   st| Kai:      0/0                          Traps:           0
   83.297   st| Picklocks:       0
   83.297   st| Strength:  40     Agility: 60          Tracking:       25
   83.297   st| Intellect: 40     Health:  30          Martial Arts:  108
   83.297   st| Willpower: 30     Charm:   50          MagicRes:       32
   83.297   st| [HP=22]:
   89.696 === parked on Narrow Road (above the arena) ===
   89.696 --- watch narrow-road rumbles for 75s ---
  169.117 === in the arena ===
  169.117 --- watch arena spawn arrivals for 40s ---
  172.859   A giant rat creeps into the room from nowhere.
  172.859   [HP=22]:The giant rat lunges at you!
  172.859   [HP=22]:
  184.796   The giant rat lunges at you!
  184.796   [HP=22]:
  195.465   The giant rat lunges at you!
  195.465   [HP=22]:
  202.532   The giant rat lunges at you!
  202.532   [HP=22]:
  209.742 --- watch waiting for a spawn for 30s ---
  212.013   The giant rat lunges at you!
  212.013   [HP=22]:
  224.102   The giant rat lunges at you!
  224.102   [HP=22]:
  233.750   The giant rat lunges at you!
  233.750   [HP=22]:
  239.759 nothing spawned to fight
  239.759 --- watch post-kill replacement for 30s ---
  242.120   The giant rat lunges at you!
  242.120   [HP=22]:
  252.848   The giant rat lunges at you!
  252.848   [HP=22]:
  264.724   The giant rat lunges at you!
  264.724   [HP=22]:
  270.733 === departing (free-attack window) ===
  274.375 --- watch upstairs: does anything follow? for 30s ---
  275.577   [HP=22]:
  304.419 === logout ===
  309.123 done
