   10.456 --- stats ---
   10.456     | st
   10.456     | Name: Oracle Delver                    Lives/CP:      9/100
   10.456     | Race: Dwarf       Exp: 2500            Perception:     35
   10.456     | Class: Warrior    Level: 1             Stealth:         0
   10.456     | Hits:    35/35    Armour Class:   0/0  Thievery:        0
   10.456     |                                        Traps:           0
   10.456     |                                        Picklocks:       0
   10.456     | Strength:  50     Agility: 30          Tracking:        0
   10.456     | Intellect: 30     Health:  50          Martial Arts:   10
   10.456     | Willpower: 50     Charm:   30          MagicRes:       55
   10.456     | [HP=35]:
   10.457 entry level 1
   14.123 --- purse for training ---
   14.123     | /xcash 5000 copper
   14.123     | [xcash] copper: 5000 -> 5000; type 'i' to confirm.
   17.765 --- grant exp (no-op if capped) ---
   17.765     | /xexp 2500
   17.765     | You gain 2500 experience.
   17.765     | [HP=35]:
   17.765     | [xexp] granted 2500 experience via _ADD_EXPERIENCE.
   21.373 --- to healer ---
   21.373     | /xgoto 2190 1
   21.373     | [xgoto] 1/2190 -> 1/2190; type 'look'.
   25.846 --- heal to full ---
   25.846     | buy healing
   25.846     | You hand over nothing and all your wounds are healed.
   25.846     | [HP=35]:
   29.460 --- max-hp check ---
   29.460     | st
   29.460     | Name: Oracle Delver                    Lives/CP:      9/100
   29.460     | Race: Dwarf       Exp: 5000            Perception:     35
   29.460     | Class: Warrior    Level: 1             Stealth:         0
   29.460     | Hits:    35/35    Armour Class:   0/0  Thievery:        0
   29.460     |                                        Traps:           0
   29.460     |                                        Picklocks:       0
   29.460     | Strength:  50     Agility: 30          Tracking:        0
   29.460     | Intellect: 30     Health:  50          Martial Arts:   10
   29.460     | Willpower: 50     Charm:   30          MagicRes:       55
   29.460     | [HP=35]:
   36.811 --- train burst ---
   36.811     | /xgoto 289 1
   36.811     | [xgoto] 1/2190 -> 1/289; type 'look'.
   36.811     | The river bashes you up against some rocks!
   36.811     | train
   36.811     | You hand over 50 copper farthings and you receive training to attain level 2.
   36.811     | You receive the following:
   36.811     | 10 additional character points
   36.811     | [HP=15]:/xgoto 2190 1
   36.811     | [xgoto] 1/289 -> 1/2190; type 'look'.
   36.811     | [HP=16]:
   40.415 --- stats ---
   40.415     | st
   40.415     | Name: Oracle Delver                    Lives/CP:      9/110
   40.415     | Race: Dwarf       Exp: 5000            Perception:     35
   40.415     | Class: Warrior    Level: 2             Stealth:         0
   40.415     | Hits:    16/41    Armour Class:   0/0  Thievery:        0
   40.415     |                                        Traps:           0
   40.415     |                                        Picklocks:       0
   40.415     | Strength:  50     Agility: 30          Tracking:        0
   40.415     | Intellect: 30     Health:  50          Martial Arts:   10
   40.415     | Willpower: 50     Charm:   30          MagicRes:       55
   40.415     | [HP=16]:
   40.415 level now 2
   44.048 --- to healer ---
   44.048     | /xgoto 2190 1
   44.048     | [xgoto] 1/2190 -> 1/2190; type 'look'.
   48.490 --- heal to full ---
   48.490     | buy healing
   48.490     | You hand over 50 copper farthings and all your wounds are healed.
   48.490     | [HP=41]:
   52.096 --- max-hp check ---
   52.096     | st
   52.096     | Name: Oracle Delver                    Lives/CP:      9/110
   52.096     | Race: Dwarf       Exp: 5000            Perception:     35
   52.096     | Class: Warrior    Level: 2             Stealth:         0
   52.096     | Hits:    41/41    Armour Class:   0/0  Thievery:        0
   52.096     |                                        Traps:           0
   52.096     |                                        Picklocks:       0
   52.096     | Strength:  50     Agility: 30          Tracking:        0
   52.096     | Intellect: 30     Health:  50          Martial Arts:   10
   52.096     | Willpower: 50     Charm:   30          MagicRes:       55
   52.096     | [HP=41]:
   59.711 --- train burst ---
   59.712     | /xgoto 289 1
   59.712     | [xgoto] 1/2190 -> 1/289; type 'look'.
   59.712     | train
   59.712     | You hand over 100 copper farthings and you receive training to attain level 3.
   59.712     | You receive the following:
   59.712     | 10 additional character points
   59.712     | [HP=41]:The river bashes you up against some rocks!
   59.712     | /xgoto 2190 1
   59.712     | [xgoto] 1/289 -> 1/2190; type 'look'.
   63.316 --- stats ---
   63.316     | st
   63.316     | Name: Oracle Delver                    Lives/CP:      9/120
   63.316     | Race: Dwarf       Exp: 5000            Perception:     35
   63.316     | Class: Warrior    Level: 3             Stealth:         0
   63.316     | Hits:    29/50    Armour Class:   0/0  Thievery:        0
   63.316     |                                        Traps:           0
   63.316     |                                        Picklocks:       0
   63.316     | Strength:  50     Agility: 30          Tracking:        0
   63.316     | Intellect: 30     Health:  50          Martial Arts:   10
   63.316     | Willpower: 50     Charm:   30          MagicRes:       55
   63.316     | [HP=29]:
   63.317 level now 3
   63.317 === level 3 reached; CP left unspent by design ===
   68.272 --- logout ---
   68.272     | x
   68.272     | You will exit after a period of silent meditation.
   68.272     | .[HP=30]:.........
   68.272 done
