    6.775 === config a1: target 'giant bat' ===
   10.574 --- inventory (pre-staging) ---
   10.574     | i
   10.574     | You are carrying 26 copper farthings, gilded robes (Torso), chain coif (Head),
   10.574     | displacer fur cloak (Back), beaded belt (Waist), violet orchid (Worn), wooden
   10.574     | hammer (Weapon Hand)
   10.574     | You have no keys.
   10.574     | Wealth: 26 copper farthings
   10.574     | Encumbrance: 469/2880 - None [16%]
   10.574     | [HP=49]:[HP=50]:
   16.982 --- zero runic ---
   16.982     | /xcash 0 runic
   16.982     | [xcash] runic: 0 -> 0; type 'i' to confirm.
   19.784 --- zero platinum ---
   19.784     | /xcash 0 platinum
   19.784     | [xcash] platinum: 0 -> 0; type 'i' to confirm.
   22.588 --- zero gold ---
   22.588     | /xcash 0 gold
   22.588     | [xcash] gold: 0 -> 0; type 'i' to confirm.
   25.390 --- zero silver ---
   25.390     | /xcash 0 silver
   25.390     | [xcash] silver: 0 -> 0; type 'i' to confirm.
   28.193 --- purse ---
   28.193     | /xcash 1100 copper
   28.193     | [xcash] copper: 26 -> 1100; type 'i' to confirm.
   31.797 --- STATS (accuracy inputs) ---
   31.797     | st
   31.797     | Name: Oracle Delver                    Lives/CP:      9/120
   31.797     | Race: Dwarf       Exp: 9700            Perception:     35
   31.797     | Class: Warrior    Level: 3             Stealth:         0
   31.797     | Hits:    50/72    Armour Class:  12/0  Thievery:        0
   31.797     |                                        Traps:           0
   31.797     |                                        Picklocks:       0
   31.797     | Strength:  50     Agility: 30          Tracking:        0
   31.797     | Intellect: 30     Health:  50          Martial Arts:   15
   31.797     | Willpower: 50     Charm:   30          MagicRes:       55
   31.797     | You feel unlucky!
   31.797     | [HP=50]:
   35.402 --- INVENTORY (encumbrance) ---
   35.402     | i
   35.402     | You are carrying 1100 copper farthings, gilded robes (Torso), chain coif (Head),
   35.402     | displacer fur cloak (Back), beaded belt (Waist), violet orchid (Worn), wooden
   35.402     | hammer (Weapon Hand)
   35.402     | You have no keys.
   35.402     | Wealth: 1100 copper farthings
   35.402     | Encumbrance: 827/2880 - Light [28%]
   35.402     | [HP=50]:
   35.402 ENCUMBRANCE 827/2880 = 28%
   35.403 level 3, ratings 0, skill 14, accuracy 43, floor(acc/8) = 5, predicted parry 0.4
   35.403 predicted to-hit vs giant bat (AC 10): port as written = 0.9292929292929293, if template ac needs /10 = 0.98989898989899
   35.403 max HP 72; fight floor 21, sweep floor 50
   48.491 room 1452: dark cultist present - leaving
   48.491 === heal cycle ===
   56.099 --- buy healing ---
   56.099     | buy healing
   56.099     | You hand over 76 copper farthings and all your wounds are healed.
   56.099     | [HP=72]:
   56.099 HP after healing = 72
   58.901 --- refill purse ---
   58.901     | /xcash 1100 copper
   58.901     | [xcash] copper: 1024 -> 1100; type 'i' to confirm.
   65.460 room 1453: dark cultist present - leaving
   65.460 === heal cycle ===
   73.068 --- buy healing ---
   73.068     | buy healing
   73.068     | You hand over 98 copper farthings and all your wounds are healed.
   73.068     | [HP=72]:
   73.068 HP after healing = 72
   75.871 --- refill purse ---
   75.871     | /xcash 1100 copper
   75.871     | [xcash] copper: 1002 -> 1100; type 'i' to confirm.
   95.101 room 1456: dark cultist present - leaving
  114.352 room 1459: grey spider present - leaving
  114.352 === heal cycle ===
  121.960 --- buy healing ---
  121.960     | buy healing
  121.960     | You hand over 52 copper farthings and all your wounds are healed.
  121.960     | [HP=72]:
  121.960 HP after healing = 72
  124.767 --- refill purse ---
  124.767     | /xcash 1100 copper
  124.767     | [xcash] copper: 1048 -> 1100; type 'i' to confirm.
  156.821 room 1464: dark priest present - leaving
  175.912 room 1467: dark cultist present - leaving
  175.912 === heal cycle ===
  183.519 --- buy healing ---
  183.520     | buy healing
  183.520     | You hand over 56 copper farthings and all your wounds are healed.
  183.520     | [HP=72]:
  183.520 HP after healing = 72
  186.323 --- refill purse ---
  186.323     | /xcash 1100 copper
  186.323     | [xcash] copper: 1044 -> 1100; type 'i' to confirm.
  199.233 room 1469: dark priest present - leaving
  218.464 room 1472: dark cultist present - leaving
  346.421 room 1493: grey spider present - leaving
  358.964 === engaging giant bat in room 1495 ===
  363.371 PROGRESS 0
  364.498   glance| Your swing at giant bat hits, but glances off its armour.
  382.042 target gone - relocating
  382.042 === heal cycle ===
  389.650 --- buy healing ---
  389.650     | buy healing
  389.650     | You hand over 60 copper farthings and all your wounds are healed.
  389.650     | [HP=72]:
  389.651 HP after healing = 72
  392.454 --- refill purse ---
  392.454     | /xcash 1100 copper
  392.454     | [xcash] copper: 1040 -> 1100; type 'i' to confirm.
  392.454 returning to the bat in room 1495
  408.489 room 1496: dark priest present - leaving
  408.489 === heal cycle ===
  416.304 --- buy healing ---
  416.304     | buy healing
  416.304     | You hand over 50 copper farthings and all your wounds are healed.
  416.304     | [HP=72]:
  416.305 HP after healing = 72
  419.108 --- refill purse ---
  419.108     | /xcash 1100 copper
  419.108     | [xcash] copper: 1050 -> 1100; type 'i' to confirm.
  419.108 returning to the bat in room 1495
  435.228 room 1497: dark priest present - leaving
  467.127 room 1502: grey spider present - leaving
  486.114 === engaging giant bat in room 1505 ===
  490.522 PROGRESS 1/160 {'hit': 0, 'glance': 1, 'dodge': 0, 'miss': 0, 'novel': 0} connect=1.000
  492.772   dodge | You swing at giant bat who dodges your attack!
  497.498   dodge | You swing at giant bat who dodges your attack!
  503.443   dodge | You swing at giant bat who dodges your attack!
  508.165   glance| Your swing at giant bat hits, but glances off its armour.
  514.094   glance| Your swing at giant bat hits, but glances off its armour.
  518.835   dodge | You swing at giant bat who dodges your attack!
  523.552   dodge | You swing at giant bat who dodges your attack!
  523.552 === heal cycle ===
  531.160 --- buy healing ---
  531.160     | The effects of curse wear off!
  531.160     | [HP=19]:*Combat Off*
  531.160     | [HP=19]:buy healing
  531.160     | You hand over 106 copper farthings and all your wounds are healed.
  531.160     | [HP=72]:
  531.161 HP after healing = 72
  533.964 --- refill purse ---
  533.964     | /xcash 1100 copper
  533.964     | [xcash] copper: 994 -> 1100; type 'i' to confirm.
  533.964 returning to the bat in room 1505
  549.604   dodge | You swing at giant bat who dodges your attack!
  550.807 PROGRESS 9/160 {'hit': 0, 'glance': 3, 'dodge': 6, 'miss': 0, 'novel': 0} connect=1.000
  554.341   glance| Your swing at giant bat hits, but glances off its armour.
  560.261   glance| Your swing at giant bat hits, but glances off its armour.
  564.995   glance| Your swing at giant bat hits, but glances off its armour.
  569.721   dodge | You swing at giant bat who dodges your attack!
  575.653   dodge | You swing at giant bat who dodges your attack!
  580.381   dodge | You swing at giant bat who dodges your attack!
  585.113   glance| Your swing at giant bat hits, but glances off its armour.
  591.133   dodge | You swing at giant bat who dodges your attack!
  595.866   dodge | You swing at giant bat who dodges your attack!
  600.583   glance| Your swing at giant bat hits, but glances off its armour.
  606.516   dodge | You swing at giant bat who dodges your attack!
  611.245   glance| Your swing at giant bat hits, but glances off its armour.
  611.245 PROGRESS 21/160 {'hit': 0, 'glance': 9, 'dodge': 12, 'miss': 0, 'novel': 0} connect=1.000
  615.977   glance| Your swing at giant bat hits, but glances off its armour.
  621.911   glance| Your swing at giant bat hits, but glances off its armour.
  626.611   glance| Your swing at giant bat hits, but glances off its armour.
  631.337   miss  | You swing at giant bat!
  631.338 === heal cycle ===
  638.947 --- buy healing ---
  638.947     | *Combat Off*
  638.947     | [HP=19]:buy healing
  638.947     | You hand over 106 copper farthings and all your wounds are healed.
  638.947     | [HP=72]:
  638.948 HP after healing = 72
  641.751 --- refill purse ---
  641.751     | /xcash 1100 copper
  641.751     | [xcash] copper: 994 -> 1100; type 'i' to confirm.
  641.751 returning to the bat in room 1505
  657.389   dodge | You swing at giant bat who dodges your attack!
  662.119   dodge | You swing at giant bat who dodges your attack!
  668.048   glance| Your swing at giant bat hits, but glances off its armour.
  671.657 PROGRESS 28/160 {'hit': 0, 'glance': 13, 'dodge': 14, 'miss': 1, 'novel': 0} connect=0.964
  672.778   glance| Your swing at giant bat hits, but glances off its armour.
  677.506   glance| Your swing at giant bat hits, but glances off its armour.
  682.234   glance| Your swing at giant bat hits, but glances off its armour.
  688.140   dodge | You swing at giant bat who dodges your attack!
  692.870   glance| Your swing at giant bat hits, but glances off its armour.
  697.596   glance| Your swing at giant bat hits, but glances off its armour.
  703.503   glance| Your swing at giant bat hits, but glances off its armour.
  703.504 === heal cycle ===
  711.112 --- buy healing ---
  711.113     | *Combat Off*
  711.113     | [HP=15]:buy healing
  711.113     | You hand over 114 copper farthings and all your wounds are healed.
  711.113     | [HP=72]:
  711.113 HP after healing = 72
  713.917 --- refill purse ---
  713.917     | /xcash 1100 copper
  713.917     | [xcash] copper: 986 -> 1100; type 'i' to confirm.
  713.917 returning to the bat in room 1505
  728.348   dodge | You swing at giant bat who dodges your attack!
  731.958 PROGRESS 36/160 {'hit': 0, 'glance': 19, 'dodge': 16, 'miss': 1, 'novel': 0} connect=0.972
  734.283   dodge | You swing at giant bat who dodges your attack!
  739.012   glance| Your swing at giant bat hits, but glances off its armour.
  743.737   dodge | You swing at giant bat who dodges your attack!
  749.673   glance| Your swing at giant bat hits, but glances off its armour.
  754.402   dodge | You swing at giant bat who dodges your attack!
  759.128   dodge | You swing at giant bat who dodges your attack!
  765.074   miss  | You swing at giant bat!
  769.819   glance| Your swing at giant bat hits, but glances off its armour.
  774.546   glance| Your swing at giant bat hits, but glances off its armour.
  780.480   glance| Your swing at giant bat hits, but glances off its armour.
  785.210   dodge | You swing at giant bat who dodges your attack!
  791.112   glance| Your swing at giant bat hits, but glances off its armour.
  792.315 PROGRESS 48/160 {'hit': 0, 'glance': 25, 'dodge': 21, 'miss': 2, 'novel': 0} connect=0.958
  795.844   glance| Your swing at giant bat hits, but glances off its armour.
  800.574   glance| Your swing at giant bat hits, but glances off its armour.
  800.575 === heal cycle ===
  808.182 --- buy healing ---
  808.182     | *Combat Off*
  808.182     | [HP=18]:buy healing
  808.182     | You hand over 108 copper farthings and all your wounds are healed.
  808.182     | [HP=72]:
  808.183 HP after healing = 72
  810.986 --- refill purse ---
  810.987     | /xcash 1100 copper
  810.987     | [xcash] copper: 992 -> 1100; type 'i' to confirm.
  810.987 returning to the bat in room 1505
  826.597   glance| Your swing at giant bat hits, but glances off its armour.
  831.326   dodge | You swing at giant bat who dodges your attack!
  836.053   glance| Your swing at giant bat hits, but glances off its armour.
  841.988   dodge | You swing at giant bat who dodges your attack!
  846.715   dodge | You swing at giant bat who dodges your attack!
  852.646   glance| Your swing at giant bat hits, but glances off its armour.
  852.646 PROGRESS 56/160 {'hit': 0, 'glance': 30, 'dodge': 24, 'miss': 2, 'novel': 0} connect=0.964
  857.375   glance| Your swing at giant bat hits, but glances off its armour.
  862.106   glance| Your swing at giant bat hits, but glances off its armour.
  868.035   glance| Your swing at giant bat hits, but glances off its armour.
  872.770   glance| Your swing at giant bat hits, but glances off its armour.
  877.497   dodge | You swing at giant bat who dodges your attack!
  883.429   glance| Your swing at giant bat hits, but glances off its armour.
  888.047   glance| Your swing at giant bat hits, but glances off its armour.
  892.891   glance| Your swing at giant bat hits, but glances off its armour.
  892.891 === heal cycle ===
  900.500 --- buy healing ---
  900.500     | *Combat Off*
  900.500     | [HP=8]:buy healing
  900.500     | You hand over 128 copper farthings and all your wounds are healed.
  900.500     | [HP=72]:
  900.501 HP after healing = 72
  903.305 --- refill purse ---
  903.305     | /xcash 1100 copper
  903.305     | [xcash] copper: 972 -> 1100; type 'i' to confirm.
  903.305 returning to the bat in room 1505
  909.874 target no longer there; resuming the sweep
  916.304 room 1506: dark priest present - leaving
  916.305 === heal cycle ===
  923.913 --- buy healing ---
  923.914     | buy healing
  923.914     | You hand over 58 copper farthings and all your wounds are healed.
  923.914     | [HP=72]:
  923.914 HP after healing = 72
  926.718 --- refill purse ---
  926.718     | /xcash 1100 copper
  926.718     | [xcash] copper: 1042 -> 1100; type 'i' to confirm.
  971.526 room 1514: dark cleric present - leaving
  997.195 room 1518: dark cultist present - leaving
 1016.401 room 1521: dark priest present - leaving
 1016.402 === heal cycle ===
 1024.011 --- buy healing ---
 1024.012     | buy healing
 1024.012     | You hand over 66 copper farthings and all your wounds are healed.
 1024.012     | [HP=72]:
 1024.012 HP after healing = 72
 1026.817 --- refill purse ---
 1026.817     | /xcash 1100 copper
 1026.817     | [xcash] copper: 1034 -> 1100; type 'i' to confirm.
 1033.226 room 1522: dark cultist present - leaving
 1033.226 === heal cycle ===
 1040.835 --- buy healing ---
 1040.835     | buy healing
 1040.835     | You hand over 48 copper farthings and all your wounds are healed.
 1040.835     | [HP=72]:
 1040.836 HP after healing = 72
 1043.640 --- refill purse ---
 1043.640     | /xcash 1100 copper
 1043.640     | [xcash] copper: 1052 -> 1100; type 'i' to confirm.
 1082.098 room 1528: dark cleric present - leaving
 1114.195 === engaging giant bat in room 1560 ===
 1118.529   glance| Your swing at giant bat hits, but glances off its armour.
 1118.529 PROGRESS 65/160 {'hit': 0, 'glance': 38, 'dodge': 25, 'miss': 2, 'novel': 0} connect=0.969
 1123.252   dodge | You swing at giant bat who dodges your attack!
 1129.194   dodge | You swing at giant bat who dodges your attack!
 1133.914   glance| Your swing at giant bat hits, but glances off its armour.
 1138.642   dodge | You swing at giant bat who dodges your attack!
 1144.575   dodge | You swing at giant bat who dodges your attack!
 1149.308   dodge | You swing at giant bat who dodges your attack!
 1155.237   glance| Your swing at giant bat hits, but glances off its armour.
 1155.238 === heal cycle ===
 1162.846 --- buy healing ---
 1162.846     | *Combat Off*
 1162.846     | [HP=17]:buy healing
 1162.846     | You hand over 110 copper farthings and all your wounds are healed.
 1162.846     | [HP=72]:
 1162.847 HP after healing = 72
 1165.665 --- refill purse ---
 1165.665     | /xcash 1100 copper
 1165.665     | [xcash] copper: 990 -> 1100; type 'i' to confirm.
 1165.665 returning to the bat in room 1560
 1172.127 target no longer there; resuming the sweep
 1191.548 room 1563: grey spider present - leaving
 1230.269 room 1569: grey spider present - leaving
 1236.859 === engaging giant bat in room 1570 ===
 1241.188   glance| Your swing at giant bat hits, but glances off its armour.
 1241.188 PROGRESS 73/160 {'hit': 0, 'glance': 41, 'dodge': 30, 'miss': 2, 'novel': 0} connect=0.973
 1247.121   dodge | You swing at giant bat who dodges your attack!
 1251.851   dodge | You swing at giant bat who dodges your attack!
 1256.578   glance| Your swing at giant bat hits, but glances off its armour.
 1262.512   glance| Your swing at giant bat hits, but glances off its armour.
 1267.241   dodge | You swing at giant bat who dodges your attack!
 1271.968   dodge | You swing at giant bat who dodges your attack!
 1277.902   glance| Your swing at giant bat hits, but glances off its armour.
 1277.903 === heal cycle ===
 1285.511 --- buy healing ---
 1285.511     | *Combat Off*
 1285.511     | [HP=20]:buy healing
 1285.511     | You hand over 104 copper farthings and all your wounds are healed.
 1285.511     | [HP=72]:
 1285.512 HP after healing = 72
 1288.317 --- refill purse ---
 1288.317     | /xcash 1100 copper
 1288.317     | [xcash] copper: 996 -> 1100; type 'i' to confirm.
 1288.317 returning to the bat in room 1570
 1301.635 PROGRESS 80/160 {'hit': 0, 'glance': 44, 'dodge': 34, 'miss': 2, 'novel': 0} connect=0.975
 1303.953   dodge | You swing at giant bat who dodges your attack!
 1308.683   glance| Your swing at giant bat hits, but glances off its armour.
 1313.410   glance| Your swing at giant bat hits, but glances off its armour.
 1319.343   glance| Your swing at giant bat hits, but glances off its armour.
 1324.053   miss  | You swing at giant bat!
 1357.124 target gone - relocating
 1357.125 === heal cycle ===
 1364.735 --- buy healing ---
 1364.735     | buy healing
 1364.735     | You hand over 74 copper farthings and all your wounds are healed.
 1364.735     | [HP=72]:
 1364.736 HP after healing = 72
 1367.540 --- refill purse ---
 1367.541     | /xcash 1100 copper
 1367.541     | [xcash] copper: 1026 -> 1100; type 'i' to confirm.
 1367.541 returning to the bat in room 1570
 1389.851 room 1572: grey spider present - leaving
 1511.485 === engaging giant bat in room 1616 ===
 1515.894 PROGRESS 85/160 {'hit': 0, 'glance': 47, 'dodge': 35, 'miss': 3, 'novel': 0} connect=0.965
 1518.155   glance| Your swing at giant bat hits, but glances off its armour.
 1524.090   dodge | You swing at giant bat who dodges your attack!
 1528.818   dodge | You swing at giant bat who dodges your attack!
 1534.749   dodge | You swing at giant bat who dodges your attack!
 1539.479   dodge | You swing at giant bat who dodges your attack!
 1544.215   glance| Your swing at giant bat hits, but glances off its armour.
 1548.935   miss  | You swing at giant bat!
 1554.870   glance| Your swing at giant bat hits, but glances off its armour.
 1559.598   dodge | You swing at giant bat who dodges your attack!
 1559.599 === heal cycle ===
 1567.209 --- buy healing ---
 1567.209     | *Combat Off*
 1567.209     | [HP=19]:buy healing
 1567.209     | You hand over 106 copper farthings and all your wounds are healed.
 1567.209     | [HP=72]:
 1567.210 HP after healing = 72
 1570.015 --- refill purse ---
 1570.015     | /xcash 1100 copper
 1570.015     | [xcash] copper: 994 -> 1100; type 'i' to confirm.
 1570.015 returning to the bat in room 1616
 1580.921 PROGRESS 94/160 {'hit': 0, 'glance': 50, 'dodge': 40, 'miss': 4, 'novel': 0} connect=0.957
 1585.649   glance| Your swing at giant bat hits, but glances off its armour.
 1590.350   glance| Your swing at giant bat hits, but glances off its armour.
 1595.077   glance| Your swing at giant bat hits, but glances off its armour.
 1600.984   glance| Your swing at giant bat hits, but glances off its armour.
 1623.285 target gone - relocating
 1623.286 === heal cycle ===
 1630.896 --- buy healing ---
 1630.896     | buy healing
 1630.896     | You hand over 46 copper farthings and all your wounds are healed.
 1630.896     | [HP=72]:
 1630.897 HP after healing = 72
 1633.714 --- refill purse ---
 1633.714     | /xcash 1100 copper
 1633.714     | [xcash] copper: 1054 -> 1100; type 'i' to confirm.
 1633.714 returning to the bat in room 1616
 1640.132 target no longer there; resuming the sweep
 1653.055 room 1618: dark paladin present - leaving
 1723.675 room 1629: dark paladin present - leaving
 1723.677 === heal cycle ===
 1731.287 --- buy healing ---
 1731.287     | buy healing
 1731.287     | You hand over 48 copper farthings and all your wounds are healed.
 1731.287     | [HP=72]:
 1731.288 HP after healing = 72
 1734.094 --- refill purse ---
 1734.094     | /xcash 1100 copper
 1734.094     | [xcash] copper: 1052 -> 1100; type 'i' to confirm.
 1778.978 room 1452: dark cultist present - leaving
 1785.240 room 1453: dark cultist present - leaving
 1785.242 === heal cycle ===
 1792.903 --- buy healing ---
 1792.903     | buy healing
 1792.903     | You hand over 62 copper farthings and all your wounds are healed.
 1792.903     | [HP=72]:
 1792.905 HP after healing = 72
 1795.710 --- refill purse ---
 1795.710     | /xcash 1100 copper
 1795.710     | [xcash] copper: 1038 -> 1100; type 'i' to confirm.
 1801.962 room 1454: dark cultist present - leaving
 1808.373 room 1455: grey spider present - leaving
 1808.375 === heal cycle ===
 1815.985 --- buy healing ---
 1815.985     | buy healing
 1815.985     | You hand over 58 copper farthings and all your wounds are healed.
 1815.985     | [HP=72]:
 1815.986 HP after healing = 72
 1818.792 --- refill purse ---
 1818.792     | /xcash 1100 copper
 1818.792     | [xcash] copper: 1042 -> 1100; type 'i' to confirm.
 1825.291 room 1456: dark cultist present - leaving
 1825.293 === heal cycle ===
 1832.903 --- buy healing ---
 1832.903     | buy healing
 1832.903     | You hand over 94 copper farthings and all your wounds are healed.
 1832.903     | [HP=72]:
 1832.905 HP after healing = 72
 1835.710 --- refill purse ---
 1835.710     | /xcash 1100 copper
 1835.710     | [xcash] copper: 1006 -> 1100; type 'i' to confirm.
 1848.532 room 1458: dark priest present - leaving
 1874.179 room 1462: dark cultist present - leaving
 1887.144 room 1464: dark priest present - leaving
 1906.378 room 1467: dark cultist present - leaving
 1912.790 === heal cycle ===
 1920.400 --- buy healing ---
 1920.400     | buy healing
 1920.400     | You hand over 58 copper farthings and all your wounds are healed.
 1920.400     | [HP=72]:
 1920.401 HP after healing = 72
 1923.207 --- refill purse ---
 1923.207     | /xcash 1100 copper
 1923.207     | [xcash] copper: 1042 -> 1100; type 'i' to confirm.
 1929.651 room 1469: dark priest present - leaving
 1948.893 room 1472: dark cultist present - leaving
 1961.715 room 1474: dark priest present - leaving
 1961.717 === heal cycle ===
 1969.327 --- buy healing ---
 1969.327     | buy healing
 1969.327     | You hand over 72 copper farthings and all your wounds are healed.
 1969.327     | [HP=72]:
 1969.328 HP after healing = 72
 1972.134 --- refill purse ---
 1972.134     | /xcash 1100 copper
 1972.134     | [xcash] copper: 1028 -> 1100; type 'i' to confirm.
 2087.475 room 1493: grey spider present - leaving
 2106.880 === engaging giant bat in room 1496 ===
 2111.290 PROGRESS 98/160 {'hit': 0, 'glance': 54, 'dodge': 40, 'miss': 4, 'novel': 0} connect=0.959
 2113.527   glance| Your swing at giant bat hits, but glances off its armour.
 2118.255   dodge | You swing at giant bat who dodges your attack!
 2146.500 target gone - relocating
 2146.502 === heal cycle ===
 2154.112 --- buy healing ---
 2154.112     | buy healing
 2154.112     | You hand over 46 copper farthings and all your wounds are healed.
 2154.112     | [HP=72]:
 2154.114 HP after healing = 72
 2156.920 --- refill purse ---
 2156.920     | /xcash 1100 copper
 2156.920     | [xcash] copper: 1054 -> 1100; type 'i' to confirm.
 2156.920 returning to the bat in room 1496
 2163.353 target no longer there; resuming the sweep
 2201.883 room 1502: grey spider present - leaving
 2208.179 === engaging giant bat in room 1503 ===
 2212.549 PROGRESS 100/160 {'hit': 0, 'glance': 55, 'dodge': 41, 'miss': 4, 'novel': 0} connect=0.960
 2216.078   dodge | You swing at giant bat who dodges your attack!
 2222.008   glance| Your swing at giant bat hits, but glances off its armour.
 2226.740   glance| Your swing at giant bat hits, but glances off its armour.
 2231.466   glance| Your swing at giant bat hits, but glances off its armour.
 2267.376 === heal cycle ===
 2274.695 --- buy healing ---
 2274.695     | buy healing
 2274.695     | You hand over 116 copper farthings and all your wounds are healed.
 2274.695     | [HP=72]:
 2274.697 HP after healing = 72
 2277.503 --- refill purse ---
 2277.503     | /xcash 1100 copper
 2277.503     | [xcash] copper: 984 -> 1100; type 'i' to confirm.
 2277.503 returning to the bat in room 1503
 2283.727 target no longer there; resuming the sweep
 2290.139 room 1504: dark cultist present - leaving
 2296.370 === engaging giant bat in room 1505 ===
 2300.780 PROGRESS 104/160 {'hit': 0, 'glance': 58, 'dodge': 42, 'miss': 4, 'novel': 0} connect=0.962
 2303.018   glance| Your swing at giant bat hits, but glances off its armour.
 2308.954   dodge | You swing at giant bat who dodges your attack!
 2308.956 === heal cycle ===
 2316.567 --- buy healing ---
 2316.567     | *Combat Off*
 2316.567     | [HP=10]:buy healing
 2316.567     | You hand over 124 copper farthings and all your wounds are healed.
 2316.567     | [HP=72]:
 2316.569 HP after healing = 72
 2319.375 --- refill purse ---
 2319.376     | /xcash 1100 copper
 2319.376     | [xcash] copper: 976 -> 1100; type 'i' to confirm.
 2319.376 returning to the bat in room 1505
 2325.779 target no longer there; resuming the sweep
 2345.203 room 1508: dark priest present - leaving
 2364.459 room 1511: dark cultist present - leaving
 2370.872 === heal cycle ===
 2378.482 --- buy healing ---
 2378.482     | buy healing
 2378.482     | You hand over 72 copper farthings and all your wounds are healed.
 2378.482     | [HP=72]:
 2378.484 HP after healing = 72
 2381.313 --- refill purse ---
 2381.313     | /xcash 1100 copper
 2381.313     | [xcash] copper: 1028 -> 1100; type 'i' to confirm.
 2387.725 room 1514: dark cleric present - leaving
 2439.053 room 1522: dark cultist present - leaving
 2439.055 === heal cycle ===
 2446.612 --- buy healing ---
 2446.612     | buy healing
 2446.612     | You hand over 64 copper farthings and all your wounds are healed.
 2446.612     | [HP=72]:
 2446.614 HP after healing = 72
 2449.420 --- refill purse ---
 2449.420     | /xcash 1100 copper
 2449.420     | [xcash] copper: 1036 -> 1100; type 'i' to confirm.
 2487.911 room 1528: dark cleric present - leaving
 2520.293 room 1560: grey spider present - leaving
 2532.971 room 1562: grey spider present - leaving
 2532.973 === heal cycle ===
 2540.584 --- buy healing ---
 2540.584     | buy healing
 2540.584     | You hand over 60 copper farthings and all your wounds are healed.
 2540.584     | [HP=72]:
 2540.586 HP after healing = 72
 2543.393 --- refill purse ---
 2543.393     | /xcash 1100 copper
 2543.393     | [xcash] copper: 1040 -> 1100; type 'i' to confirm.
 2588.186 room 1569: grey spider present - leaving
 2607.475 room 1572: grey spider present - leaving
 2729.310 === engaging giant bat in room 1616 ===
 2733.639   dodge | You swing at giant bat who dodges your attack!
 2733.639 PROGRESS 107/160 {'hit': 0, 'glance': 59, 'dodge': 44, 'miss': 4, 'novel': 0} connect=0.963
 2794.468 PROGRESS 107/160 {'hit': 0, 'glance': 59, 'dodge': 44, 'miss': 4, 'novel': 0} connect=0.963
 2810.969 === heal cycle ===
 2818.580 --- buy healing ---
 2818.580     | buy healing
 2818.580     | You hand over 104 copper farthings and all your wounds are healed.
 2818.580     | [HP=72]:
 2818.582 HP after healing = 72
 2821.390 --- refill purse ---
 2821.390     | /xcash 1100 copper
 2821.390     | [xcash] copper: 996 -> 1100; type 'i' to confirm.
 2821.390 returning to the bat in room 1616
 2854.768 PROGRESS 107/160 {'hit': 0, 'glance': 59, 'dodge': 44, 'miss': 4, 'novel': 0} connect=0.963
 2892.566 === heal cycle ===
 2900.179 --- buy healing ---
 2900.179     | buy healing
 2900.179     | You hand over 112 copper farthings and all your wounds are healed.
 2900.179     | [HP=72]:
 2900.181 HP after healing = 72
 2902.988 --- refill purse ---
 2902.988     | /xcash 1100 copper
 2902.988     | [xcash] copper: 988 -> 1100; type 'i' to confirm.
 2902.988 returning to the bat in room 1616
 2913.861   glance| Your swing at giant bat hits, but glances off its armour.
 2915.069 PROGRESS 108/160 {'hit': 0, 'glance': 60, 'dodge': 44, 'miss': 4, 'novel': 0} connect=0.963
 2918.588   glance| Your swing at giant bat hits, but glances off its armour.
 2924.524   dodge | You swing at giant bat who dodges your attack!
 2929.248   glance| Your swing at giant bat hits, but glances off its armour.
 2933.982   dodge | You swing at giant bat who dodges your attack!
 2938.706   miss  | You swing at giant bat!
 2975.770 PROGRESS 113/160 {'hit': 0, 'glance': 62, 'dodge': 46, 'miss': 5, 'novel': 0} connect=0.956
 3021.887 === heal cycle ===
 3029.499 --- buy healing ---
 3029.499     | [HP=21]:buy healing
 3029.499     | You hand over 102 copper farthings and all your wounds are healed.
 3029.499     | [HP=72]:
 3029.501 HP after healing = 72
 3032.308 --- refill purse ---
 3032.308     | /xcash 1100 copper
 3032.308     | [xcash] copper: 998 -> 1100; type 'i' to confirm.
 3032.308 returning to the bat in room 1616
 3043.209 PROGRESS 113/160 {'hit': 0, 'glance': 62, 'dodge': 46, 'miss': 5, 'novel': 0} connect=0.956
 3059.596 target gone - relocating
 3072.379 room 1618: dark paladin present - leaving
 3136.696 room 1628: dark paladin present - leaving
 3187.522 room 1452: dark cultist present - leaving
 3193.936 room 1453: dark cultist present - leaving
 3193.938 === heal cycle ===
 3201.559 --- buy healing ---
 3201.559     | buy healing
 3201.559     | You hand over 100 copper farthings and all your wounds are healed.
 3201.559     | [HP=72]:
 3201.561 HP after healing = 72
 3204.368 --- refill purse ---
 3204.368     | /xcash 1100 copper
 3204.368     | [xcash] copper: 1000 -> 1100; type 'i' to confirm.
 3204.368 returning to the bat in room 1616
 3210.780 target no longer there; resuming the sweep
 3223.607 room 1455: dark cultist present - leaving
 3255.489 room 1460: grey spider present - leaving
 3261.733 room 1461: grey spider present - leaving
 3261.736 === heal cycle ===
 3269.355 --- buy healing ---
 3269.355     | buy healing
 3269.355     | You hand over 86 copper farthings and all your wounds are healed.
 3269.355     | [HP=72]:
 3269.357 HP after healing = 72
 3272.165 --- refill purse ---
 3272.165     | /xcash 1100 copper
 3272.165     | [xcash] copper: 1014 -> 1100; type 'i' to confirm.
 3291.347 room 1464: dark priest present - leaving
 3297.763 === heal cycle ===
 3305.376 --- buy healing ---
 3305.376     | buy healing
 3305.376     | You hand over 54 copper farthings and all your wounds are healed.
 3305.376     | [HP=72]:
 3305.378 HP after healing = 72
 3308.185 --- refill purse ---
 3308.185     | /xcash 1100 copper
 3308.185     | [xcash] copper: 1046 -> 1100; type 'i' to confirm.
 3314.582 room 1466: dark priest present - leaving
 3321.003 room 1467: dark cultist present - leaving
 3333.910 room 1469: dark priest present - leaving
 3333.912 === heal cycle ===
 3341.525 --- buy healing ---
 3341.525     | buy healing
 3341.525     | You hand over 76 copper farthings and all your wounds are healed.
 3341.525     | [HP=72]:
 3341.527 HP after healing = 72
 3344.355 --- refill purse ---
 3344.355     | /xcash 1100 copper
 3344.355     | [xcash] copper: 1024 -> 1100; type 'i' to confirm.
 3376.490 room 1474: dark cultist present - leaving
 3447.246 room 1486: dark priest present - leaving
 3498.698 === engaging giant bat in room 1494 ===
 3503.003   dodge | You swing at giant bat who dodges your attack!
 3503.003 PROGRESS 114/160 {'hit': 0, 'glance': 62, 'dodge': 47, 'miss': 5, 'novel': 0} connect=0.956
 3531.673 target gone - relocating
 3538.195 room 1495: grey spider present - leaving
 3544.413 === engaging giant bat in room 1496 ===
 3548.743   dodge | You swing at giant bat who dodges your attack!
 3554.677   glance| Your swing at giant bat hits, but glances off its armour.
 3559.409   dodge | You swing at giant bat who dodges your attack!
 3563.036 PROGRESS 117/160 {'hit': 0, 'glance': 63, 'dodge': 49, 'miss': 5, 'novel': 0} connect=0.957
 3564.133   dodge | You swing at giant bat who dodges your attack!
 3595.461 === heal cycle ===
 3603.073 --- buy healing ---
 3603.073     | buy healing
 3603.073     | You hand over 118 copper farthings and all your wounds are healed.
 3603.073     | [HP=72]:
 3603.076 HP after healing = 72
 3605.885 --- refill purse ---
 3605.885     | /xcash 1100 copper
 3605.885     | [xcash] copper: 982 -> 1100; type 'i' to confirm.
 3605.885 returning to the bat in room 1496
 3612.386 target no longer there; resuming the sweep
 3618.802 === engaging giant bat in room 1497 ===
 3623.430 PROGRESS 118/160 {'hit': 0, 'glance': 63, 'dodge': 50, 'miss': 5, 'novel': 0} connect=0.958
 3625.747   dodge | You swing at giant bat who dodges your attack!
 3631.683   glance| Your swing at giant bat hits, but glances off its armour.
 3636.410   dodge | You swing at giant bat who dodges your attack!
 3642.347   dodge | You swing at giant bat who dodges your attack!
 3647.473   glance| Your swing at giant bat hits, but glances off its armour.
 3652.206   glance| Your swing at giant bat hits, but glances off its armour.
 3652.209 === heal cycle ===
 3659.838 --- buy healing ---
 3659.838     | *Combat Off*
 3659.838     | [HP=16]:buy healing
 3659.838     | You hand over 112 copper farthings and all your wounds are healed.
 3659.838     | [HP=72]:
 3659.841 HP after healing = 72
 3662.648 --- refill purse ---
 3662.649     | /xcash 1100 copper
 3662.649     | [xcash] copper: 988 -> 1100; type 'i' to confirm.
 3662.649 returning to the bat in room 1497
 3669.060 target no longer there; resuming the sweep
 3707.566 room 1503: dark cultist present - leaving
 3713.921 room 1504: grey spider present - leaving
 3713.924 === heal cycle ===
 3721.545 --- buy healing ---
 3721.545     | buy healing
 3721.545     | You hand over 46 copper farthings and all your wounds are healed.
 3721.545     | [HP=72]:
 3721.548 HP after healing = 72
 3724.356 --- refill purse ---
 3724.356     | /xcash 1100 copper
 3724.356     | [xcash] copper: 1054 -> 1100; type 'i' to confirm.
 3737.185 === engaging giant bat in room 1506 ===
 3741.597 PROGRESS 124/160 {'hit': 0, 'glance': 66, 'dodge': 53, 'miss': 5, 'novel': 0} connect=0.960
 3745.056   dodge | You swing at giant bat who dodges your attack!
 3749.781   dodge | You swing at giant bat who dodges your attack!
 3754.509   dodge | You swing at giant bat who dodges your attack!
 3759.236   glance| Your swing at giant bat hits, but glances off its armour.
 3765.171   miss  | You swing at giant bat!
 3769.900   dodge | You swing at giant bat who dodges your attack!
 3775.843   glance| Your swing at giant bat hits, but glances off its armour.
 3780.562   glance| Your swing at giant bat hits, but glances off its armour.
 3785.263   glance| Your swing at giant bat hits, but glances off its armour.
 3789.989   glance| Your swing at giant bat hits, but glances off its armour.
 3791.202 === heal cycle ===
 3798.815 --- buy healing ---
 3798.815     | *Combat Off*
 3798.815     | [HP=18]:[HP=19]:buy healing
 3798.815     | You hand over 106 copper farthings and all your wounds are healed.
 3798.815     | [HP=72]:
 3798.818 HP after healing = 72
 3801.626 --- refill purse ---
 3801.626     | /xcash 1100 copper
 3801.626     | [xcash] copper: 994 -> 1100; type 'i' to confirm.
 3801.626 returning to the bat in room 1506
 3812.495 PROGRESS 134/160 {'hit': 0, 'glance': 71, 'dodge': 57, 'miss': 6, 'novel': 0} connect=0.955
 3816.016   glance| Your swing at giant bat hits, but glances off its armour.
 3820.743   dodge | You swing at giant bat who dodges your attack!
 3826.683   glance| Your swing at giant bat hits, but glances off its armour.
 3831.408   dodge | You swing at giant bat who dodges your attack!
 3836.133   glance| Your swing at giant bat hits, but glances off its armour.
 3842.068   glance| Your swing at giant bat hits, but glances off its armour.
 3846.796   glance| Your swing at giant bat hits, but glances off its armour.
 3851.523   glance| Your swing at giant bat hits, but glances off its armour.
 3857.457   dodge | You swing at giant bat who dodges your attack!
 3862.188   dodge | You swing at giant bat who dodges your attack!
 3868.123   glance| Your swing at giant bat hits, but glances off its armour.
 3872.848   glance| Your swing at giant bat hits, but glances off its armour.
 3872.848 PROGRESS 146/160 {'hit': 0, 'glance': 79, 'dodge': 61, 'miss': 6, 'novel': 0} connect=0.959
 3872.851 === heal cycle ===
 3880.466 --- buy healing ---
 3880.466     | *Combat Off*
 3880.466     | [HP=18]:buy healing
 3880.466     | You hand over 108 copper farthings and all your wounds are healed.
 3880.466     | [HP=72]:
 3880.469 HP after healing = 72
 3883.276 --- refill purse ---
 3883.276     | /xcash 1100 copper
 3883.276     | [xcash] copper: 992 -> 1100; type 'i' to confirm.
 3883.276 returning to the bat in room 1506
 3898.846   miss  | You swing at giant bat!
 3903.572   glance| Your swing at giant bat hits, but glances off its armour.
 3908.299   glance| Your swing at giant bat hits, but glances off its armour.
 3914.239   glance| Your swing at giant bat hits, but glances off its armour.
 3918.961   dodge | You swing at giant bat who dodges your attack!
 3923.691   glance| Your swing at giant bat hits, but glances off its armour.
 3929.630   dodge | You swing at giant bat who dodges your attack!
 3933.234 PROGRESS 153/160 {'hit': 0, 'glance': 83, 'dodge': 63, 'miss': 7, 'novel': 0} connect=0.954
 3934.353   miss  | You swing at giant bat!
 3939.082   glance| Your swing at giant bat hits, but glances off its armour.
 3943.807   dodge | You swing at giant bat who dodges your attack!
 3945.020 === heal cycle ===
 3952.633 --- buy healing ---
 3952.633     | *Combat Off*
 3952.633     | [HP=18]:[HP=19]:buy healing
 3952.633     | You hand over 106 copper farthings and all your wounds are healed.
 3952.633     | [HP=72]:
 3952.636 HP after healing = 72
 3955.444 --- refill purse ---
 3955.444     | /xcash 1100 copper
 3955.444     | [xcash] copper: 994 -> 1100; type 'i' to confirm.
 3955.444 returning to the bat in room 1506
 3961.857 target no longer there; resuming the sweep
 3993.566 room 1511: dark cultist present - leaving
 4006.542 room 1514: dark cleric present - leaving
 4006.544 === heal cycle ===
 4014.158 --- buy healing ---
 4014.158     | [HP=41]:buy healing
 4014.158     | You hand over 62 copper farthings and all your wounds are healed.
 4014.158     | [HP=72]:
 4014.160 HP after healing = 72
 4016.969 --- refill purse ---
 4016.969     | /xcash 1100 copper
 4016.969     | [xcash] copper: 1038 -> 1100; type 'i' to confirm.
 4049.045 room 1519: dark cultist present - leaving
 4068.478 room 1522: dark cultist present - leaving
 4068.481 === heal cycle ===
 4076.095 --- buy healing ---
 4076.095     | [HP=39]:buy healing
 4076.095     | You hand over 66 copper farthings and all your wounds are healed.
 4076.095     | [HP=72]:
 4076.098 HP after healing = 72
 4078.906 --- refill purse ---
 4078.906     | /xcash 1100 copper
 4078.906     | [xcash] copper: 1034 -> 1100; type 'i' to confirm.
 4117.352 room 1528: dark cleric present - leaving
 4123.777 === heal cycle ===
 4131.390 --- buy healing ---
 4131.390     | buy healing
 4131.390     | You hand over 66 copper farthings and all your wounds are healed.
 4131.390     | [HP=72]:
 4131.393 HP after healing = 72
 4134.201 --- refill purse ---
 4134.201     | /xcash 1100 copper
 4134.201     | [xcash] copper: 1034 -> 1100; type 'i' to confirm.
 4159.919 room 1560: grey spider present - leaving
 4172.758 room 1562: grey spider present - leaving
 4224.089 room 1570: grey spider present - leaving
 4236.775 room 1572: grey spider present - leaving
 4236.778 === heal cycle ===
 4244.402 --- buy healing ---
 4244.402     | buy healing
 4244.402     | You hand over 54 copper farthings and all your wounds are healed.
 4244.402     | [HP=72]:
 4244.405 HP after healing = 72
 4247.213 --- refill purse ---
 4247.213     | /xcash 1100 copper
 4247.213     | [xcash] copper: 1046 -> 1100; type 'i' to confirm.
 4279.293 room 1600: dark paladin present - leaving
 4446.570 room 1628: dark paladin present - leaving
 4498.062 room 1452: dark cultist present - leaving
 4498.065 === heal cycle ===
 4505.679 --- buy healing ---
 4505.679     | [HP=41]:buy healing
 4505.679     | You hand over 62 copper farthings and all your wounds are healed.
 4505.679     | [HP=72]:
 4505.683 HP after healing = 72
 4508.491 --- refill purse ---
 4508.491     | /xcash 1100 copper
 4508.491     | [xcash] copper: 1038 -> 1100; type 'i' to confirm.
 4508.491 === DONE: 156 swings {'hit': 0, 'glance': 84, 'dodge': 64, 'miss': 8, 'novel': 0} ===
 4508.492 connect (glance+hit) = 148/156 = 0.9487
 4514.474 --- logout ---
 4514.474     | x
 4514.474     | You will exit after a period of silent meditation.
 4514.474     | .............
 4514.474 done
