    6.896 === mortally wounded; dying deliberately to revive ===
  140.886 === recovered at HP 50 ===
  144.496 --- heal purse ---
  144.496     | /xcash 2000 copper
  144.496     | [xcash] copper: 0 -> 2000; type 'i' to confirm.
  152.519 healed to 50
  280.864 P0: no rat found this sweep; continuing
  288.894 healed to 50
  417.271 P0: no rat found this sweep; continuing
  545.547 P0: no rat found this sweep; continuing
  553.574 healed to 50
  681.915 P0: no rat found this sweep; continuing
  810.370 P0: no rat found this sweep; continuing
  818.454 healed to 50
  946.848 P0: no rat found this sweep; continuing
 1074.789 P0: no rat found this sweep; continuing
 1203.556 P0: no rat found this sweep; continuing
 1211.581 healed to 50
 1339.958 P0: no rat found this sweep; continuing
 1468.340 P0: no rat found this sweep; continuing
 1596.758 P2: no rat found this sweep; continuing
 1604.788 healed to 50
 1732.923 P2: no rat found this sweep; continuing
 1861.566 P2: no rat found this sweep; continuing
 1990.223 P2: no rat found this sweep; continuing
 2118.280 P2: no rat found this sweep; continuing
 2126.312 healed to 50
 2254.691 P2: no rat found this sweep; continuing
 2383.149 P2: no rat found this sweep; continuing
 2511.500 P2: no rat found this sweep; continuing
 2639.901 P2: no rat found this sweep; continuing
 2768.474 P2: no rat found this sweep; continuing
 2776.506 healed to 50
 2904.913 P1: no rat found this sweep; continuing
 3033.532 P1: no rat found this sweep; continuing
 3041.560 healed to 50
 3170.434 P1: no rat found this sweep; continuing
 3298.901 P1: no rat found this sweep; continuing
 3427.407 P1: no rat found this sweep; continuing
 3555.472 P1: no rat found this sweep; continuing
 3563.515 healed to 50
 3691.831 P1: no rat found this sweep; continuing
