    6.962 === config a2: target 'giant bat' ===
   10.688 --- inventory (pre-staging) ---
   10.688     | i
   10.688     | You are carrying 350 copper farthings, gilded robes (Torso), chain coif (Head),
   10.688     | displacer fur cloak (Back), beaded belt (Waist), violet orchid (Worn), black
   10.688     | shield (Off-Hand), darkwood ring (Finger), wooden hammer (Weapon Hand)
   10.688     | You have no keys.
   10.688     | Wealth: 350 copper farthings
   10.688     | Encumbrance: 937/2880 - Light [32%]
   10.688     | [HP=62]:
   17.135 --- zero runic ---
   17.136     | You feel ill.
   17.136     | [HP=52]:/xcash 0 runic
   17.136     | [xcash] runic: 0 -> 0; type 'i' to confirm.
   19.943 --- zero platinum ---
   19.943     | /xcash 0 platinum
   19.943     | [xcash] platinum: 0 -> 0; type 'i' to confirm.
   22.815 --- zero gold ---
   22.815     | /xcash 0 gold
   22.815     | [xcash] gold: 0 -> 0; type 'i' to confirm.
   25.621 --- zero silver ---
   25.621     | /xcash 0 silver
   25.621     | [xcash] silver: 0 -> 0; type 'i' to confirm.
   28.428 --- purse ---
   28.428     | /xcash 350 copper
   28.428     | [xcash] copper: 350 -> 350; type 'i' to confirm.
   32.033 --- STATS (accuracy inputs) ---
   32.034     | st
   32.034     | Name: Oracle Delver                    Lives/CP:      9/120
   32.034     | Race: Dwarf       Exp: 9700            Perception:     35
   32.034     | Class: Warrior    Level: 3             Stealth:         0
   32.034     | Hits:    52/72    Armour Class:  17/0  Thievery:        0
   32.034     |                                        Traps:           0
   32.034     |                                        Picklocks:       0
   32.034     | Strength:  50     Agility: 30          Tracking:        0
   32.034     | Intellect: 30     Health:  50          Martial Arts:   15
   32.034     | Willpower: 50     Charm:   30          MagicRes:       55
   32.034     | You are Poisoned!
   32.034     | You feel ill.
   32.034     | [HP=52]:
   35.639 --- INVENTORY (encumbrance) ---
   35.639     | i
   35.639     | You are carrying 350 copper farthings, gilded robes (Torso), chain coif (Head),
   35.639     | displacer fur cloak (Back), beaded belt (Waist), violet orchid (Worn), black
   35.639     | shield (Off-Hand), darkwood ring (Finger), wooden hammer (Weapon Hand)
   35.639     | You have no keys.
   35.639     | Wealth: 350 copper farthings
   35.639     | Encumbrance: 937/2880 - Light [32%]
   35.639     | [HP=52]:
   35.640 ENCUMBRANCE 937/2880 = 32%
   35.640 level 3, ratings -8, skill 4, accuracy 33, floor(acc/8) = 4, predicted parry 0.5
   35.640 predicted to-hit vs giant bat (AC 10): port as written = 0.8585858585858586, if template ac needs /10 = 0.98989898989899
   35.640 max HP 72; fight floor 21, sweep floor 50
   54.969 room 1453: dark cultist present - leaving
   54.969 === heal cycle ===
   62.582 --- buy healing ---
   62.582     | buy healing
   62.582     | You hand over 122 copper farthings and all your wounds are healed.
   62.582     | [HP=72]:
   62.582 HP after healing = 72
   65.446 --- refill purse ---
   65.446     | /xcash 350 copper
   65.446     | [xcash] copper: 228 -> 350; type 'i' to confirm.
  129.797 room 1463: dark priest present - leaving
  129.797 === heal cycle ===
  137.422 --- buy healing ---
  137.422     | buy healing
  137.422     | You hand over 66 copper farthings and all your wounds are healed.
  137.422     | [HP=72]:
  137.423 HP after healing = 72
  140.228 --- refill purse ---
  140.228     | /xcash 350 copper
  140.228     | [xcash] copper: 284 -> 350; type 'i' to confirm.
  146.818 === engaging giant bat in room 1464 ===
  151.227 PROGRESS 0
  167.815 target gone - relocating
  187.003 === engaging giant bat in room 1467 ===
  211.625 PROGRESS 0
  230.289 === heal cycle ===
  237.902 --- buy healing ---
  237.902     | buy healing
  237.902     | You hand over 124 copper farthings and all your wounds are healed.
  237.902     | [HP=72]:
  237.903 HP after healing = 72
  240.754 --- refill purse ---
  240.754     | /xcash 350 copper
  240.754     | [xcash] copper: 226 -> 350; type 'i' to confirm.
  240.754 returning to the bat in room 1467
  247.134 target no longer there; resuming the sweep
  266.623 room 1470: grey spider present - leaving
  311.344 === engaging giant bat in room 1477 ===
  315.722   dodge | You swing at giant bat who dodges your attack!
  315.722 PROGRESS 1/85 {'hit': 0, 'glance': 0, 'dodge': 1, 'miss': 0, 'novel': 0} connect=1.000
  346.524 target gone - relocating
  346.525 === heal cycle ===
  354.355 --- buy healing ---
  354.355     | buy healing
  354.355     | You hand over 56 copper farthings and all your wounds are healed.
  354.355     | [HP=72]:
  354.355 HP after healing = 72
  357.274 --- refill purse ---
  357.274     | /xcash 350 copper
  357.274     | [xcash] copper: 294 -> 350; type 'i' to confirm.
  357.274 returning to the bat in room 1477
  363.732 target no longer there; resuming the sweep
  408.788 room 1485: dark cultist present - leaving
  415.202 === engaging giant bat in room 1486 ===
  419.571   dodge | You swing at giant bat who dodges your attack!
  419.571 PROGRESS 2/85 {'hit': 0, 'glance': 0, 'dodge': 2, 'miss': 0, 'novel': 0} connect=1.000
  444.248 target gone - relocating
  488.953 room 1493: grey spider present - leaving
  508.439 room 1496: grey spider present - leaving
  553.679 room 1503: grey spider present - leaving
  579.093 === engaging giant bat in room 1507 ===
  583.644 PROGRESS 2/85 {'hit': 0, 'glance': 0, 'dodge': 2, 'miss': 0, 'novel': 0} connect=1.000
  584.723   dodge | You swing at giant bat who dodges your attack!
  590.800   glance| Your swing at giant bat hits, but glances off its armour.
  596.830   dodge | You swing at giant bat who dodges your attack!
  601.555   glance| Your swing at giant bat hits, but glances off its armour.
  606.322   miss  | You swing at giant bat!
  611.099   glance| Your swing at giant bat hits, but glances off its armour.
  617.042   dodge | You swing at giant bat who dodges your attack!
  632.633 === heal cycle ===
  640.350 --- buy healing ---
  640.351     | buy healing
  640.351     | You hand over 110 copper farthings and all your wounds are healed.
  640.351     | [HP=72]:
  640.351 HP after healing = 72
  643.260 --- refill purse ---
  643.260     | /xcash 350 copper
  643.260     | [xcash] copper: 240 -> 350; type 'i' to confirm.
  643.260 returning to the bat in room 1507
  654.225 PROGRESS 9/85 {'hit': 0, 'glance': 3, 'dodge': 5, 'miss': 1, 'novel': 0} connect=0.889
  657.749   miss  | You swing at giant bat!
  663.657   glance| Your swing at giant bat hits, but glances off its armour.
  668.358   glance| Your swing at giant bat hits, but glances off its armour.
  673.086   glance| Your swing at giant bat hits, but glances off its armour.
  678.991   glance| Your swing at giant bat hits, but glances off its armour.
  683.701   dodge | You swing at giant bat who dodges your attack!
  689.625   dodge | You swing at giant bat who dodges your attack!
  694.330   dodge | You swing at giant bat who dodges your attack!
  699.056   miss  | You swing at giant bat!
  703.792   miss  | You swing at giant bat!
  709.688   miss  | You swing at giant bat!
  714.448   miss  | You swing at giant bat!
  714.448 PROGRESS 21/85 {'hit': 0, 'glance': 7, 'dodge': 8, 'miss': 6, 'novel': 0} connect=0.714
  720.349   dodge | You swing at giant bat who dodges your attack!
  725.167   glance| Your swing at giant bat hits, but glances off its armour.
  729.896   dodge | You swing at giant bat who dodges your attack!
  734.635   miss  | You swing at giant bat!
  740.559   glance| Your swing at giant bat hits, but glances off its armour.
  745.265   dodge | You swing at giant bat who dodges your attack!
  749.992   miss  | You swing at giant bat!
  755.925   dodge | You swing at giant bat who dodges your attack!
  755.926 === heal cycle ===
  763.543 --- buy healing ---
  763.543     | *Combat Off*
  763.543     | [HP=17]:buy healing
  763.543     | You hand over 110 copper farthings and all your wounds are healed.
  763.543     | [HP=72]:
  763.543 HP after healing = 72
  766.353 --- refill purse ---
  766.353     | /xcash 350 copper
  766.353     | [xcash] copper: 240 -> 350; type 'i' to confirm.
  766.353 returning to the bat in room 1507
  777.184 PROGRESS 29/85 {'hit': 0, 'glance': 9, 'dodge': 12, 'miss': 8, 'novel': 0} connect=0.724
  781.884   glance| Your swing at giant bat hits, but glances off its armour.
  786.633   glance| Your swing at giant bat hits, but glances off its armour.
  791.368   dodge | You swing at giant bat who dodges your attack!
  796.124   dodge | You swing at giant bat who dodges your attack!
  802.038   glance| Your swing at giant bat hits, but glances off its armour.
  806.769   glance| Your swing at giant bat hits, but glances off its armour.
  811.491   glance| Your swing at giant bat hits, but glances off its armour.
  817.397   dodge | You swing at giant bat who dodges your attack!
  822.129   glance| Your swing at giant bat hits, but glances off its armour.
  826.849   miss  | You swing at giant bat!
  832.780   miss  | You swing at giant bat!
  837.513   miss  | You swing at giant bat!
  837.513 PROGRESS 41/85 {'hit': 0, 'glance': 15, 'dodge': 15, 'miss': 11, 'novel': 0} connect=0.732
  843.415   glance| Your swing at giant bat hits, but glances off its armour.
  848.146   glance| Your swing at giant bat hits, but glances off its armour.
  852.873   dodge | You swing at giant bat who dodges your attack!
  857.602   dodge | You swing at giant bat who dodges your attack!
  863.535   dodge | You swing at giant bat who dodges your attack!
  863.535 === heal cycle ===
  871.152 --- buy healing ---
  871.152     | *Combat Off*
  871.152     | [HP=16]:buy healing
  871.152     | You hand over 112 copper farthings and all your wounds are healed.
  871.152     | [HP=72]:
  871.153 HP after healing = 72
  873.963 --- refill purse ---
  873.963     | /xcash 350 copper
  873.963     | [xcash] copper: 238 -> 350; type 'i' to confirm.
  873.963 returning to the bat in room 1507
  889.561   dodge | You swing at giant bat who dodges your attack!
  894.264   dodge | You swing at giant bat who dodges your attack!
  897.874 PROGRESS 48/85 {'hit': 0, 'glance': 17, 'dodge': 20, 'miss': 11, 'novel': 0} connect=0.771
  898.966   dodge | You swing at giant bat who dodges your attack!
  903.692   glance| Your swing at giant bat hits, but glances off its armour.
  909.627   glance| Your swing at giant bat hits, but glances off its armour.
  914.362   glance| Your swing at giant bat hits, but glances off its armour.
  919.083   miss  | You swing at giant bat!
  924.991   miss  | You swing at giant bat!
  929.690   glance| Your swing at giant bat hits, but glances off its armour.
  934.391   glance| Your swing at giant bat hits, but glances off its armour.
  940.297   dodge | You swing at giant bat who dodges your attack!
  945.030   dodge | You swing at giant bat who dodges your attack!
  950.965   miss  | You swing at giant bat!
  955.669   dodge | You swing at giant bat who dodges your attack!
  958.075 PROGRESS 60/85 {'hit': 0, 'glance': 22, 'dodge': 24, 'miss': 14, 'novel': 0} connect=0.767
  960.368   dodge | You swing at giant bat who dodges your attack!
  966.293   dodge | You swing at giant bat who dodges your attack!
  971.022   dodge | You swing at giant bat who dodges your attack!
  975.753   dodge | You swing at giant bat who dodges your attack!
  980.479   dodge | You swing at giant bat who dodges your attack!
  986.386   dodge | You swing at giant bat who dodges your attack!
  991.089   glance| Your swing at giant bat hits, but glances off its armour.
  995.814   miss  | You swing at giant bat!
  997.021 === heal cycle ===
 1004.642 --- buy healing ---
 1004.642     | *Combat Off*
 1004.642     | [HP=19]:buy healing
 1004.642     | You hand over 106 copper farthings and all your wounds are healed.
 1004.642     | [HP=72]:
 1004.642 HP after healing = 72
 1007.453 --- refill purse ---
 1007.454     | /xcash 350 copper
 1007.454     | [xcash] copper: 244 -> 350; type 'i' to confirm.
 1007.454 returning to the bat in room 1507
 1018.317 PROGRESS 68/85 {'hit': 0, 'glance': 23, 'dodge': 30, 'miss': 15, 'novel': 0} connect=0.779
 1021.841   dodge | You swing at giant bat who dodges your attack!
 1026.543   glance| Your swing at giant bat hits, but glances off its armour.
 1032.474   dodge | You swing at giant bat who dodges your attack!
 1037.207   dodge | You swing at giant bat who dodges your attack!
 1043.139   glance| Your swing at giant bat hits, but glances off its armour.
 1047.868   miss  | You swing at giant bat!
 1052.596   glance| Your swing at giant bat hits, but glances off its armour.
 1058.503   dodge | You swing at giant bat who dodges your attack!
 1063.228   glance| Your swing at giant bat hits, but glances off its armour.
 1067.933   miss  | You swing at giant bat!
 1073.870   glance| Your swing at giant bat hits, but glances off its armour.
 1078.594   glance| Your swing at giant bat hits, but glances off its armour.
 1078.594 PROGRESS 80/85 {'hit': 0, 'glance': 29, 'dodge': 34, 'miss': 17, 'novel': 0} connect=0.787
 1083.306   dodge | You swing at giant bat who dodges your attack!
 1083.306 === heal cycle ===
 1091.030 --- buy healing ---
 1091.030     | *Combat Off*
 1091.030     | [HP=20]:buy healing
 1091.030     | You hand over 104 copper farthings and all your wounds are healed.
 1091.030     | [HP=72]:
 1091.031 HP after healing = 72
 1093.849 --- refill purse ---
 1093.850     | /xcash 350 copper
 1093.850     | [xcash] copper: 246 -> 350; type 'i' to confirm.
 1093.850 returning to the bat in room 1507
 1109.239   glance| Your swing at giant bat hits, but glances off its armour.
 1113.966   glance| Your swing at giant bat hits, but glances off its armour.
 1119.870   dodge | You swing at giant bat who dodges your attack!
 1124.600   glance| Your swing at giant bat hits, but glances off its armour.
 1124.600 === DONE: 85 swings {'hit': 0, 'glance': 32, 'dodge': 36, 'miss': 17, 'novel': 0} ===
 1124.601 connect (glance+hit) = 68/85 = 0.8000
 1130.527 --- logout ---
 1130.527     | x
 1130.527     | *Combat Off*
 1130.527     | [HP=60]:You will exit after a period of silent meditation.
 1130.527     | .......Your meditation has been interrupted - you may not exit now!
 1130.527     | [HP=60]:The giant bat bites you for 2 damage!
 1130.527     | [HP=58]:
 1130.527 done
