    6.833 === config control: target 'grey spider' ===
    6.836 === character is down; dying deliberately to revive ===
  166.212 === recovered at HP 44 ===
  171.821 --- inventory (pre-staging) ---
  171.821     | i
  171.821     | You are carrying smoky black talisman
  171.821     | You have no keys.
  171.821     | Wealth: 0 copper farthings
  171.821     | Encumbrance: 50/2880 - None [1%]
  171.821     | [HP=44]:
  175.091 --- summon gilded robes ---
  175.091     | sysop summon gilded robes
  175.091     | gilded robes conjured.
  175.091     | [HP=44]:
  178.300 --- summon chain coif ---
  178.300     | sysop summon chain coif
  178.300     | chain coif conjured.
  178.300     | [HP=44]:
  181.311 --- summon displacer fur cloak ---
  181.311     | sysop summon displacer fur cloak
  181.311     | displacer fur cloak conjured.
  181.311     | [HP=44]:
  184.677 --- summon beaded belt ---
  184.677     | sysop summon beaded belt
  184.677     | beaded belt conjured.
  184.677     | [HP=44]:
  187.747 --- summon violet orchid ---
  187.747     | sysop summon violet orchid
  187.747     | violet orchid conjured.
  187.747     | [HP=44]:
  190.783 --- summon wooden hammer ---
  190.783     | sysop summon wooden hammer
  190.783     | wooden hammer conjured.
  190.783     | [HP=44]:
  193.990 --- wear gilded robes ---
  193.990     | wear gilded robes
  193.990     | You are now wearing gilded robes.
  193.990     | [HP=44]:
  197.197 --- wear chain coif ---
  197.197     | wear chain coif
  197.197     | You are now wearing chain coif.
  197.197     | [HP=44]:
  200.405 --- wear displacer fur cloak ---
  200.405     | wear displacer fur cloak
  200.405     | You are now wearing displacer fur cloak.
  200.405     | [HP=44]:
  203.613 --- wear beaded belt ---
  203.613     | wear beaded belt
  203.613     | You are now wearing beaded belt.
  203.613     | [HP=54]:
  206.820 --- wear violet orchid ---
  206.821     | The smell of incense wafts faintly in the air.
  206.821     | wear violet orchid
  206.821     | You are now wearing violet orchid.
  206.821     | [HP=64]:
  210.029 --- wear smoky black talisman ---
  210.029     | wear smoky black talisman
  210.029     | You are now wearing smoky black talisman.
  210.029     | [HP=64]:
  213.242 --- wield wooden hammer ---
  213.242     | wield wooden hammer
  213.242     | You are now holding wooden hammer.
  213.242     | This weapon feels heavy in your hands.
  213.242     | [HP=64]:
  216.046 --- zero runic ---
  216.046     | /xcash 0 runic
  216.046     | [xcash] runic: 0 -> 0; type 'i' to confirm.
  218.849 --- zero platinum ---
  218.849     | /xcash 0 platinum
  218.849     | [xcash] platinum: 0 -> 0; type 'i' to confirm.
  221.651 --- zero gold ---
  221.651     | /xcash 0 gold
  221.652     | [xcash] gold: 0 -> 0; type 'i' to confirm.
  224.455 --- zero silver ---
  224.458     | /xcash 0 silver
  224.458     | [xcash] silver: 0 -> 0; type 'i' to confirm.
  227.263 --- purse ---
  227.263     | /xcash 600 copper
  227.263     | [xcash] copper: 0 -> 600; type 'i' to confirm.
  230.899 --- STATS (accuracy inputs) ---
  230.899     | st
  230.899     | Name: Oracle Delver                    Lives/CP:      6/110
  230.899     | Race: Dwarf       Exp: 2200            Perception:     35
  230.899     | Class: Warrior    Level: 2             Stealth:         0
  230.899     | Hits:    64/64    Armour Class:   0/0  Thievery:        0
  230.899     |                                        Traps:           0
  230.899     |                                        Picklocks:       0
  230.899     | Strength:  50     Agility: 30          Tracking:        0
  230.899     | Intellect: 30     Health:  50          Martial Arts:   15
  230.899     | Willpower: 50     Charm:   30          MagicRes:       55
  230.899     | [HP=64]:The smell of incense wafts faintly in the air.
  234.505 --- INVENTORY (encumbrance) ---
  234.505     | i
  234.505     | You are carrying 600 copper farthings, gilded robes (Torso), chain coif (Head),
  234.505     | displacer fur cloak (Back), beaded belt (Waist), violet orchid (Worn), smoky
  234.505     | black talisman (Neck), wooden hammer (Weapon Hand)
  234.505     | You have no keys.
  234.505     | Wealth: 600 copper farthings
  234.505     | Encumbrance: 711/2880 - Light [24%]
  234.505     | [HP=64]:
  234.505 ENCUMBRANCE 711/2880 = 24%
  234.505 level 2, ratings -20, skill -7, accuracy 23, floor(acc/8) = 2, predicted parry 0.0
  234.505 predicted to-hit vs grey spider (AC 20): port as written = 0.1, if template ac needs /10 = 0.99
  234.505 max HP 64; fight floor 28, sweep floor 44
  253.856 room 1453: dark cultist present - leaving
  253.857 === heal cycle ===
  261.464 --- buy healing ---
  261.464     | buy healing
  261.464     | You hand over 52 copper farthings and all your wounds are healed.
  261.464     | [HP=64]:
  261.465 HP after healing = 64
  325.311 room 1463: dark cultist present - leaving
  325.311 === heal cycle ===
  332.919 --- buy healing ---
  332.919     | buy healing
  332.919     | You hand over 46 copper farthings and all your wounds are healed.
  332.919     | [HP=64]:
  332.919 HP after healing = 64
  358.609 === engaging grey spider in room 1467 ===
  363.181 PROGRESS 0
  366.737   miss  | You swing at big grey spider!
  371.562   miss  | You swing at big grey spider!
  376.314   miss  | You swing at big grey spider!
  382.260   miss  | You swing at big grey spider!
  382.261 === heal cycle ===
  389.876 --- buy healing ---
  389.876     | *Combat Off*
  389.876     | [HP=22]:[HP=23]:buy healing
  389.876     | You hand over 82 copper farthings and all your wounds are healed.
  389.876     | [HP=64]:
  389.876 HP after healing = 64
  389.876 returning to the spider in room 1467
  402.790   glance| Your swing at big grey spider hits, but glances off its armour.
  407.512   miss  | You swing at big grey spider!
  413.441   glance| Your swing at big grey spider hits, but glances off its armour.
  418.176   miss  | You swing at big grey spider!
  418.176 === heal cycle ===
  425.787 --- buy healing ---
  425.787     | *Combat Off*
  425.787     | [HP=26]:buy healing
  425.787     | You hand over 76 copper farthings and all your wounds are healed.
  425.787     | [HP=64]:
  425.787 HP after healing = 64
  425.787 returning to the spider in room 1467
  436.442 PROGRESS 8/80 {'hit': 0, 'glance': 2, 'dodge': 0, 'miss': 6, 'novel': 0} connect=0.250
  439.041   miss  | You swing at big grey spider!
  443.767   miss  | You swing at big grey spider!
  448.498   miss  | You swing at big grey spider!
  453.218   miss  | You swing at big grey spider!
  459.126   miss  | You swing at big grey spider!
  459.126 === heal cycle ===
  466.734 --- buy healing ---
  466.734     | *Combat Off*
  466.734     | [HP=23]:buy healing
  466.734     | You hand over 82 copper farthings and all your wounds are healed.
  466.734     | [HP=64]:
  466.735 HP after healing = 64
  466.735 returning to the spider in room 1467
  479.741   miss  | You swing at big grey spider!
  484.474   miss  | You swing at big grey spider!
  484.474 === heal cycle ===
  492.083 --- buy healing ---
  492.083     | *Combat Off*
  492.083     | [HP=22]:buy healing
  492.083     | You hand over 84 copper farthings and all your wounds are healed.
  492.083     | [HP=64]:
  492.083 HP after healing = 64
  492.083 returning to the spider in room 1467
  502.847 PROGRESS 15/80 {'hit': 0, 'glance': 2, 'dodge': 0, 'miss': 13, 'novel': 0} connect=0.133
  505.111   miss  | You swing at big grey spider!
  509.855   miss  | You swing at big grey spider!
  511.097 === heal cycle ===
  518.705 --- buy healing ---
  518.705     | *Combat Off*
  518.705     | [HP=19]:buy healing
  518.705     | You hand over 90 copper farthings and all your wounds are healed.
  518.705     | [HP=64]:
  518.706 HP after healing = 64
  518.706 returning to the spider in room 1467
  532.006   miss  | You swing at big grey spider!
  536.800   miss  | You swing at big grey spider!
  541.616   miss  | You swing at big grey spider!
  541.616 === heal cycle ===
  549.275 --- buy healing ---
  549.275     | *Combat Off*
  549.275     | [HP=16]:buy healing
  549.275     | You do not have sufficient funds to buy full healing!
  549.275     | [HP=16]:
  549.276 HP after healing = 16
  549.276 returning to the spider in room 1467
  558.791 === heal cycle ===
  566.351 --- buy healing ---
  566.351     | buy healing
  566.351     | You do not have sufficient funds to buy full healing!
  566.351     | [HP=12]:
  566.352 HP after healing = 12
  566.352 returning to the spider in room 1467
  575.869 MORTALLY WOUNDED - aborting the run
  575.869 === DONE: 20 swings {'hit': 0, 'glance': 2, 'dodge': 0, 'miss': 18, 'novel': 0} ===
  575.869 connect (glance+hit) = 2/20 = 0.1000
  581.475 --- logout ---
  581.475     | The big grey spider bites you for 6 damage!
  581.475     | [HP=-18]:x
  581.475     | You may not exit MajorMud while you are mortally wounded!
  581.475     | [HP=-18]:
  581.475 done
