   10.459 --- heal purse ---
   10.460     | /xcash 2000 copper
   10.460     | [xcash] copper: 0 -> 2000; type 'i' to confirm.
   17.682 --- summon flurry of blades ---
   17.682     | sysop summon flurry of blades
   17.682     | You must choose a valid race. [ ? for help ]
   21.292 --- wield flurry of blades ---
   21.292     | wield flurry of blades
   21.292     | You must choose a valid race. [ ? for help ]
  159.385 P0: no rat found this sweep; continuing
  297.489 P0: no rat found this sweep; continuing
  435.587 P0: no rat found this sweep; continuing
  573.665 P0: no rat found this sweep; continuing
  711.753 P0: no rat found this sweep; continuing
  849.811 P0: no rat found this sweep; continuing
  987.914 P0: no rat found this sweep; continuing
 1125.989 P0: no rat found this sweep; continuing
 1264.065 P0: no rat found this sweep; continuing
 1402.181 P0: no rat found this sweep; continuing
 1540.274 P2: no rat found this sweep; continuing
 1678.366 P2: no rat found this sweep; continuing
 1816.441 P2: no rat found this sweep; continuing
 1954.549 P2: no rat found this sweep; continuing
 2092.636 P2: no rat found this sweep; continuing
 2230.723 P2: no rat found this sweep; continuing
 2368.858 P2: no rat found this sweep; continuing
 2506.954 P2: no rat found this sweep; continuing
 2645.127 P2: no rat found this sweep; continuing
 2783.294 P2: no rat found this sweep; continuing
 2921.488 P1: no rat found this sweep; continuing
 3059.629 P1: no rat found this sweep; continuing
 3197.845 P1: no rat found this sweep; continuing
 3335.955 P1: no rat found this sweep; continuing
 3474.047 P1: no rat found this sweep; continuing
 3612.148 P1: no rat found this sweep; continuing
