1784347771.387 !! driver connected raw=/home/daniel/bbs/re/oracle/oracle_mcast_kaimon.raw
1784347771.390 RX ╔══════════════════════════════════════════════════════════╗
1784347771.390 RX ║█████████████████▄███████▄███████▄████████████████████████║
1784347771.390 RX ║██████████████▀▀██████▀▀██████▀▀▀▀███▀▀▀▀█████████████████║
1784347771.390 RX ║██████████████████▀███████▀███████████████████████████████║
1784347771.390 RX ║███▀███▀██████▀▀██████▀▀███▀▀▀▀██████▀▀▀████▀███▀█████████║
1784347771.390 RX ║████▀▀▀███████████▀███████▀██████████████████▀▀▀████▀████▀║
1784347771.390 RX ║▀▀▀█████▀▀▀▀▀▀▀▀▀▀█▀▀▀▀▀▀▀█▀▀▀▀▀▀▀▀▀▀▀▀▀▀▀▀▀█████▀▀▀█▀▀▀▀▀║
1784347771.390 RX ║██████████████╘═╡ The MajorBBS Emulator ╞═╛███████████████║
1784347771.390 RX ║████████████████│ By: MBBSEmu Community │█████████████████║
1784347771.390 RX ║                │https://www.mbbsemu.com│                 ║
1784347771.390 RX ╚══════════════════════════════════════════════════════════╝
1784347771.390 RX  
1784347771.390 RX Enter Username or enter "NEW" to create a new Account
1784347771.890 PART Username:  ²
1784347774.376 TX Kaimon
1784347774.845 RX Kaimon
1784347774.846 PART Password: 
1784347776.876 TX test123
1784347777.310 RX *******
1784347777.311 RX 
1784347777.311 RX Fantasy awaits you in MajorMUD v1.11p-WG!
1784347777.311 RX 
1784347777.311 RX 
1784347777.311 RX Please select one of the following:
1784347777.311 RX 
1784347777.312 RX    A ... MajorMUD
1784347777.312 RX 
1784347777.312 RX Main Menu
1784347777.312 PART Make your selection (X to exit): 
1784347779.376 TX A
1784347779.890 RX A
1784347779.891 RX 
1784347779.891 RX  M A J O R  M U D v1.11p-WG (Dec 30 2005 14:20:05)
1784347779.891 RX {Realm Of Legends}
1784347779.891 RX *ANSI RECOMMENDED*
1784347779.891 RX 
1784347779.891 RX [E] . Enter the Realm
1784347779.891 RX [H] . Help
1784347779.891 RX [A] . About the Game
1784347779.891 RX [C] . Game Counts
1784347779.891 RX [T] . Topten Adventurers
1784347779.891 RX [G] . Topten Gangs
1784347779.891 RX [W] . Who's in the Realm
1784347779.891 RX [R] . Release Notes
1784347779.891 RX [I] . Information
1784347779.891 RX [X] . Exit Game
1784347779.891 RX 
1784347779.891 PART [MAJORMUD]: 
1784347781.877 TX E
1784347781.878 RX E
1784347781.881 RX 
1784347781.881 RX MajorMUD - ROL
1784347781.881 RX 
1784347781.881 RX =-=-=-=-=-=-=-=-=-=-=-=-=-=-=-=-=-=-=-=-=-=-=-=-=-=-=-=-=-=-=-=-=-=-=-=-=-=-=
1784347781.881 RX 
1784347781.882 RX Newhaven, Adventurer's Guild
1784347781.882 RX     This nicely crafted room is well furnished and decorated with things that
1784347781.882 RX you have never seen before, from strange exotic weapons, to swirling vials of
1784347781.882 RX liquid. A well toned man, stands in front of a practice mat with his arms
1784347781.882 RX crossed. He stands up lightly at your approach, looks you up and down, and
1784347781.882 RX breaks into a lopsided grin. 
1784347781.883 RX Obvious exits: south
1784347781.883 PART [HP=35/KAI=2]:
1784347809.915 TX s
1784347809.916 RX s
1784347810.337 RX Newhaven, Narrow Road
1784347810.337 RX     This narrow road is quite plain save for the various lanterns hanging from
1784347810.337 RX the trees around, and a large stone stairwell leading downwards. You hear the
1784347810.337 RX clash of steel below you, and cries of pain and triumph accompanying it. Stone
1784347810.337 RX buildings lie to your north and west. 
1784347810.337 RX Obvious exits: north, east, west, down
1784347810.337 PART [HP=35/KAI=2]:
1784347811.715 TX e
1784347812.527 RX e
1784347813.515 TX e
1784347813.570 RX Newhaven, Narrow Path
1784347813.571 RX     This narrow path is fairly plain, save for the small lanterns hanging from
1784347813.571 RX the trees around. North of you lies a strangely decorated shop, and a beat-up
1784347813.571 RX shack labeled "General Store" lies to your south. The path leads east and west
1784347813.571 RX from here. 
1784347813.571 RX Obvious exits: north, south, east, west
1784347813.571 RX [HP=35/KAI=2]:e
1784347815.044 RX Newhaven, Village Entrance
1784347815.044 RX     Welcome to Newhaven! You are standing at the crude wooden gates of the
1784347815.044 RX village entrance, in the middle of a dusty path. A low wooden palisade
1784347815.044 RX surrounds the village, to protect against creatures of the night and random
1784347815.044 RX raiders. You can see small buildings to the north and south, and a dusty path
1784347815.044 RX that leads to the west and southeast. 
1784347815.069 RX You notice large sign, newbie manual here.
1784347815.070 RX Obvious exits: north, south, west, southeast
1784347815.315 TX se
1784347815.317 RX [HP=35/KAI=2]:se
1784347817.115 TX s
1784347817.632 RX Newhaven, Forest Path
1784347817.632 RX     The trees become very thick around you now, and you can barely see where
1784347817.632 RX you're going due to the only light source being from the village behind you and
1784347817.632 RX the light shining through the trees. You hear the sound of rippling water south
1784347817.632 RX of here. 
1784347817.632 RX Obvious exits: south, northwest
1784347817.634 RX [HP=35/KAI=2]:s
1784347818.675 RX You hear movement to the south.
1784347818.676 RX [HP=35/KAI=2]:Newhaven, Docks
1784347818.676 RX     You stand at the southernmost edge of Newhaven. The view from here is
1784347818.676 RX amazing. As you stare out across the Silver river you behold such sights as the
1784347818.676 RX notorious Port Blackwater to the west, and the fabled town of Silvermere
1784347818.676 RX southwards. A large half-shaven man sits off in the corner, with what looks to
1784347818.676 RX be a fishing rod, and there are a number of small skiffs tied to the dock for
1784347818.676 RX use in reaching the docks of Silvermere. 
1784347818.676 RX Also here: ferryman.
1784347818.676 RX Obvious exits: north
1784347818.915 TX row skiff
1784347818.921 RX [HP=35/KAI=2]:row skiff
1784347818.946 RX You climb into one of the skiffs, and row to Silvermere.
1784347818.947 RX Small Pier
1784347818.947 RX     This is a small, haphazardly constructed wooden pier, supported by rotting
1784347818.947 RX pillars over the swift waters of the river. Tied to the far end are a
1784347818.947 RX half-dozen skiffs of varying size. 
1784347818.947 RX Obvious exits: north, south
1784347818.947 PART [HP=35/KAI=2]:[HP=35/KAI=2]:
1784347830.807 TX s
1784347830.812 RX s
1784347831.371 RX Docks
1784347831.371 RX     This is a cobblestoned street. It is dimly lit by guttering lanterns hung
1784347831.371 RX from tall posts. There are large open crates piled here, all empty. The boat
1784347831.371 RX berths are empty also, echoing the effect of the recent decrease in traffic to
1784347831.371 RX and from Silvermere. A small wooden pier pokes out into the river to the north.
1784347831.371 RX 
1784347831.371 RX Obvious exits: north, south
1784347831.371 PART [HP=35/KAI=2]:
1784347832.607 TX s
1784347832.608 RX s
1784347834.056 RX Docks
1784347834.056 RX     This is a cobblestoned street. It is dimly lit by guttering lanterns hung
1784347834.056 RX from tall posts. There are large open crates piled here, all empty. The boat
1784347834.056 RX berths are empty also, echoing the effect of the recent decrease in traffic to
1784347834.056 RX and from Silvermere. 
1784347834.056 RX Obvious exits: north, south, east, west
1784347834.407 TX e
1784347834.409 RX [HP=35/KAI=2]:e
1784347835.067 RX Docks
1784347835.067 RX     This is a cobblestoned street. It is dimly lit by guttering lanterns hung
1784347835.067 RX from tall posts. To the west you can see Wharf street, and to the east there is
1784347835.067 RX a small, run-down shack. From the look of it, it looks to be a caretaker's
1784347835.067 RX house of some sort. River street runs parallel to Wharf street to the south.
1784347835.067 RX Off to the north, a rickety boat launch juts out into the fast-flowing waters
1784347835.067 RX of the Silver river. 
1784347835.067 RX Obvious exits: north, south, east, west
1784347835.067 PART [HP=35/KAI=2]:
1784347836.208 TX n
1784347837.026 RX n
1784347838.008 TX n
1784347838.071 RX Pier
1784347838.071 RX     This is a small, haphazardly constructed wooden pier, supported by rotting
1784347838.071 RX pillars over the swift waters of the river. Tied to the far end are a
1784347838.071 RX half-dozen skiffs of varying size. A seedy-looking man sits on the edge of the
1784347838.071 RX launch, his feet dangling dangerously close to the water's surface. 
1784347838.072 RX Also here: boatman.
1784347838.072 RX Obvious exits: north, south
1784347838.072 RX [HP=35/KAI=2]:n
1784347839.460 RX Pier, Boat Launch
1784347839.461 RX     This is a small, haphazardly constructed wooden pier, supported by rotting
1784347839.461 RX pillars over the swift waters of the river. Tied to the end are a half-dozen
1784347839.461 RX skiffs of varying size. To the north, the Silver river's glittering length runs
1784347839.461 RX perilously fast. 
1784347839.461 RX Obvious exits: north, south
1784347839.808 TX look
1784347839.810 RX [HP=35/KAI=2]:look
1784347839.811 RX Pier, Boat Launch
1784347839.811 RX     This is a small, haphazardly constructed wooden pier, supported by rotting
1784347839.811 RX pillars over the swift waters of the river. Tied to the end are a half-dozen
1784347839.811 RX skiffs of varying size. To the north, the Silver river's glittering length runs
1784347839.811 RX perilously fast. 
1784347839.811 RX Obvious exits: north, south
1784347839.811 PART [HP=35/KAI=2]:
1784347854.763 TX n
1784347854.764 RX n
1784347855.211 RX The Silver River, Silvermere Docks
1784347855.211 RX     The rapid currents of the river make it perilous to travel, even in a
1784347855.211 RX suitable vessel, as it is filled with strange water-dwellers. The shimmering
1784347855.211 RX silvery surface of the water gives the river its namesake. To the north, you
1784347855.211 RX can see the gravelly beach of a large island poking out of the middle of the
1784347855.211 RX river, and to the south, the seldom-used port of Silvermere. The river flows
1784347855.211 RX quickly downstream to the west, and upstream to the east. 
1784347855.211 RX Obvious exits: north, south, east, west
1784347855.763 TX n
1784347855.764 RX [HP=35/KAI=2]:n
1784347857.082 RX Island, Beach Landing
1784347857.083 RX     This is a gravelly beach bordering a small, sheltered lagoon. Off across
1784347857.083 RX the raging river, you can see the port-side of the city of Silvermere. The
1784347857.083 RX beach continues off to the east and west, curving around the sheer rock face
1784347857.083 RX which towers above you. 
1784347857.083 RX Obvious exits: south, east, west
1784347857.083 PART [HP=35/KAI=2]:
1784347868.593 TX e
1784347868.595 RX e
1784347869.331 RX Gravelly Beach
1784347869.332 RX     This is a gravelly beach, curving around the sheer rock face to the north.
1784347869.332 RX Bits of shell and bone litter the beach, and if there is any plant life, you
1784347869.332 RX certainly cannot find it. In fact, there is a noticeable lack of life signs
1784347869.332 RX throughout this whole area, and you get the feeling that even the animals that
1784347869.332 RX may have inhabited this island have abandoned it. The beach continues to the
1784347869.332 RX northeast, and a small lagoon is to the west. 
1784347869.332 RX Obvious exits: west, northeast
1784347870.193 TX ne
1784347870.195 RX [HP=35/KAI=2]:ne
1784347870.857 RX Gravelly Beach
1784347870.858 RX     This is a gravelly beach, curving around the sheer rock face to the north.
1784347870.858 RX Bits of shell and bone litter the beach, and if there is any plant life, you
1784347870.858 RX certainly cannot find it. In fact, there is a noticeable lack of life signs
1784347870.858 RX throughout this whole area, and you get the feeling that even the animals that
1784347870.858 RX may have inhabited this island have abandoned it. The beach continues to the
1784347870.858 RX northeast and southwest. 
1784347870.858 RX Obvious exits: northeast, southwest
1784347871.794 TX ne
1784347871.795 RX [HP=35/KAI=2]:ne
1784347873.394 TX go crack
1784347873.623 RX Beach's End
1784347873.624 RX     This is a gravelly beach, curving around the sheer rock face to the north.
1784347873.624 RX Bits of shell and bone litter the beach, and if there is any plant life, you
1784347873.624 RX certainly cannot find it. In fact, there is a noticeable lack of life signs
1784347873.624 RX throughout this whole area, and you get the feeling that even the animals that
1784347873.624 RX may have inhabited this island have abandoned it. The rock face cuts off the
1784347873.624 RX beach here, but you spy a small path leading through a large crack. 
1784347873.624 RX Obvious exits: southwest
1784347873.627 RX [HP=35/KAI=2]:go crack
1784347873.628 RX You walk into the wide crack, and follow a path through the rock.
1784347873.629 RX Stony Crack
1784347873.629 RX     This is a black stone crack in the cliff face, about three feet wide and at
1784347873.629 RX least twenty feet tall. The floor is littered with rubble and broken stone. 
1784347873.629 RX Obvious exits: north, south
1784347873.629 RX The room is dimly lit
1784347873.629 PART [HP=35/KAI=2]:[HP=35/KAI=2]:
1784347874.994 TX n
1784347875.044 RX n
1784347876.259 RX Grassy Cove
1784347876.259 RX     This small hollow in the rock is carpeted with a soft, wavy-bladed blue
1784347876.259 RX grass. The sheer walls of the cliff rise up imperiously about you, and you
1784347876.259 RX realize that you are walking in an open-roofed fissure splitting some immense
1784347876.259 RX stone. The fissure winds its way off to the north, and to the south a large
1784347876.259 RX crack can be seen in the rock face. A small hole, partially concealed by the
1784347876.259 RX shape of the rock, is bored into the base of the wall to the east. 
1784347876.259 RX Also here: Zinvar.
1784347876.259 RX Obvious exits: north
1784347876.594 TX look
1784347876.598 RX [HP=35/KAI=2]:look
1784347876.598 RX Grassy Cove
1784347876.598 RX     This small hollow in the rock is carpeted with a soft, wavy-bladed blue
1784347876.598 RX grass. The sheer walls of the cliff rise up imperiously about you, and you
1784347876.598 RX realize that you are walking in an open-roofed fissure splitting some immense
1784347876.598 RX stone. The fissure winds its way off to the north, and to the south a large
1784347876.598 RX crack can be seen in the rock face. A small hole, partially concealed by the
1784347876.598 RX shape of the rock, is bored into the base of the wall to the east. 
1784347876.598 RX Also here: Zinvar.
1784347876.598 RX Obvious exits: north
1784347876.599 PART [HP=35/KAI=2]:
1784347893.037 RX Zinvar just left to the north.
1784347893.037 PART [HP=35/KAI=2]:
1784347899.535 TX n
1784347899.631 RX n
1784347900.650 RX Grassy Cove
1784347900.650 RX     This small hollow in the rock is carpeted with a soft, wavy-bladed blue
1784347900.650 RX grass. The sheer walls of the cliff rise up imperiously about you, and you
1784347900.650 RX realize that you are walking in an open-roofed fissure splitting some immense
1784347900.650 RX stone. The fissure winds its way off to the south and northwest. 
1784347900.650 RX Obvious exits: south, northwest
1784347901.135 TX nw
1784347901.137 RX [HP=35/KAI=2]:nw
1784347901.793 RX Grassy Cove, Cave Entrance
1784347901.794 RX     This small hollow in the rock is carpeted with a soft, wavy-bladed blue
1784347901.794 RX grass. The sheer walls of the cliff rise up imperiously about you, and you
1784347901.794 RX realize that you are walking in an open-roofed fissure splitting some immense
1784347901.794 RX stone. To the north, a massive cave mouth yawns forebodingly at you, its black
1784347901.794 RX depths barely illuminated from the light above. The path through the grass
1784347901.794 RX leading inside appears to have not been used in some while. The fissure
1784347901.794 RX continues to the southeast. 
1784347901.794 RX Obvious exits: north, southeast
1784347902.736 TX look
1784347902.738 RX [HP=35/KAI=2]:look
1784347902.739 RX Grassy Cove, Cave Entrance
1784347902.739 RX     This small hollow in the rock is carpeted with a soft, wavy-bladed blue
1784347902.739 RX grass. The sheer walls of the cliff rise up imperiously about you, and you
1784347902.739 RX realize that you are walking in an open-roofed fissure splitting some immense
1784347902.739 RX stone. To the north, a massive cave mouth yawns forebodingly at you, its black
1784347902.739 RX depths barely illuminated from the light above. The path through the grass
1784347902.739 RX leading inside appears to have not been used in some while. The fissure
1784347902.739 RX continues to the southeast. 
1784347902.739 RX Obvious exits: north, southeast
1784347902.739 PART [HP=35/KAI=2]:
1784347907.365 RX You hear movement to the north.
1784347907.365 PART [HP=35/KAI=2]:
1784347938.003 TX n
1784347938.009 RX n
1784347938.910 RX Limestone Tunnel, Cave Mouth
1784347938.911 RX     This smooth-walled tunnel is cut directly into the stone here, its even
1784347938.911 RX surface obviously the work of something other than nature's gentle hand. The
1784347938.911 RX tunnel is perfectly round, with the bottom quarter of the tube cut off to make
1784347938.911 RX a flat and level floor. To the north, it slopes down into the darkness at a
1784347938.911 RX steep angle, and you can exit into the sunlight through a large opening to the
1784347938.911 RX south. 
1784347938.911 RX Also here: Zinvar, moaning spirit.
1784347938.911 RX Obvious exits: north, south
1784347938.911 RX The room is dimly lit
1784347938.911 PART [HP=35/KAI=2]:
1784347940.822 RX The moaning spirit touches Zinvar with a ghostly hand for 15 damage!
1784347940.822 PART [HP=35/KAI=2]:
1784347947.092 RX Moaning spirit draws the breath from Zinvar's body!
1784347947.093 RX [HP=35/KAI=2]:Zinvar drops to the ground!
1784347947.093 PART [HP=35/KAI=2]:
1784347953.763 RX Moaning spirit draws the breath from your body for 12 damage!
1784347953.763 PART [HP=23/KAI=2]:
1784347959.997 RX Moaning spirit draws the breath from your body for 5 damage!
1784347959.997 PART [HP=18/KAI=2]:
1784347967.732 RX The moaning spirit claws at you, but you dodge out of the way!
1784347967.733 PART [HP=18/KAI=2]:[HP=19/KAI=2]:
1784347972.996 TX s
1784347973.228 RX s
1784347974.257 RX The moaning spirit touches Zinvar with a ghostly hand for 19 damage!
1784347974.257 RX [HP=19/KAI=2]:Grassy Cove, Cave Entrance
1784347974.257 RX     This small hollow in the rock is carpeted with a soft, wavy-bladed blue
1784347974.257 RX grass. The sheer walls of the cliff rise up imperiously about you, and you
1784347974.257 RX realize that you are walking in an open-roofed fissure splitting some immense
1784347974.257 RX stone. To the north, a massive cave mouth yawns forebodingly at you, its black
1784347974.257 RX depths barely illuminated from the light above. The path through the grass
1784347974.257 RX leading inside appears to have not been used in some while. The fissure
1784347974.257 RX continues to the southeast. 
1784347974.257 RX Obvious exits: north, southeast
1784347974.258 PART [HP=19/KAI=2]:
1784347992.700 TX se
1784347992.703 RX se
1784347993.477 RX Grassy Cove
1784347993.477 RX     This small hollow in the rock is carpeted with a soft, wavy-bladed blue
1784347993.477 RX grass. The sheer walls of the cliff rise up imperiously about you, and you
1784347993.477 RX realize that you are walking in an open-roofed fissure splitting some immense
1784347993.477 RX stone. The fissure winds its way off to the south and northwest. 
1784347993.478 RX Obvious exits: south, northwest
1784347994.100 TX s
1784347994.140 RX [HP=19/KAI=2]:s
1784347994.504 RX Grassy Cove
1784347994.505 RX     This small hollow in the rock is carpeted with a soft, wavy-bladed blue
1784347994.505 RX grass. The sheer walls of the cliff rise up imperiously about you, and you
1784347994.505 RX realize that you are walking in an open-roofed fissure splitting some immense
1784347994.505 RX stone. The fissure winds its way off to the north, and to the south a large
1784347994.505 RX crack can be seen in the rock face. A small hole, partially concealed by the
1784347994.505 RX shape of the rock, is bored into the base of the wall to the east. 
1784347994.505 RX Obvious exits: north
1784347995.500 TX go crack
1784347995.505 PART [HP=19/KAI=2]:go cra
1784347996.522 RX ck
1784347996.523 RX You walk into the wide crack, and follow a path through the rock.
1784347996.524 RX Stony Crack
1784347996.524 RX     This is a black stone crack in the cliff face, about three feet wide and at
1784347996.524 RX least twenty feet tall. The floor is littered with rubble and broken stone. 
1784347996.524 RX Obvious exits: north, south
1784347996.524 RX The room is dimly lit
1784347996.900 TX s
1784347996.902 RX [HP=19/KAI=2]:[HP=19/KAI=2]:s
1784347997.528 RX Beach's End
1784347997.529 RX     This is a gravelly beach, curving around the sheer rock face to the north.
1784347997.529 RX Bits of shell and bone litter the beach, and if there is any plant life, you
1784347997.529 RX certainly cannot find it. In fact, there is a noticeable lack of life signs
1784347997.529 RX throughout this whole area, and you get the feeling that even the animals that
1784347997.529 RX may have inhabited this island have abandoned it. The rock face cuts off the
1784347997.529 RX beach here, but you spy a small path leading through a large crack. 
1784347997.529 RX Obvious exits: southwest
1784347997.529 PART [HP=19/KAI=2]:
1784348012.164 PART [HP=20/KAI=2]:
1784348048.717 PART [HP=21/KAI=2]:
1784348083.873 PART [HP=22/KAI=2]:
1784348119.734 PART [HP=23/KAI=2]:
1784348158.168 PART [HP=24/KAI=2]:
1784348199.547 PART [HP=25/KAI=2]:
1784348242.239 PART [HP=26/KAI=2]:
1784348284.275 PART [HP=27/KAI=2]:
1784348310.938 TX x
1784348310.940 RX x
1784348310.942 RX You will exit after a period of silent meditation.
1784348310.942 PART .
1784348312.790 PART ...
1784348313.804 PART ...
1784348315.568 PART ...
1784348316.585 PART ...
1784348317.901 PART ...
1784348318.933 RX Zinvar just left the Realm.
1784348318.955 RX [HP=27/KAI=2]:
1784348318.955 RX Your character has been saved. If you have any comments or suggestions, please
1784348318.955 RX leave them in E-mail to Sysop. Thanks.
1784348318.955 RX 
1784348318.955 PART [MAJORMUD]: 
1784348324.444 !! driver quit
1784352538.724 !! driver connected raw=/home/daniel/bbs/re/oracle/oracle_mcast_kaimon.raw
1784352538.739 RX ╔══════════════════════════════════════════════════════════╗
1784352538.739 RX ║█████████████████▄███████▄███████▄████████████████████████║
1784352538.739 RX ║██████████████▀▀██████▀▀██████▀▀▀▀███▀▀▀▀█████████████████║
1784352538.739 RX ║██████████████████▀███████▀███████████████████████████████║
1784352538.739 RX ║███▀███▀██████▀▀██████▀▀███▀▀▀▀██████▀▀▀████▀███▀█████████║
1784352538.739 RX ║████▀▀▀███████████▀███████▀██████████████████▀▀▀████▀████▀║
1784352538.739 RX ║▀▀▀█████▀▀▀▀▀▀▀▀▀▀█▀▀▀▀▀▀▀█▀▀▀▀▀▀▀▀▀▀▀▀▀▀▀▀▀█████▀▀▀█▀▀▀▀▀║
1784352538.739 RX ║██████████████╘═╡ The MajorBBS Emulator ╞═╛███████████████║
1784352538.739 RX ║████████████████│ By: MBBSEmu Community │█████████████████║
1784352538.739 RX ║                │https://www.mbbsemu.com│                 ║
1784352538.739 RX ╚══════════════════════════════════════════════════════════╝
1784352538.739 RX  
1784352538.739 RX Enter Username or enter "NEW" to create a new Account
1784352539.730 PART Username:  ²
1784352541.712 TX Kaimon
1784352541.933 RX Kaimon
1784352541.933 PART Password: 
1784352543.912 TX test123
1784352543.915 RX *******
1784352543.920 RX 
1784352543.920 RX Fantasy awaits you in MajorMUD v1.11p-WG!
1784352543.920 RX 
1784352543.920 RX 
1784352543.920 RX Please select one of the following:
1784352543.920 RX 
1784352543.920 RX    A ... MajorMUD
1784352543.920 RX 
1784352543.920 RX Main Menu
1784352543.920 PART Make your selection (X to exit): 
1784352546.115 TX A
1784352546.123 RX A
1784352546.123 RX 
1784352546.123 RX  M A J O R  M U D v1.11p-WG (Dec 30 2005 14:20:05)
1784352546.123 RX {Realm Of Legends}
1784352546.123 RX *ANSI RECOMMENDED*
1784352546.123 RX 
1784352546.123 RX [E] . Enter the Realm
1784352546.123 RX [H] . Help
1784352546.123 RX [A] . About the Game
1784352546.123 RX [C] . Game Counts
1784352546.123 RX [T] . Topten Adventurers
1784352546.123 RX [G] . Topten Gangs
1784352546.123 RX [W] . Who's in the Realm
1784352546.123 RX [R] . Release Notes
1784352546.123 RX [I] . Information
1784352546.123 RX [X] . Exit Game
1784352546.123 RX 
1784352546.123 PART [MAJORMUD]: 
1784352548.313 TX E
1784352548.314 RX E
1784352548.319 RX 
1784352548.319 RX MajorMUD - ROL
1784352548.319 RX 
1784352548.319 RX =-=-=-=-=-=-=-=-=-=-=-=-=-=-=-=-=-=-=-=-=-=-=-=-=-=-=-=-=-=-=-=-=-=-=-=-=-=-=
1784352548.319 RX 
1784352548.322 RX Beach's End
1784352548.322 RX     This is a gravelly beach, curving around the sheer rock face to the north.
1784352548.322 RX Bits of shell and bone litter the beach, and if there is any plant life, you
1784352548.322 RX certainly cannot find it. In fact, there is a noticeable lack of life signs
1784352548.322 RX throughout this whole area, and you get the feeling that even the animals that
1784352548.322 RX may have inhabited this island have abandoned it. The rock face cuts off the
1784352548.322 RX beach here, but you spy a small path leading through a large crack. 
1784352548.322 RX Obvious exits: southwest
1784352548.322 PART [HP=27/KAI=2]:
1784352560.285 TX sw
1784352560.292 RX sw
1784352561.371 RX [HP=28/KAI=2]:Gravelly Beach
1784352561.371 RX     This is a gravelly beach, curving around the sheer rock face to the north.
1784352561.371 RX Bits of shell and bone litter the beach, and if there is any plant life, you
1784352561.371 RX certainly cannot find it. In fact, there is a noticeable lack of life signs
1784352561.371 RX throughout this whole area, and you get the feeling that even the animals that
1784352561.371 RX may have inhabited this island have abandoned it. The beach continues to the
1784352561.371 RX northeast and southwest. 
1784352561.371 RX Obvious exits: northeast, southwest
1784352561.687 TX sw
1784352561.689 RX [HP=28/KAI=2]:sw
1784352562.416 RX Gravelly Beach
1784352562.416 RX     This is a gravelly beach, curving around the sheer rock face to the north.
1784352562.416 RX Bits of shell and bone litter the beach, and if there is any plant life, you
1784352562.416 RX certainly cannot find it. In fact, there is a noticeable lack of life signs
1784352562.416 RX throughout this whole area, and you get the feeling that even the animals that
1784352562.416 RX may have inhabited this island have abandoned it. The beach continues to the
1784352562.416 RX northeast, and a small lagoon is to the west. 
1784352562.417 RX Obvious exits: west, northeast
1784352563.090 TX w
1784352563.090 RX [HP=28/KAI=2]:w
1784352564.434 RX Island, Beach Landing
1784352564.434 RX     This is a gravelly beach bordering a small, sheltered lagoon. Off across
1784352564.434 RX the raging river, you can see the port-side of the city of Silvermere. The
1784352564.434 RX beach continues off to the east and west, curving around the sheer rock face
1784352564.434 RX which towers above you. 
1784352564.434 RX Obvious exits: south, east, west
1784352564.488 TX s
1784352564.488 RX [HP=28/KAI=2]:s
1784352565.886 TX s
1784352567.290 TX s
1784352568.547 RX The Silver River, Silvermere Docks
1784352568.550 RX     The rapid currents of the river make it perilous to travel, even in a
1784352568.550 RX suitable vessel, as it is filled with strange water-dwellers. The shimmering
1784352568.550 RX silvery surface of the water gives the river its namesake. To the north, you
1784352568.550 RX can see the gravelly beach of a large island poking out of the middle of the
1784352568.550 RX river, and to the south, the seldom-used port of Silvermere. The river flows
1784352568.550 RX quickly downstream to the west, and upstream to the east. 
1784352568.550 RX You notice 500 gold crowns here.
1784352568.550 RX Obvious exits: north, south, east, west
1784352568.550 RX [HP=28/KAI=2]:s
1784352568.550 RX s
1784352568.690 TX look
1784352568.696 RX look
1784352569.673 RX Pier, Boat Launch
1784352569.674 RX     This is a small, haphazardly constructed wooden pier, supported by rotting
1784352569.674 RX pillars over the swift waters of the river. Tied to the end are a half-dozen
1784352569.674 RX skiffs of varying size. To the north, the Silver river's glittering length runs
1784352569.674 RX perilously fast. 
1784352569.675 RX Obvious exits: north, south
1784352569.675 RX [HP=28/KAI=2]:s
1784352571.186 RX Pier
1784352571.186 RX     This is a small, haphazardly constructed wooden pier, supported by rotting
1784352571.186 RX pillars over the swift waters of the river. Tied to the far end are a
1784352571.186 RX half-dozen skiffs of varying size. A seedy-looking man sits on the edge of the
1784352571.186 RX launch, his feet dangling dangerously close to the water's surface. 
1784352571.186 RX Also here: boatman.
1784352571.186 RX Obvious exits: north, south
1784352571.186 RX [HP=28/KAI=2]:look
1784352571.186 RX Pier
1784352571.186 RX     This is a small, haphazardly constructed wooden pier, supported by rotting
1784352571.186 RX pillars over the swift waters of the river. Tied to the far end are a
1784352571.186 RX half-dozen skiffs of varying size. A seedy-looking man sits on the edge of the
1784352571.186 RX launch, his feet dangling dangerously close to the water's surface. 
1784352571.186 RX Also here: boatman.
1784352571.186 RX Obvious exits: north, south
1784352571.187 PART [HP=28/KAI=2]:
1784352579.922 TX s
1784352579.952 RX s
1784352580.855 RX Docks
1784352580.856 RX     This is a cobblestoned street. It is dimly lit by guttering lanterns hung
1784352580.856 RX from tall posts. To the west you can see Wharf street, and to the east there is
1784352580.856 RX a small, run-down shack. From the look of it, it looks to be a caretaker's
1784352580.856 RX house of some sort. River street runs parallel to Wharf street to the south.
1784352580.856 RX Off to the north, a rickety boat launch juts out into the fast-flowing waters
1784352580.856 RX of the Silver river. 
1784352580.856 RX Obvious exits: north, south, east, west
1784352581.422 TX w
1784352581.426 RX [HP=28/KAI=2]:w
1784352582.620 RX Docks
1784352582.620 RX     This is a cobblestoned street. It is dimly lit by guttering lanterns hung
1784352582.620 RX from tall posts. There are large open crates piled here, all empty. The boat
1784352582.620 RX berths are empty also, echoing the effect of the recent decrease in traffic to
1784352582.620 RX and from Silvermere. 
1784352582.621 RX Obvious exits: north, south, east, west
1784352582.924 TX s
1784352582.925 RX [HP=28/KAI=2]:s
1784352584.422 TX w
1784352585.400 RX River Street
1784352585.400 RX     This is a cobblestoned street. It is dimly lit by guttering lanterns hung
1784352585.400 RX from tall posts. To the north you can see the entrance to the Wharf district,
1784352585.400 RX which leads to the city's docks. River street continues to the east and west
1784352585.400 RX here. To the south is the side of a massive warehouse. 
1784352585.400 RX Obvious exits: north, east, west
1784352585.400 RX [HP=28/KAI=2]:w
1784352585.926 TX n
1784352585.926 RX n
1784352586.450 RX River Street
1784352586.451 RX     This is a cobblestoned street. It is dimly lit by guttering lanterns hung
1784352586.451 RX from tall posts. To the north you can see the entrance to the Wharf district,
1784352586.451 RX which leads to the city's docks. River street continues to the east and west
1784352586.451 RX here. To the south is the side of a massive warehouse. 
1784352586.451 RX Obvious exits: north, east, west
1784352586.451 RX [HP=28/KAI=2]:n
1784352587.426 TX look
1784352587.429 RX look
1784352587.753 RX Docks
1784352587.753 RX     This is a cobblestoned street. It is dimly lit by guttering lanterns hung
1784352587.753 RX from tall posts. There are large open crates piled here, all empty. The boat
1784352587.753 RX berths are empty also, echoing the effect of the recent decrease in traffic to
1784352587.753 RX and from Silvermere. The street continues to the east and west, with River
1784352587.753 RX street running parallel off to the south. 
1784352587.753 RX Obvious exits: south, east, west
1784352587.753 RX [HP=28/KAI=2]:look
1784352587.753 RX Docks
1784352587.753 RX     This is a cobblestoned street. It is dimly lit by guttering lanterns hung
1784352587.753 RX from tall posts. There are large open crates piled here, all empty. The boat
1784352587.753 RX berths are empty also, echoing the effect of the recent decrease in traffic to
1784352587.753 RX and from Silvermere. The street continues to the east and west, with River
1784352587.753 RX street running parallel off to the south. 
1784352587.753 RX Obvious exits: south, east, west
1784352587.753 PART [HP=28/KAI=2]:
1784352603.771 PART [HP=29/KAI=2]:
1784352617.431 TX e
1784352617.444 RX e
1784352618.326 RX Docks
1784352618.326 RX     This is a cobblestoned street. It is dimly lit by guttering lanterns hung
1784352618.326 RX from tall posts. There are large open crates piled here, all empty. The boat
1784352618.326 RX berths are empty also, echoing the effect of the recent decrease in traffic to
1784352618.326 RX and from Silvermere. 
1784352618.326 RX Obvious exits: north, south, east, west
1784352619.031 TX n
1784352619.035 RX [HP=29/KAI=2]:n
1784352620.631 TX n
1784352620.711 RX Docks
1784352620.711 RX     This is a cobblestoned street. It is dimly lit by guttering lanterns hung
1784352620.711 RX from tall posts. There are large open crates piled here, all empty. The boat
1784352620.711 RX berths are empty also, echoing the effect of the recent decrease in traffic to
1784352620.711 RX and from Silvermere. A small wooden pier pokes out into the river to the north.
1784352620.711 RX 
1784352620.711 RX Obvious exits: north, south
1784352620.733 RX [HP=29/KAI=2]:n
1784352621.737 RX Small Pier
1784352621.738 RX     This is a small, haphazardly constructed wooden pier, supported by rotting
1784352621.738 RX pillars over the swift waters of the river. Tied to the far end are a
1784352621.738 RX half-dozen skiffs of varying size. 
1784352621.738 RX Obvious exits: north, south
1784352622.233 TX n
1784352622.235 RX [HP=29/KAI=2]:n
1784352623.774 RX You hop in one of the skiffs, and row to Newhaven.
1784352623.774 RX Newhaven, Docks
1784352623.775 RX     You stand at the southernmost edge of Newhaven. The view from here is
1784352623.775 RX amazing. As you stare out across the Silver river you behold such sights as the
1784352623.775 RX notorious Port Blackwater to the west, and the fabled town of Silvermere
1784352623.775 RX southwards. A large half-shaven man sits off in the corner, with what looks to
1784352623.775 RX be a fishing rod, and there are a number of small skiffs tied to the dock for
1784352623.775 RX use in reaching the docks of Silvermere. 
1784352623.775 RX Also here: ferryman.
1784352623.775 RX Obvious exits: north
1784352623.833 TX n
1784352623.869 RX [HP=29/KAI=2]:n
1784352625.432 TX nw
1784352627.032 TX w
1784352627.835 RX Newhaven, Forest Path
1784352627.836 RX     The trees become very thick around you now, and you can barely see where
1784352627.836 RX you're going due to the only light source being from the village behind you and
1784352627.836 RX the light shining through the trees. You hear the sound of rippling water south
1784352627.836 RX of here. 
1784352627.836 RX Obvious exits: south, northwest
1784352627.837 RX [HP=29/KAI=2]:nw
1784352627.868 RX w
1784352628.632 TX w
1784352628.660 RX w
1784352628.864 RX Newhaven, Village Entrance
1784352628.864 RX     Welcome to Newhaven! You are standing at the crude wooden gates of the
1784352628.864 RX village entrance, in the middle of a dusty path. A low wooden palisade
1784352628.864 RX surrounds the village, to protect against creatures of the night and random
1784352628.864 RX raiders. You can see small buildings to the north and south, and a dusty path
1784352628.864 RX that leads to the west and southeast. 
1784352628.864 RX You notice large sign, newbie manual here.
1784352628.864 RX Obvious exits: north, south, west, southeast
1784352628.865 RX [HP=29/KAI=2]:w
1784352630.232 TX n
1784352631.644 RX Newhaven, Narrow Path
1784352631.645 RX     This narrow path is fairly plain, save for the small lanterns hanging from
1784352631.645 RX the trees around. North of you lies a strangely decorated shop, and a beat-up
1784352631.645 RX shack labeled "General Store" lies to your south. The path leads east and west
1784352631.645 RX from here. 
1784352631.645 RX Obvious exits: north, south, east, west
1784352631.645 RX [HP=29/KAI=2]:w
1784352631.675 RX n
1784352631.832 TX look
1784352631.864 RX look
1784352632.670 RX Newhaven, Narrow Road
1784352632.670 RX     This narrow road is quite plain save for the various lanterns hanging from
1784352632.670 RX the trees around, and a large stone stairwell leading downwards. You hear the
1784352632.670 RX clash of steel below you, and cries of pain and triumph accompanying it. Stone
1784352632.670 RX buildings lie to your north and west. 
1784352632.670 RX Obvious exits: north, east, west, down
1784352632.670 RX [HP=29/KAI=2]:n
1784352635.463 RX Newhaven, Adventurer's Guild
1784352635.463 RX     This nicely crafted room is well furnished and decorated with things that
1784352635.463 RX you have never seen before, from strange exotic weapons, to swirling vials of
1784352635.463 RX liquid. A well toned man, stands in front of a practice mat with his arms
1784352635.463 RX crossed. He stands up lightly at your approach, looks you up and down, and
1784352635.463 RX breaks into a lopsided grin. 
1784352635.508 RX Also here: Corwyn.
1784352635.508 RX Obvious exits: south
1784352635.508 RX [HP=29/KAI=2]:look
1784352635.508 RX Newhaven, Adventurer's Guild
1784352635.508 RX     This nicely crafted room is well furnished and decorated with things that
1784352635.508 RX you have never seen before, from strange exotic weapons, to swirling vials of
1784352635.508 RX liquid. A well toned man, stands in front of a practice mat with his arms
1784352635.508 RX crossed. He stands up lightly at your approach, looks you up and down, and
1784352635.508 RX breaks into a lopsided grin. 
1784352635.508 RX Also here: Corwyn.
1784352635.508 RX Obvious exits: south
1784352635.508 PART [HP=29/KAI=2]:
1784352642.390 TX n
1784352642.503 RX n
1784352642.504 RX There is no exit in that direction!
1784352642.504 PART [HP=29/KAI=2]:
1784352644.190 TX look
1784352644.195 RX look
1784352644.196 RX Newhaven, Adventurer's Guild
1784352644.197 RX     This nicely crafted room is well furnished and decorated with things that
1784352644.197 RX you have never seen before, from strange exotic weapons, to swirling vials of
1784352644.197 RX liquid. A well toned man, stands in front of a practice mat with his arms
1784352644.197 RX crossed. He stands up lightly at your approach, looks you up and down, and
1784352644.197 RX breaks into a lopsided grin. 
1784352644.197 RX Also here: Corwyn.
1784352644.197 RX Obvious exits: south
1784352644.197 PART [HP=29/KAI=2]:
1784352658.857 PART [HP=30/KAI=2]:
1784352660.105 TX x
1784352660.360 RX x
1784352660.360 RX You will exit after a period of silent meditation.
1784352660.360 PART .
1784352665.101 PART ...
1784352666.164 PART ...
1784352667.770 PART ...
1784352668.843 PART ...
1784352672.204 PART ...
1784352673.312 RX 
1784352673.312 RX Your character has been saved. If you have any comments or suggestions, please
1784352673.312 RX leave them in E-mail to Sysop. Thanks.
1784352673.312 RX 
1784352673.312 PART [MAJORMUD]: 
1784352689.956 !! driver quit
