
===== exp gates =====
[A] Kaimon just entered the Realm.
[HP=53]:/xexp 150000
You have progressed too far without training to acquire anymore experience!
[HP=53]:
[xexp] granted 150000 experience via _ADD_EXPERIENCE.

[B] /xexp 150000
You gain 150000 experience.
[HP=28]:
[xexp] granted 150000 experience via _ADD_EXPERIENCE.


===== create + duplicate/refusal probes =====
[A] create gang Slice Eight
You are not experienced enough to start your own gang!
[HP=53]:
[B] create gang Slice Eight
Gang created.
[HP=28]:
[A] create gang None
You are not experienced enough to start your own gang!
[HP=53]:

===== invite / join / roster =====
[A] invite Kaimon
You have invited Kaimon to follow you.
[HP=53]:
[B tail]  There is an iron washbasin and some simple, utilitarian items
used in the healing profession lie at his side. You can exit the chamber to the
east, where faint sounds of metal hitting metal can be heard. 
You notice small sign here.
Also here: Oracle, healer.
Obvious exits: eTast
[HP=28]:/xexp 150000
You gain 150000 experience.
[HP=28]:
[xexp] granted 150000 experience via _ADD_EXPERIENCE.
create gang Slice Eight
Gang created.
[HP=28]:Oracle has invited you to follow him.
[HP=28]:
[B] join gang Slice Eight
You may not join another gang!  You are already a member of one.
[HP=28]:
[A tail]  small sign here.
Also here: healer.
Obvious exits: eRast
[HP=53]:Kaimon just entered the Realm.
[HP=53]:/xexp 150000
You have progressed too far without training to acquire anymore experience!
[HP=53]:
[xexp] granted 150000 experience via _ADD_EXPERIENCE.
create gang Slice Eight
You are not experienced enough to start your own gang!
[HP=53]:create gang None
You are not experienced enough to start your own gang!
[HP=53]:invite Kaimon
You have invited Kaimon to follow you.
[HP=53]:
[A] roster
You say "roster"
[HP=53]:
[A] roster Slice Eight
You say "roster Slice Eight"
[HP=53]:
[A] gang roster
You say "gang roster"
[HP=53]:
[A] gangs
You say "gangs"
[HP=53]:
[A] gang hello there
You say "gang hello there"
[HP=53]:
[A] guild hello there
You say "guild hello there"
[HP=53]:

===== top gangs =====
[A] top gangs
Top Gangs of the Realm
-=-==-=-=-=-=-=-=-=-=-

Rank Gangname            Leader      Members Created
=-=-=-=-=-=-=-=-=-=-=-=-=-=-=-=-=-=-=-=-=-=-=-=-=-=-=-=-=-=-=-=-=-=-=-=-
  1. Slice Eight         Kaimon         1    31/07/26
[HP=53]:
[A] top 5 gangs
Top Gangs of the Realm
-=-==-=-=-=-=-=-=-=-=-

Rank Gangname            Leader      Members Created
=-=-=-=-=-=-=-=-=-=-=-=-=-=-=-=-=-=-=-=-=-=-=-=-=-=-=-=-=-=-=-=-=-=-=-=-
  1. Slice Eight         Kaimon         1    31/07/26
[HP=53]:

===== broadgang (lead-in colour pin) =====
[A] broadgang hello from slice eight
You are not in a gang at the present!
[HP=53]:
[B gets]  gain 150000 experience.
[HP=28]:
[xexp] granted 150000 experience via _ADD_EXPERIENCE.
create gang Slice Eight
Gang created.
[HP=28]:Oracle has invited you to follow him.
[HP=28]:join gang Slice Eight
You may not join another gang!  You are already a member of one.
[HP=28]:Oracle says "roster"
[HP=28]:Oracle says "roster Slice Eight"
[HP=28]:Oracle says "gang roster"
[HP=28]:Oracle says "gangs"
[HP=28]:Oracle says "gang hello there"
[HP=28]:Oracle says "guild hello there"
[HP=28]:
[B] gangpath test message
You say "gangpath test message"
[HP=28]:

===== deed shop (GHouseDeed price) =====
[A] Kaimon says "gangpath test message"
[HP=53]:/xgoto 732 15

[xgoto] 1/2190 -> 15/732; type 'look'.

[A] look
Realm Deeds Shop
    Pictures of all shapes and sizes adorn the walls of this store. All of them
seem to be different views of houses, big and small. One you can tell is in the
streets of Silvermere, but you don't quite recognize any of the other pictures
posted on the wall. 
Also here: Marquis de Bassi.
Obvious exits: wUest
[HP=53]:
[A] list
The following items are for sale here:

Item                          Quantity    Price
------------------------------------------------------
red parchment deed            1           40 platinum pieces
orange parchment deed         1           60 platinum pieces
yellow parchment deed         1          100 platinum pieces
green parchment deed          1          170 platinum pieces
blue parchment deed           1          200 platinum pieces
violet parchment deed         1          260 platinum pieces
black parchment deed          1          340 platinum pieces
silver parchment deed         1          800 platinum pieces
gold parchment deed           1         2000 platinum pieces
white parchment deed          1          100 runic coins
[HP=53]:
[A] buy deed
Please be more specific.  You could have meant any of these:
-- orange parchment deed
-- red parchment deed
-- yellow parchment deed
-- green parchment deed
-- blue parchment deed
-- violet parchment deed
-- black parchment deed
-- silver parchment deed
-- gold parchment deed
-- white parchment deed
[HP=53]:

===== gang shop LIST (type 0xb, shop 136) =====
[A] /xgoto 973 15

[xgoto] 15/732 -> 15/973; type 'look'.

[A] look
MUD Internal Error - Please tell your sysop
Can't display gang house file WCC97315.HSEMUD Internal Error - Please tell your sysop
Can't display gang house file WCC97315.HSEObvious exits: nEorth
[HP=53]:
[A] list
[HP=53]:
[A] stock
Syntax: STOCK {item} {price} {currency}
[HP=53]:
[A] markup
Syntax: MARKUP {percentage value}
[HP=53]:

===== .HSE render (15/850, WCC85015.HSE) =====
[A] /xgoto 850 15

[xgoto] 15/973 -> 15/850; type 'look'.

[A] look
MUD Internal Error - Please tell your sysop
Can't display gang house file WCC85015.HSEMUD Internal Error - Please tell your sysop
Can't display gang house file WCC85015.HSEYou notice white banner here.
Obvious exits: nUorth, closed door south
[HP=53]:

===== clean exits (state persists for phase 2) =====
