
===== post-restart: gang + fame + inventory survive =====
[A] roster
You say "roster"
[HP=53]:
[A] st
Name: Oracle Delver                    Lives/CP:      3/120  
Race: Dwarf       Exp: 25000           Perception:     35
Class: Warrior    Level: 3             Stealth:         0
Hits:    53/53    Armour Class:   0/0  Thievery:        0
                                       Traps:           0
                                       Picklocks:       0
Strength:  50     Agility: 30          Tracking:        0
Intellect: 30     Health:  50          Martial Arts:   10
Willpower: 50     Charm:   30          MagicRes:       55
[HP=53]:
[A] i
You are carrying 3950 copper farthings, green potion
You have no keys.
Wealth: 3950 copper farthings
Encumbrance: 1346/2880 - Medium [46%]
[HP=53]:
[B] roster
You say "roster"
[HP=28]:

===== teardown: leave + disband =====
[B] leave gang
You are the leader - you may not leave your gang. Use DISBAND GANG
[HP=28]:
[A] Kaimon just entered the Realm.
[HP=53]:disband gang
You are not the leader of the gang; You may not disband it!
[HP=53]:
[A] roster
You say "roster"
[HP=53]:
