'pi n'                 -> 'Your skill fails you this time.'
'pic n'                -> 'Your skill fails you this time.'
'pick n'               -> 'Your skill fails you this time.'
'pickl n'              -> 'Your skill fails you this time.'
'picklock n'           -> 'Your skill fails you this time.'
'pick lock n'          -> 'Syntax: PICKLOCK {direction}'
'di n'                 -> '[HP=28]:'
'dis n'                -> '[HP=28]:'
'disarm n'             -> '[HP=28]:'
'ga hello'             -> 'You say "ga hello"'
'gan hello'            -> 'You say "gan hello"'
'gang hello'           -> 'You say "gang hello"'
'gu hello'             -> 'You say "gu hello"'
'gui hello'            -> 'You say "gui hello"'
'guild hello'          -> 'You say "guild hello"'
'cr gang Probe'        -> 'You are not experienced enough to start your own gang!'
'cre gang Probe'       -> 'You are not experienced enough to start your own gang!'
'crea gang Probe'      -> 'You are not experienced enough to start your own gang!'
'create gang Probe'    -> 'You are not experienced enough to start your own gang!'
'le gang'              -> 'You are not currently in a gang.'
'lea gang'             -> 'You are not currently in a gang.'
'leav gang'            -> 'You are not currently in a gang.'
'leave gang'           -> 'You are not currently in a gang.'
'broa hello'           -> 'You say "broa hello"'
'broad hello'          -> 'You say "broad hello"'
'broadg hello'         -> 'You are not in a gang at the present!'
'broadgang hello'      -> 'You are not in a gang at the present!'
'gangp test'           -> 'You say "gangp test"'
'gangpa test'          -> 'You say "gangpa test"'
'gangpath test'        -> 'You say "gangpath test"'
'ros'                  -> 'You say "ros"'
'rost'                 -> 'You say "rost"'
'roste'                -> 'You say "roste"'
'roster'               -> 'You say "roster"'
'gangs'                -> 'You say "gangs"'
'to gangs'             -> 'There are no gangs currently established!'
'top gangs'            -> 'There are no gangs currently established!'
'r'                    -> 'You say "r"'
're'                   -> 'You say "re"'
'rea'                  -> 'Syntax: READY {weapon name}'
'ready'                -> 'Syntax: READY {weapon name}'
'ma'                   -> '    ████           S i l v e r m e r e    12      ████     ╔════════════╗'
'map'                  -> '    ████           S i l v e r m e r e    12      ████     ╔════════════╗'
'pr'                   -> 'Life for this CHAR  15 minutes'
'pro'                  -> 'Life for this CHAR  15 minutes'
'as healer hello'      -> 'healer has nothing to tell you!'
'ask healer hello'     -> 'healer has nothing to tell you!'
