   10.467 --- stats ---
   10.467     | st
   10.467     | Name: Bard Minstrel                    Lives/CP:      9/100
   10.467     | Race: Human       Exp: 0               Perception:     40
   10.467     | Class: Bard       Level: 1             Stealth:        43
   10.467     | Hits:    27/27    Armour Class:   0/0  Thievery:       24
   10.467     | Mana:    10/10    Spellcasting: 38     Traps:          26
   10.467     |                                        Picklocks:      25
   10.467     | Strength:  40     Agility: 40          Tracking:        0
   10.467     | Intellect: 40     Health:  40          Martial Arts:   13
   10.467     | Willpower: 40     Charm:   40          MagicRes:       40
   10.467     | [HP=27/MA=10]:
   10.468 entry level 1
   14.080 --- purse for training ---
   14.080     | /xcash 500000 copper
   14.081     | [xcash] copper: 0 -> 500000; type 'i' to confirm.
   17.690 --- grant exp (no-op if capped) ---
   17.690     | /xexp 25000
   17.690     | You gain 25000 experience.
   17.690     | [HP=27/MA=10]:
   17.691     | [xexp] granted 25000 experience via _ADD_EXPERIENCE.
   21.300 --- to healer ---
   21.300     | /xgoto 2190 1
   21.300     | [xgoto] 1/2140 -> 1/2190; type 'look'.
   25.712 --- heal to full ---
   25.713     | buy healing
   25.713     | You hand over nothing and all your wounds are healed.
   25.713     | [HP=27/MA=10]:
   29.323 --- max-hp check ---
   29.323     | st
   29.323     | Name: Bard Minstrel                    Lives/CP:      9/100
   29.323     | Race: Human       Exp: 25000           Perception:     40
   29.323     | Class: Bard       Level: 1             Stealth:        43
   29.323     | Hits:    27/27    Armour Class:   0/0  Thievery:       24
   29.323     | Mana:    10/10    Spellcasting: 38     Traps:          26
   29.323     |                                        Picklocks:      25
   29.323     | Strength:  40     Agility: 40          Tracking:        0
   29.323     | Intellect: 40     Health:  40          Martial Arts:   13
   29.323     | Willpower: 40     Charm:   40          MagicRes:       40
   29.323     | [HP=27/MA=10]:
   36.936 --- train burst ---
   36.936     | /xgoto 289 1
   36.936     | [xgoto] 1/2190 -> 1/289; type 'look'.
   36.936     | train
   36.936     | You hand over 50 copper farthings and you receive training to attain level 2.
   36.936     | You receive the following:
   36.936     | 10 additional character points
   36.936     | [HP=27/MA=10]:[HP=28/MA=12]:/xgoto 2190 1
   36.936     | [xgoto] 1/289 -> 1/2190; type 'look'.
   40.547 --- stats ---
   40.547     | st
   40.547     | Name: Bard Minstrel                    Lives/CP:      9/110
   40.547     | Race: Human       Exp: 25000           Perception:     40
   40.547     | Class: Bard       Level: 2             Stealth:        45
   40.547     | Hits:    28/31    Armour Class:   0/0  Thievery:       28
   40.547     | Mana:    12/14    Spellcasting: 40     Traps:          30
   40.547     |                                        Picklocks:      28
   40.547     | Strength:  40     Agility: 40          Tracking:        0
   40.547     | Intellect: 40     Health:  40          Martial Arts:   13
   40.547     | Willpower: 40     Charm:   40          MagicRes:       40
   40.547     | [HP=28/MA=12]:
   40.547 level now 2
   44.158 --- top up exp (stall-proof) ---
   44.158     | /xexp 25000
   44.158     | You have progressed too far without training to acquire anymore experience!
   44.158     | [HP=28/MA=12]:
   44.158     | [xexp] granted 25000 experience via _ADD_EXPERIENCE.
   47.767 --- refill purse (stall-proof) ---
   47.767     | /xcash 500000 copper
   47.767     | [xcash] copper: 499950 -> 500000; type 'i' to confirm.
   51.377 --- to healer ---
   51.377     | /xgoto 2190 1
   51.377     | [xgoto] 1/2190 -> 1/2190; type 'look'.
   55.794 --- heal to full ---
   55.794     | buy healing
   55.794     | You hand over 6 copper farthings and all your wounds are healed.
   55.794     | [HP=31/MA=12]:
   59.406 --- max-hp check ---
   59.406     | st
   59.406     | Name: Bard Minstrel                    Lives/CP:      9/110
   59.406     | Race: Human       Exp: 25000           Perception:     40
   59.406     | Class: Bard       Level: 2             Stealth:        45
   59.406     | Hits:    31/31    Armour Class:   0/0  Thievery:       28
   59.406     | Mana:    12/14    Spellcasting: 40     Traps:          30
   59.406     |                                        Picklocks:      28
   59.406     | Strength:  40     Agility: 40          Tracking:        0
   59.406     | Intellect: 40     Health:  40          Martial Arts:   13
   59.406     | Willpower: 40     Charm:   40          MagicRes:       40
   59.406     | [HP=31/MA=12]:
   67.033 --- train burst ---
   67.033     | /xgoto 289 1
   67.033     | [xgoto] 1/2190 -> 1/289; type 'look'.
   67.033     | The river bashes you up against some rocks!
   67.033     | train
   67.033     | You hand over 100 copper farthings and you receive training to attain level 3.
   67.033     | You receive the following:
   67.033     | 10 additional character points
   67.033     | [HP=16/MA=12]:/xgoto 2190 1
   67.033     | [xgoto] 1/289 -> 1/2190; type 'look'.
   67.033     | [HP=17/MA=14]:
   70.653 --- stats ---
   70.653     | Oracle sits down and meditates.
   70.653     | [HP=17/MA=14]:st
   70.653     | Name: Bard Minstrel                    Lives/CP:      9/120
   70.653     | Race: Human       Exp: 25000           Perception:     40
   70.653     | Class: Bard       Level: 3             Stealth:        47
   70.653     | Hits:    17/35    Armour Class:   0/0  Thievery:       32
   70.653     | Mana:    14/18    Spellcasting: 42     Traps:          34
   70.653     |                                        Picklocks:      31
   70.653     | Strength:  40     Agility: 40          Tracking:        0
   70.653     | Intellect: 40     Health:  40          Martial Arts:   13
   70.653     | Willpower: 40     Charm:   40          MagicRes:       40
   70.653     | [HP=17/MA=14]:
   70.653 level now 3
   74.263 --- top up exp (stall-proof) ---
   74.263     | Oracle just disconnected!!!
   74.263     | [HP=17/MA=14]:/xexp 25000
   74.263     | You have progressed too far without training to acquire anymore experience!
   74.263     | [HP=17/MA=14]:
   74.263     | [xexp] granted 25000 experience via _ADD_EXPERIENCE.
   77.868 --- refill purse (stall-proof) ---
   77.868     | /xcash 500000 copper
   77.868     | [xcash] copper: 499894 -> 500000; type 'i' to confirm.
   81.477 --- to healer ---
   81.477     | /xgoto 2190 1
   81.477     | [xgoto] 1/2190 -> 1/2190; type 'look'.
   85.894 --- heal to full ---
   85.894     | buy healing
   85.894     | You hand over 36 copper farthings and all your wounds are healed.
   85.894     | [HP=35/MA=14]:
   89.524 --- max-hp check ---
   89.524     | st
   89.524     | Name: Bard Minstrel                    Lives/CP:      9/120
   89.524     | Race: Human       Exp: 25000           Perception:     40
   89.524     | Class: Bard       Level: 3             Stealth:        47
   89.524     | Hits:    35/35    Armour Class:   0/0  Thievery:       32
   89.524     | Mana:    14/18    Spellcasting: 42     Traps:          34
   89.524     |                                        Picklocks:      31
   89.524     | Strength:  40     Agility: 40          Tracking:        0
   89.524     | Intellect: 40     Health:  40          Martial Arts:   13
   89.524     | Willpower: 40     Charm:   40          MagicRes:       40
   89.524     | [HP=35/MA=14]:
   96.953 --- train burst ---
   96.953     | /xgoto 289 1
   96.953     | [xgoto] 1/2190 -> 1/289; type 'look'.
   96.953     | The river bashes you up against some rocks!
   96.953     | train
   96.953     | You hand over 150 copper farthings and you receive training to attain level 4.
   96.953     | You receive the following:
   96.953     | 10 additional character points
   96.953     | [HP=15/MA=14]:/xgoto 2190 1
   96.953     | [xgoto] 1/289 -> 1/2190; type 'look'.
   96.953     | [HP=16/MA=16]:
  100.567 --- stats ---
  100.567     | st
  100.567     | Name: Bard Minstrel                    Lives/CP:      9/130
  100.567     | Race: Human       Exp: 25000           Perception:     40
  100.567     | Class: Bard       Level: 4             Stealth:        49
  100.567     | Hits:    16/40    Armour Class:   0/0  Thievery:       36
  100.567     | Mana:    16/22    Spellcasting: 44     Traps:          38
  100.567     |                                        Picklocks:      34
  100.567     | Strength:  40     Agility: 40          Tracking:        0
  100.567     | Intellect: 40     Health:  40          Martial Arts:   13
  100.567     | Willpower: 40     Charm:   40          MagicRes:       40
  100.567     | [HP=16/MA=16]:
  100.567 level now 4
  104.191 --- top up exp (stall-proof) ---
  104.191     | /xexp 25000
  104.191     | You gain 25000 experience.
  104.191     | [HP=16/MA=16]:
  104.191     | [xexp] granted 25000 experience via _ADD_EXPERIENCE.
  107.801 --- refill purse (stall-proof) ---
  107.801     | /xcash 500000 copper
  107.801     | [xcash] copper: 499814 -> 500000; type 'i' to confirm.
  111.411 --- to healer ---
  111.411     | /xgoto 2190 1
  111.411     | [xgoto] 1/2190 -> 1/2190; type 'look'.
  115.826 --- heal to full ---
  115.826     | buy healing
  115.826     | You hand over 48 copper farthings and all your wounds are healed.
  115.826     | [HP=40/MA=16]:
  119.437 --- max-hp check ---
  119.437     | st
  119.437     | Name: Bard Minstrel                    Lives/CP:      9/130
  119.437     | Race: Human       Exp: 50000           Perception:     40
  119.437     | Class: Bard       Level: 4             Stealth:        49
  119.437     | Hits:    40/40    Armour Class:   0/0  Thievery:       36
  119.437     | Mana:    16/22    Spellcasting: 44     Traps:          38
  119.437     |                                        Picklocks:      34
  119.437     | Strength:  40     Agility: 40          Tracking:        0
  119.437     | Intellect: 40     Health:  40          Martial Arts:   13
  119.437     | Willpower: 40     Charm:   40          MagicRes:       40
  119.437     | [HP=40/MA=16]:
  126.874 --- train burst ---
  126.874     | /xgoto 289 1
  126.874     | [xgoto] 1/2190 -> 1/289; type 'look'.
  126.874     | train
  126.874     | You hand over 200 copper farthings and you receive training to attain level 5.
  126.874     | You receive the following:
  126.874     | 10 additional character points
  126.874     | [HP=40/MA=16]:The river bashes you up against some rocks!
  126.874     | /xgoto 2190 1
  126.874     | [xgoto] 1/289 -> 1/2190; type 'look'.
  126.874     | [HP=25/MA=18]:
  130.484 --- stats ---
  130.484     | st
  130.484     | Name: Bard Minstrel                    Lives/CP:      9/140
  130.484     | Race: Human       Exp: 50000           Perception:     40
  130.484     | Class: Bard       Level: 5             Stealth:        51
  130.484     | Hits:    25/46    Armour Class:   0/0  Thievery:       40
  130.484     | Mana:    18/26    Spellcasting: 46     Traps:          42
  130.484     |                                        Picklocks:      37
  130.484     | Strength:  40     Agility: 40          Tracking:        0
  130.484     | Intellect: 40     Health:  40          Martial Arts:   14
  130.484     | Willpower: 40     Charm:   40          MagicRes:       40
  130.484     | [HP=25/MA=18]:
  130.484 level now 5
  134.094 --- top up exp (stall-proof) ---
  134.094     | /xexp 25000
  134.094     | You gain 25000 experience.
  134.094     | [HP=25/MA=18]:
  134.094     | [xexp] granted 25000 experience via _ADD_EXPERIENCE.
  137.704 --- refill purse (stall-proof) ---
  137.704     | /xcash 500000 copper
  137.704     | [xcash] copper: 499752 -> 500000; type 'i' to confirm.
  141.321 --- to healer ---
  141.321     | /xgoto 2190 1
  141.321     | [xgoto] 1/2190 -> 1/2190; type 'look'.
  145.733 --- heal to full ---
  145.733     | buy healing
  145.733     | You hand over 42 copper farthings and all your wounds are healed.
  145.733     | [HP=46/MA=18]:
  149.344 --- max-hp check ---
  149.344     | st
  149.344     | Name: Bard Minstrel                    Lives/CP:      9/140
  149.344     | Race: Human       Exp: 75000           Perception:     40
  149.344     | Class: Bard       Level: 5             Stealth:        51
  149.344     | Hits:    46/46    Armour Class:   0/0  Thievery:       40
  149.344     | Mana:    18/26    Spellcasting: 46     Traps:          42
  149.344     |                                        Picklocks:      37
  149.344     | Strength:  40     Agility: 40          Tracking:        0
  149.344     | Intellect: 40     Health:  40          Martial Arts:   14
  149.344     | Willpower: 40     Charm:   40          MagicRes:       40
  149.344     | [HP=46/MA=18]:
  156.851 --- train burst ---
  156.851     | /xgoto 289 1
  156.851     | [xgoto] 1/2190 -> 1/289; type 'look'.
  156.851     | train
  156.851     | You hand over 250 copper farthings and you receive training to attain level 6.
  156.851     | You receive the following:
  156.851     | 10 additional character points
  156.851     | [HP=46/MA=18]:The river bashes you up against some rocks!
  156.851     | /xgoto 2190 1
  156.851     | [xgoto] 1/289 -> 1/2190; type 'look'.
  156.851     | [HP=34/MA=20]:
  160.461 --- stats ---
  160.461     | st
  160.461     | Name: Bard Minstrel                    Lives/CP:      9/150
  160.461     | Race: Human       Exp: 75000           Perception:     40
  160.461     | Class: Bard       Level: 6             Stealth:        53
  160.461     | Hits:    34/52    Armour Class:   0/0  Thievery:       44
  160.461     | Mana:    20/30    Spellcasting: 48     Traps:          46
  160.461     |                                        Picklocks:      40
  160.461     | Strength:  40     Agility: 40          Tracking:        0
  160.461     | Intellect: 40     Health:  40          Martial Arts:   14
  160.461     | Willpower: 40     Charm:   40          MagicRes:       40
  160.461     | [HP=34/MA=20]:
  160.461 level now 6
  164.071 --- top up exp (stall-proof) ---
  164.071     | /xexp 25000
  164.071     | You gain 25000 experience.
  164.071     | [HP=34/MA=20]:
  164.071     | [xexp] granted 25000 experience via _ADD_EXPERIENCE.
  167.681 --- refill purse (stall-proof) ---
  167.681     | /xcash 500000 copper
  167.681     | [xcash] copper: 499708 -> 500000; type 'i' to confirm.
  171.293 --- to healer ---
  171.293     | /xgoto 2190 1
  171.293     | [xgoto] 1/2190 -> 1/2190; type 'look'.
  175.704 --- heal to full ---
  175.704     | buy healing
  175.704     | You hand over 36 copper farthings and all your wounds are healed.
  175.704     | [HP=52/MA=20]:
  179.313 --- max-hp check ---
  179.313     | st
  179.313     | Name: Bard Minstrel                    Lives/CP:      9/150
  179.313     | Race: Human       Exp: 100000          Perception:     40
  179.313     | Class: Bard       Level: 6             Stealth:        53
  179.313     | Hits:    52/52    Armour Class:   0/0  Thievery:       44
  179.313     | Mana:    20/30    Spellcasting: 48     Traps:          46
  179.313     |                                        Picklocks:      40
  179.313     | Strength:  40     Agility: 40          Tracking:        0
  179.313     | Intellect: 40     Health:  40          Martial Arts:   14
  179.313     | Willpower: 40     Charm:   40          MagicRes:       40
  179.313     | [HP=52/MA=20]:
  186.926 --- train burst ---
  186.926     | /xgoto 289 1
  186.926     | [xgoto] 1/2190 -> 1/289; type 'look'.
  186.926     | train
  186.926     | You hand over 300 copper farthings and you receive training to attain level 7.
  186.926     | You receive the following:
  186.926     | 10 additional character points
  186.926     | [HP=52/MA=20]:/xgoto 2190 1
  186.926     | [xgoto] 1/289 -> 1/2190; type 'look'.
  190.534 --- stats ---
  190.534     | [HP=53/MA=22]:st
  190.534     | Name: Bard Minstrel                    Lives/CP:      9/160
  190.534     | Race: Human       Exp: 100000          Perception:     40
  190.534     | Class: Bard       Level: 7             Stealth:        55
  190.534     | Hits:    53/55    Armour Class:   0/0  Thievery:       48
  190.534     | Mana:    22/34    Spellcasting: 50     Traps:          50
  190.534     |                                        Picklocks:      42
  190.534     | Strength:  40     Agility: 40          Tracking:        0
  190.534     | Intellect: 40     Health:  40          Martial Arts:   14
  190.534     | Willpower: 40     Charm:   40          MagicRes:       40
  190.534     | [HP=53/MA=22]:
  190.534 level now 7
  194.144 --- top up exp (stall-proof) ---
  194.144     | /xexp 25000
  194.144     | You gain 25000 experience.
  194.144     | [HP=53/MA=22]:
  194.144     | [xexp] granted 25000 experience via _ADD_EXPERIENCE.
  197.754 --- refill purse (stall-proof) ---
  197.754     | /xcash 500000 copper
  197.754     | [xcash] copper: 499664 -> 500000; type 'i' to confirm.
  201.364 --- to healer ---
  201.364     | /xgoto 2190 1
  201.364     | [xgoto] 1/2190 -> 1/2190; type 'look'.
  205.778 --- heal to full ---
  205.778     | buy healing
  205.778     | You hand over 4 copper farthings and all your wounds are healed.
  205.778     | [HP=55/MA=22]:
  209.388 --- max-hp check ---
  209.388     | st
  209.388     | Name: Bard Minstrel                    Lives/CP:      9/160
  209.388     | Race: Human       Exp: 125000          Perception:     40
  209.388     | Class: Bard       Level: 7             Stealth:        55
  209.388     | Hits:    55/55    Armour Class:   0/0  Thievery:       48
  209.388     | Mana:    22/34    Spellcasting: 50     Traps:          50
  209.388     |                                        Picklocks:      42
  209.388     | Strength:  40     Agility: 40          Tracking:        0
  209.388     | Intellect: 40     Health:  40          Martial Arts:   14
  209.388     | Willpower: 40     Charm:   40          MagicRes:       40
  209.388     | [HP=55/MA=22]:
  217.003 --- train burst ---
  217.003     | /xgoto 289 1
  217.003     | [xgoto] 1/2190 -> 1/289; type 'look'.
  217.003     | train
  217.003     | You hand over 350 copper farthings and you receive training to attain level 8.
  217.003     | You receive the following:
  217.003     | 10 additional character points
  217.003     | [HP=55/MA=22]:/xgoto 2190 1
  217.003     | [xgoto] 1/289 -> 1/2190; type 'look'.
  220.613 --- stats ---
  220.613     | [HP=56/MA=24]:st
  220.613     | Name: Bard Minstrel                    Lives/CP:      9/170
  220.613     | Race: Human       Exp: 125000          Perception:     40
  220.613     | Class: Bard       Level: 8             Stealth:        57
  220.613     | Hits:    56/61    Armour Class:   0/0  Thievery:       52
  220.613     | Mana:    24/38    Spellcasting: 52     Traps:          54
  220.613     |                                        Picklocks:      45
  220.613     | Strength:  40     Agility: 40          Tracking:        0
  220.613     | Intellect: 40     Health:  40          Martial Arts:   14
  220.613     | Willpower: 40     Charm:   40          MagicRes:       40
  220.613     | [HP=56/MA=24]:
  220.613 level now 8
  224.223 --- top up exp (stall-proof) ---
  224.224     | /xexp 25000
  224.224     | You gain 25000 experience.
  224.224     | [HP=56/MA=24]:
  224.224     | [xexp] granted 25000 experience via _ADD_EXPERIENCE.
  227.834 --- refill purse (stall-proof) ---
  227.834     | /xcash 500000 copper
  227.834     | [xcash] copper: 499646 -> 500000; type 'i' to confirm.
  231.442 --- to healer ---
  231.442     | /xgoto 2190 1
  231.442     | [xgoto] 1/2190 -> 1/2190; type 'look'.
  235.854 --- heal to full ---
  235.854     | buy healing
  235.854     | You hand over 10 copper farthings and all your wounds are healed.
  235.854     | [HP=61/MA=24]:
  239.465 --- max-hp check ---
  239.465     | st
  239.465     | Name: Bard Minstrel                    Lives/CP:      9/170
  239.465     | Race: Human       Exp: 150000          Perception:     40
  239.465     | Class: Bard       Level: 8             Stealth:        57
  239.465     | Hits:    61/61    Armour Class:   0/0  Thievery:       52
  239.465     | Mana:    24/38    Spellcasting: 52     Traps:          54
  239.465     |                                        Picklocks:      45
  239.465     | Strength:  40     Agility: 40          Tracking:        0
  239.465     | Intellect: 40     Health:  40          Martial Arts:   14
  239.465     | Willpower: 40     Charm:   40          MagicRes:       40
  239.465     | [HP=61/MA=24]:
  247.078 --- train burst ---
  247.078     | /xgoto 289 1
  247.078     | [xgoto] 1/2190 -> 1/289; type 'look'.
  247.078     | train
  247.078     | You hand over 400 copper farthings and you receive training to attain level 9.
  247.078     | You receive the following:
  247.078     | 10 additional character points
  247.078     | [HP=61/MA=24]:/xgoto 2190 1
  247.078     | [xgoto] 1/289 -> 1/2190; type 'look'.
  250.741 --- stats ---
  250.741     | st
  250.741     | Name: Bard Minstrel                    Lives/CP:      9/180
  250.741     | Race: Human       Exp: 150000          Perception:     40
  250.741     | Class: Bard       Level: 9             Stealth:        59
  250.741     | Hits:    61/67    Armour Class:   0/0  Thievery:       56
  250.741     | Mana:    24/42    Spellcasting: 54     Traps:          58
  250.741     |                                        Picklocks:      48
  250.741     | Strength:  40     Agility: 40          Tracking:        0
  250.741     | Intellect: 40     Health:  40          Martial Arts:   14
  250.741     | Willpower: 40     Charm:   40          MagicRes:       40
  250.741     | [HP=61/MA=24]:[HP=62/MA=26]:
  250.741 level now 9
  254.351 --- top up exp (stall-proof) ---
  254.351     | /xexp 25000
  254.351     | You gain 25000 experience.
  254.351     | [HP=62/MA=26]:
  254.351     | [xexp] granted 25000 experience via _ADD_EXPERIENCE.
  257.961 --- refill purse (stall-proof) ---
  257.961     | /xcash 500000 copper
  257.961     | [xcash] copper: 499590 -> 500000; type 'i' to confirm.
  261.571 --- to healer ---
  261.571     | /xgoto 2190 1
  261.571     | [xgoto] 1/2190 -> 1/2190; type 'look'.
  265.984 --- heal to full ---
  265.984     | buy healing
  265.984     | You hand over 10 copper farthings and all your wounds are healed.
  265.984     | [HP=67/MA=26]:
  269.596 --- max-hp check ---
  269.596     | st
  269.596     | Name: Bard Minstrel                    Lives/CP:      9/180
  269.596     | Race: Human       Exp: 175000          Perception:     40
  269.596     | Class: Bard       Level: 9             Stealth:        59
  269.596     | Hits:    67/67    Armour Class:   0/0  Thievery:       56
  269.596     | Mana:    26/42    Spellcasting: 54     Traps:          58
  269.596     |                                        Picklocks:      48
  269.596     | Strength:  40     Agility: 40          Tracking:        0
  269.596     | Intellect: 40     Health:  40          Martial Arts:   14
  269.596     | Willpower: 40     Charm:   40          MagicRes:       40
  269.596     | [HP=67/MA=26]:
  277.211 --- train burst ---
  277.211     | Salad just entered the Realm.
  277.211     | [HP=67/MA=26]:/xgoto 289 1
  277.211     | [xgoto] 1/2190 -> 1/289; type 'look'.
  277.211     | train
  277.211     | You hand over 450 copper farthings and you receive training to attain level 10.
  277.211     | You receive the following:
  277.211     | 10 additional character points
  277.211     | [HP=67/MA=26]:/xgoto 2190 1
  277.211     | [xgoto] 1/289 -> 1/2190; type 'look'.
  281.039 --- stats ---
  281.039     | st
  281.039     | Name: Bard Minstrel                    Lives/CP:      9/190
  281.039     | Race: Human       Exp: 175000          Perception:     40
  281.039     | Class: Bard       Level: 10            Stealth:        61
  281.039     | Hits:    67/71    Armour Class:   0/0  Thievery:       60
  281.039     | Mana:    26/46    Spellcasting: 56     Traps:          62
  281.039     |                                        Picklocks:      51
  281.039     | Strength:  40     Agility: 40          Tracking:        0
  281.039     | Intellect: 40     Health:  40          Martial Arts:   15
  281.039     | Willpower: 40     Charm:   40          MagicRes:       40
  281.040     | [HP=67/MA=26]:[HP=68/MA=28]:
  281.040 level now 10
  284.650 --- top up exp (stall-proof) ---
  284.650     | /xexp 25000
  284.650     | You gain 25000 experience.
  284.650     | [HP=68/MA=28]:
  284.650     | [xexp] granted 25000 experience via _ADD_EXPERIENCE.
  288.261 --- refill purse (stall-proof) ---
  288.261     | /xcash 500000 copper
  288.261     | [xcash] copper: 499540 -> 500000; type 'i' to confirm.
  291.870 --- to healer ---
  291.870     | /xgoto 2190 1
  291.870     | [xgoto] 1/2190 -> 1/2190; type 'look'.
  296.284 --- heal to full ---
  296.284     | buy healing
  296.284     | You hand over 6 copper farthings and all your wounds are healed.
  296.284     | [HP=71/MA=28]:
  299.896 --- max-hp check ---
  299.896     | st
  299.896     | Name: Bard Minstrel                    Lives/CP:      9/190
  299.896     | Race: Human       Exp: 200000          Perception:     40
  299.896     | Class: Bard       Level: 10            Stealth:        61
  299.896     | Hits:    71/71    Armour Class:   0/0  Thievery:       60
  299.896     | Mana:    28/46    Spellcasting: 56     Traps:          62
  299.896     |                                        Picklocks:      51
  299.896     | Strength:  40     Agility: 40          Tracking:        0
  299.896     | Intellect: 40     Health:  40          Martial Arts:   15
  299.896     | Willpower: 40     Charm:   40          MagicRes:       40
  299.896     | [HP=71/MA=28]:
  307.511 --- train burst ---
  307.511     | /xgoto 289 1
  307.511     | [xgoto] 1/2190 -> 1/289; type 'look'.
  307.511     | train
  307.511     | You do not have the required experience to train yet!
  307.511     | [HP=71/MA=28]:/xgoto 2190 1
  307.511     | [xgoto] 1/289 -> 1/2190; type 'look'.
  311.371 --- stats ---
  311.371     | st
  311.371     | Name: Bard Minstrel                    Lives/CP:      9/190
  311.371     | Race: Human       Exp: 200000          Perception:     40
  311.371     | Class: Bard       Level: 10            Stealth:        61
  311.371     | Hits:    71/71    Armour Class:   0/0  Thievery:       60
  311.371     | Mana:    28/46    Spellcasting: 56     Traps:          62
  311.371     |                                        Picklocks:      51
  311.371     | Strength:  40     Agility: 40          Tracking:        0
  311.371     | Intellect: 40     Health:  40          Martial Arts:   15
  311.371     | Willpower: 40     Charm:   40          MagicRes:       40
  311.371     | [HP=71/MA=28]:[HP=71/MA=30]:
  311.371 level now 10
  314.981 --- top up exp (stall-proof) ---
  314.981     | /xexp 25000
  314.981     | You gain 25000 experience.
  314.981     | [HP=71/MA=30]:
  314.981     | [xexp] granted 25000 experience via _ADD_EXPERIENCE.
  318.590 --- refill purse (stall-proof) ---
  318.590     | /xcash 500000 copper
  318.590     | [xcash] copper: 499994 -> 500000; type 'i' to confirm.
  322.202 --- to healer ---
  322.202     | /xgoto 2190 1
  322.202     | [xgoto] 1/2190 -> 1/2190; type 'look'.
  326.615 --- heal to full ---
  326.615     | buy healing
  326.615     | You hand over nothing and all your wounds are healed.
  326.615     | [HP=71/MA=30]:
  330.226 --- max-hp check ---
  330.226     | st
  330.226     | Name: Bard Minstrel                    Lives/CP:      9/190
  330.226     | Race: Human       Exp: 225000          Perception:     40
  330.226     | Class: Bard       Level: 10            Stealth:        61
  330.226     | Hits:    71/71    Armour Class:   0/0  Thievery:       60
  330.226     | Mana:    30/46    Spellcasting: 56     Traps:          62
  330.226     |                                        Picklocks:      51
  330.226     | Strength:  40     Agility: 40          Tracking:        0
  330.226     | Intellect: 40     Health:  40          Martial Arts:   15
  330.226     | Willpower: 40     Charm:   40          MagicRes:       40
  330.226     | [HP=71/MA=30]:
  337.841 --- train burst ---
  337.841     | /xgoto 289 1
  337.841     | [xgoto] 1/2190 -> 1/289; type 'look'.
  337.841     | The river bashes you up against some rocks!
  337.841     | train
  337.841     | You do not have the required experience to train yet!
  337.841     | [HP=55/MA=30]:/xgoto 2190 1
  337.841     | [xgoto] 1/289 -> 1/2190; type 'look'.
  341.721 --- stats ---
  341.721     | st
  341.721     | Name: Bard Minstrel                    Lives/CP:      9/190
  341.721     | Race: Human       Exp: 225000          Perception:     40
  341.721     | Class: Bard       Level: 10            Stealth:        61
  341.721     | Hits:    55/71    Armour Class:   0/0  Thievery:       60
  341.721     | Mana:    30/46    Spellcasting: 56     Traps:          62
  341.721     |                                        Picklocks:      51
  341.721     | Strength:  40     Agility: 40          Tracking:        0
  341.721     | Intellect: 40     Health:  40          Martial Arts:   15
  341.721     | Willpower: 40     Charm:   40          MagicRes:       40
  341.721     | [HP=55/MA=30]:[HP=56/MA=32]:
  341.721 level now 10
  345.336 --- top up exp (stall-proof) ---
  345.336     | /xexp 25000
  345.336     | You gain 25000 experience.
  345.336     | [HP=56/MA=32]:
  345.336     | [xexp] granted 25000 experience via _ADD_EXPERIENCE.
  348.948 --- refill purse (stall-proof) ---
  348.948     | /xcash 500000 copper
  348.948     | [xcash] copper: 500000 -> 500000; type 'i' to confirm.
  352.560 --- to healer ---
  352.560     | /xgoto 2190 1
  352.560     | [xgoto] 1/2190 -> 1/2190; type 'look'.
  356.974 --- heal to full ---
  356.974     | buy healing
  356.974     | You hand over 30 copper farthings and all your wounds are healed.
  356.974     | [HP=71/MA=32]:
  360.586 --- max-hp check ---
  360.586     | st
  360.586     | Name: Bard Minstrel                    Lives/CP:      9/190
  360.586     | Race: Human       Exp: 250000          Perception:     40
  360.586     | Class: Bard       Level: 10            Stealth:        61
  360.586     | Hits:    71/71    Armour Class:   0/0  Thievery:       60
  360.586     | Mana:    32/46    Spellcasting: 56     Traps:          62
  360.586     |                                        Picklocks:      51
  360.586     | Strength:  40     Agility: 40          Tracking:        0
  360.586     | Intellect: 40     Health:  40          Martial Arts:   15
  360.586     | Willpower: 40     Charm:   40          MagicRes:       40
  360.586     | [HP=71/MA=32]:
  368.204 --- train burst ---
  368.204     | /xgoto 289 1
  368.204     | [xgoto] 1/2190 -> 1/289; type 'look'.
  368.204     | The river bashes you up against some rocks!
  368.204     | train
  368.204     | You do not have the required experience to train yet!
  368.204     | [HP=57/MA=32]:/xgoto 2190 1
  368.204     | [xgoto] 1/289 -> 1/2190; type 'look'.
  371.817 --- stats ---
  371.818     | st
  371.818     | Name: Bard Minstrel                    Lives/CP:      9/190
  371.818     | Race: Human       Exp: 250000          Perception:     40
  371.818     | Class: Bard       Level: 10            Stealth:        61
  371.818     | Hits:    57/71    Armour Class:   0/0  Thievery:       60
  371.818     | Mana:    32/46    Spellcasting: 56     Traps:          62
  371.818     |                                        Picklocks:      51
  371.818     | Strength:  40     Agility: 40          Tracking:        0
  371.818     | Intellect: 40     Health:  40          Martial Arts:   15
  371.818     | Willpower: 40     Charm:   40          MagicRes:       40
  371.818     | [HP=57/MA=32]:
  371.818 level now 10
  375.425 --- top up exp (stall-proof) ---
  375.425     | [HP=58/MA=34]:/xexp 25000
  375.425     | You gain 25000 experience.
  375.425     | [HP=58/MA=34]:
  375.425     | [xexp] granted 25000 experience via _ADD_EXPERIENCE.
  379.036 --- refill purse (stall-proof) ---
  379.036     | /xcash 500000 copper
  379.036     | [xcash] copper: 499970 -> 500000; type 'i' to confirm.
  382.652 --- to healer ---
  382.652     | /xgoto 2190 1
  382.652     | [xgoto] 1/2190 -> 1/2190; type 'look'.
  387.067 --- heal to full ---
  387.067     | buy healing
  387.067     | You hand over 26 copper farthings and all your wounds are healed.
  387.068     | [HP=71/MA=34]:
  390.680 --- max-hp check ---
  390.680     | st
  390.680     | Name: Bard Minstrel                    Lives/CP:      9/190
  390.680     | Race: Human       Exp: 275000          Perception:     40
  390.680     | Class: Bard       Level: 10            Stealth:        61
  390.680     | Hits:    71/71    Armour Class:   0/0  Thievery:       60
  390.680     | Mana:    34/46    Spellcasting: 56     Traps:          62
  390.680     |                                        Picklocks:      51
  390.680     | Strength:  40     Agility: 40          Tracking:        0
  390.680     | Intellect: 40     Health:  40          Martial Arts:   15
  390.680     | Willpower: 40     Charm:   40          MagicRes:       40
  390.680     | [HP=71/MA=34]:
  398.293 --- train burst ---
  398.293     | /xgoto 289 1
  398.293     | [xgoto] 1/2190 -> 1/289; type 'look'.
  398.293     | The river bashes you up against some rocks!
  398.293     | train
  398.293     | You hand over 500 copper farthings and you receive training to attain level 11.
  398.293     | You receive the following:
  398.293     | 15 additional character points
  398.293     | [HP=58/MA=34]:/xgoto 2190 1
  398.293     | [xgoto] 1/289 -> 1/2190; type 'look'.
  401.904 --- stats ---
  401.904     | st
  401.904     | Name: Bard Minstrel                    Lives/CP:      9/205
  401.904     | Race: Human       Exp: 275000          Perception:     40
  401.904     | Class: Bard       Level: 11            Stealth:        63
  401.904     | Hits:    58/78    Armour Class:   0/0  Thievery:       64
  401.904     | Mana:    34/50    Spellcasting: 58     Traps:          66
  401.904     |                                        Picklocks:      54
  401.904     | Strength:  40     Agility: 40          Tracking:        0
  401.904     | Intellect: 40     Health:  40          Martial Arts:   15
  401.904     | Willpower: 40     Charm:   40          MagicRes:       40
  401.904     | [HP=58/MA=34]:
  401.904 level now 11
  405.513 --- top up exp (stall-proof) ---
  405.513     | [HP=59/MA=37]:/xexp 25000
  405.513     | You gain 25000 experience.
  405.513     | [HP=59/MA=37]:
  405.513     | [xexp] granted 25000 experience via _ADD_EXPERIENCE.
  409.124 --- refill purse (stall-proof) ---
  409.124     | /xcash 500000 copper
  409.124     | [xcash] copper: 499474 -> 500000; type 'i' to confirm.
  412.734 --- to healer ---
  412.734     | /xgoto 2190 1
  412.734     | [xgoto] 1/2190 -> 1/2190; type 'look'.
  417.148 --- heal to full ---
  417.148     | buy healing
  417.148     | You hand over 38 copper farthings and all your wounds are healed.
  417.148     | [HP=78/MA=37]:
  420.761 --- max-hp check ---
  420.761     | st
  420.761     | Name: Bard Minstrel                    Lives/CP:      9/205
  420.761     | Race: Human       Exp: 300000          Perception:     40
  420.761     | Class: Bard       Level: 11            Stealth:        63
  420.761     | Hits:    78/78    Armour Class:   0/0  Thievery:       64
  420.761     | Mana:    37/50    Spellcasting: 58     Traps:          66
  420.761     |                                        Picklocks:      54
  420.761     | Strength:  40     Agility: 40          Tracking:        0
  420.761     | Intellect: 40     Health:  40          Martial Arts:   15
  420.761     | Willpower: 40     Charm:   40          MagicRes:       40
  420.761     | [HP=78/MA=37]:
  428.378 --- train burst ---
  428.378     | /xgoto 289 1
  428.378     | [xgoto] 1/2190 -> 1/289; type 'look'.
  428.378     | train
  428.378     | You do not have the required experience to train yet!
  428.378     | [HP=78/MA=37]:The river bashes you up against some rocks!
  428.378     | /xgoto 2190 1
  428.378     | [xgoto] 1/289 -> 1/2190; type 'look'.
  431.988 --- stats ---
  431.988     | st
  431.988     | Name: Bard Minstrel                    Lives/CP:      9/205
  431.988     | Race: Human       Exp: 300000          Perception:     40
  431.988     | Class: Bard       Level: 11            Stealth:        63
  431.988     | Hits:    62/78    Armour Class:   0/0  Thievery:       64
  431.988     | Mana:    37/50    Spellcasting: 58     Traps:          66
  431.988     |                                        Picklocks:      54
  431.988     | Strength:  40     Agility: 40          Tracking:        0
  431.988     | Intellect: 40     Health:  40          Martial Arts:   15
  431.988     | Willpower: 40     Charm:   40          MagicRes:       40
  431.988     | [HP=62/MA=37]:
  431.988 level now 11
  435.601 --- top up exp (stall-proof) ---
  435.601     | [HP=63/MA=40]:/xexp 25000
  435.601     | You gain 25000 experience.
  435.601     | [HP=63/MA=40]:
  435.601     | [xexp] granted 25000 experience via _ADD_EXPERIENCE.
  439.220 --- refill purse (stall-proof) ---
  439.220     | /xcash 500000 copper
  439.220     | [xcash] copper: 499962 -> 500000; type 'i' to confirm.
  442.831 --- to healer ---
  442.831     | /xgoto 2190 1
  442.831     | [xgoto] 1/2190 -> 1/2190; type 'look'.
  447.246 --- heal to full ---
  447.246     | buy healing
  447.246     | You hand over 30 copper farthings and all your wounds are healed.
  447.246     | [HP=78/MA=40]:
  450.868 --- max-hp check ---
  450.868     | st
  450.868     | Name: Bard Minstrel                    Lives/CP:      9/205
  450.868     | Race: Human       Exp: 325000          Perception:     40
  450.868     | Class: Bard       Level: 11            Stealth:        63
  450.868     | Hits:    78/78    Armour Class:   0/0  Thievery:       64
  450.868     | Mana:    40/50    Spellcasting: 58     Traps:          66
  450.868     |                                        Picklocks:      54
  450.868     | Strength:  40     Agility: 40          Tracking:        0
  450.868     | Intellect: 40     Health:  40          Martial Arts:   15
  450.868     | Willpower: 40     Charm:   40          MagicRes:       40
  450.868     | [HP=78/MA=40]:
  458.482 --- train burst ---
  458.482     | /xgoto 289 1
  458.482     | [xgoto] 1/2190 -> 1/289; type 'look'.
  458.482     | train
  458.482     | You do not have the required experience to train yet!
  458.482     | [HP=78/MA=40]:The river bashes you up against some rocks!
  458.482     | /xgoto 2190 1
  458.482     | [xgoto] 1/289 -> 1/2190; type 'look'.
  462.093 --- stats ---
  462.093     | st
  462.093     | Name: Bard Minstrel                    Lives/CP:      9/205
  462.093     | Race: Human       Exp: 325000          Perception:     40
  462.093     | Class: Bard       Level: 11            Stealth:        63
  462.093     | Hits:    67/78    Armour Class:   0/0  Thievery:       64
  462.093     | Mana:    40/50    Spellcasting: 58     Traps:          66
  462.093     |                                        Picklocks:      54
  462.093     | Strength:  40     Agility: 40          Tracking:        0
  462.093     | Intellect: 40     Health:  40          Martial Arts:   15
  462.093     | Willpower: 40     Charm:   40          MagicRes:       40
  462.093     | [HP=67/MA=40]:
  462.093 level now 11
  465.793 --- top up exp (stall-proof) ---
  465.793     | /xexp 25000
  465.793     | You gain 25000 experience.
  465.793     | [HP=67/MA=40]:
  465.793     | [xexp] granted 25000 experience via _ADD_EXPERIENCE.
  465.793     | [HP=68/MA=43]:
  469.411 --- refill purse (stall-proof) ---
  469.411     | /xcash 500000 copper
  469.411     | [xcash] copper: 499970 -> 500000; type 'i' to confirm.
  473.027 --- to healer ---
  473.027     | /xgoto 2190 1
  473.027     | [xgoto] 1/2190 -> 1/2190; type 'look'.
  477.453 --- heal to full ---
  477.453     | buy healing
  477.453     | You hand over 20 copper farthings and all your wounds are healed.
  477.453     | [HP=78/MA=43]:
  481.070 --- max-hp check ---
  481.070     | st
  481.070     | Name: Bard Minstrel                    Lives/CP:      9/205
  481.070     | Race: Human       Exp: 350000          Perception:     40
  481.070     | Class: Bard       Level: 11            Stealth:        63
  481.070     | Hits:    78/78    Armour Class:   0/0  Thievery:       64
  481.070     | Mana:    43/50    Spellcasting: 58     Traps:          66
  481.070     |                                        Picklocks:      54
  481.070     | Strength:  40     Agility: 40          Tracking:        0
  481.070     | Intellect: 40     Health:  40          Martial Arts:   15
  481.070     | Willpower: 40     Charm:   40          MagicRes:       40
  481.070     | [HP=78/MA=43]:
  488.688 --- train burst ---
  488.688     | /xgoto 289 1
  488.688     | [xgoto] 1/2190 -> 1/289; type 'look'.
  488.688     | train
  488.688     | You do not have the required experience to train yet!
  488.688     | [HP=78/MA=43]:The river bashes you up against some rocks!
  488.688     | /xgoto 2190 1
  488.688     | [xgoto] 1/289 -> 1/2190; type 'look'.
  492.296 --- stats ---
  492.296     | st
  492.296     | Name: Bard Minstrel                    Lives/CP:      9/205
  492.296     | Race: Human       Exp: 350000          Perception:     40
  492.296     | Class: Bard       Level: 11            Stealth:        63
  492.296     | Hits:    60/78    Armour Class:   0/0  Thievery:       64
  492.296     | Mana:    43/50    Spellcasting: 58     Traps:          66
  492.296     |                                        Picklocks:      54
  492.296     | Strength:  40     Agility: 40          Tracking:        0
  492.296     | Intellect: 40     Health:  40          Martial Arts:   15
  492.296     | Willpower: 40     Charm:   40          MagicRes:       40
  492.296     | [HP=60/MA=43]:
  492.296 level now 11
  496.094 --- top up exp (stall-proof) ---
  496.094     | /xexp 25000
  496.094     | You gain 25000 experience.
  496.094     | [HP=60/MA=43]:
  496.094     | [xexp] granted 25000 experience via _ADD_EXPERIENCE.
  496.094     | [HP=61/MA=46]:
  499.704 --- refill purse (stall-proof) ---
  499.704     | /xcash 500000 copper
  499.704     | [xcash] copper: 499980 -> 500000; type 'i' to confirm.
  503.330 --- to healer ---
  503.330     | /xgoto 2190 1
  503.330     | [xgoto] 1/2190 -> 1/2190; type 'look'.
  507.744 --- heal to full ---
  507.744     | buy healing
  507.744     | You hand over 34 copper farthings and all your wounds are healed.
  507.744     | [HP=78/MA=46]:
  511.358 --- max-hp check ---
  511.358     | st
  511.358     | Name: Bard Minstrel                    Lives/CP:      9/205
  511.358     | Race: Human       Exp: 375000          Perception:     40
  511.358     | Class: Bard       Level: 11            Stealth:        63
  511.358     | Hits:    78/78    Armour Class:   0/0  Thievery:       64
  511.358     | Mana:    46/50    Spellcasting: 58     Traps:          66
  511.358     |                                        Picklocks:      54
  511.358     | Strength:  40     Agility: 40          Tracking:        0
  511.358     | Intellect: 40     Health:  40          Martial Arts:   15
  511.358     | Willpower: 40     Charm:   40          MagicRes:       40
  511.358     | [HP=78/MA=46]:
  518.976 --- train burst ---
  518.976     | /xgoto 289 1
  518.976     | [xgoto] 1/2190 -> 1/289; type 'look'.
  518.976     | train
  518.976     | You do not have the required experience to train yet!
  518.976     | [HP=78/MA=46]:/xgoto 2190 1
  518.976     | [xgoto] 1/289 -> 1/2190; type 'look'.
  522.586 --- stats ---
  522.587     | st
  522.587     | Name: Bard Minstrel                    Lives/CP:      9/205
  522.587     | Race: Human       Exp: 375000          Perception:     40
  522.587     | Class: Bard       Level: 11            Stealth:        63
  522.587     | Hits:    78/78    Armour Class:   0/0  Thievery:       64
  522.587     | Mana:    46/50    Spellcasting: 58     Traps:          66
  522.587     |                                        Picklocks:      54
  522.587     | Strength:  40     Agility: 40          Tracking:        0
  522.587     | Intellect: 40     Health:  40          Martial Arts:   15
  522.587     | Willpower: 40     Charm:   40          MagicRes:       40
  522.587     | [HP=78/MA=46]:
  522.587 level now 11
  526.426 --- top up exp (stall-proof) ---
  526.426     | /xexp 25000
  526.426     | You gain 25000 experience.
  526.426     | [HP=78/MA=46]:
  526.426     | [xexp] granted 25000 experience via _ADD_EXPERIENCE.
  526.426     | [HP=78/MA=49]:
  530.044 --- refill purse (stall-proof) ---
  530.044     | /xcash 500000 copper
  530.044     | [xcash] copper: 499966 -> 500000; type 'i' to confirm.
  533.656 --- to healer ---
  533.656     | /xgoto 2190 1
  533.656     | [xgoto] 1/2190 -> 1/2190; type 'look'.
  538.108 --- heal to full ---
  538.108     | buy healing
  538.108     | You hand over nothing and all your wounds are healed.
  538.108     | [HP=78/MA=49]:
  541.735 --- max-hp check ---
  541.735     | st
  541.735     | Name: Bard Minstrel                    Lives/CP:      9/205
  541.735     | Race: Human       Exp: 400000          Perception:     40
  541.735     | Class: Bard       Level: 11            Stealth:        63
  541.735     | Hits:    78/78    Armour Class:   0/0  Thievery:       64
  541.735     | Mana:    49/50    Spellcasting: 58     Traps:          66
  541.735     |                                        Picklocks:      54
  541.735     | Strength:  40     Agility: 40          Tracking:        0
  541.735     | Intellect: 40     Health:  40          Martial Arts:   15
  541.735     | Willpower: 40     Charm:   40          MagicRes:       40
  541.735     | [HP=78/MA=49]:
  549.368 --- train burst ---
  549.368     | /xgoto 289 1
  549.368     | [xgoto] 1/2190 -> 1/289; type 'look'.
  549.368     | train
  549.368     | You hand over 550 copper farthings and you receive training to attain level 12.
  549.368     | You receive the following:
  549.368     | 15 additional character points
  549.368     | [HP=78/MA=49]:/xgoto 2190 1
  549.368     | [xgoto] 1/289 -> 1/2190; type 'look'.
  552.984 --- stats ---
  552.984     | st
  552.984     | Name: Bard Minstrel                    Lives/CP:      9/220
  552.984     | Race: Human       Exp: 400000          Perception:     40
  552.984     | Class: Bard       Level: 12            Stealth:        65
  552.984     | Hits:    78/83    Armour Class:   0/0  Thievery:       68
  552.985     | Mana:    49/54    Spellcasting: 60     Traps:          70
  552.985     |                                        Picklocks:      57
  552.985     | Strength:  40     Agility: 40          Tracking:        0
  552.985     | Intellect: 40     Health:  40          Martial Arts:   15
  552.985     | Willpower: 40     Charm:   40          MagicRes:       40
  552.985     | [HP=78/MA=49]:
  552.985 level now 12
  552.985 === level 12 reached; CP left unspent by design ===
  557.709 --- logout ---
  557.709     | x
  557.709     | You will exit after a period of silent meditation.
  557.709     | ....[HP=79/MA=52]:......
  557.710 done
